<!doctype html public "-//w3c//dtd html 4.0 transitional//en">
<html><head>
<title>Static Call Graph - [.\obj\AS568_TF8_SDCard.axf]</title></head>
<body><HR>
<H1>Static Call Graph for image .\obj\AS568_TF8_SDCard.axf</H1><HR>
<BR><P>#&#060CALLGRAPH&#062# ARM Linker, 4.1 [Build 894]: Last Updated: Sat Jan 23 06:19:46 2016
<BR><P>
<H3>Maximum Stack Usage =       3640 bytes + Unknown(Functions without stacksize, Cycles, Untraceable Function Pointers)</H3><H3>
Call chain for Maximum Stack Depth:</H3>
SD_MsgProcess &rArr; SD_CmdProc &rArr; DoAS5xxCMD &rArr; CMD_GenRSAKeyPair &rArr; FS_UpdateFile &rArr; SF_WriteData &rArr; SF_WriteBlocks &rArr; SF_BackupPage &rArr; EFC_Erase &rArr; EFC_IsEraseOK
<P>
<H3>
Functions with no stack information
</H3><UL>
 <LI><a href="#[3e]">__user_initial_stackheap</a>
</UL>
</UL>
<P>
<H3>
Mutually Recursive functions
</H3> <LI><a href="#[8]">NMI_Handler</a>&nbsp;&nbsp;&nbsp;&rArr;&nbsp;&nbsp;&nbsp;<a href="#[8]">NMI_Handler</a><BR>
 <LI><a href="#[9]">HardFault_Handler</a>&nbsp;&nbsp;&nbsp;&rArr;&nbsp;&nbsp;&nbsp;<a href="#[9]">HardFault_Handler</a><BR>
 <LI><a href="#[a]">SVC_Handler</a>&nbsp;&nbsp;&nbsp;&rArr;&nbsp;&nbsp;&nbsp;<a href="#[a]">SVC_Handler</a><BR>
 <LI><a href="#[b]">PendSV_Handler</a>&nbsp;&nbsp;&nbsp;&rArr;&nbsp;&nbsp;&nbsp;<a href="#[b]">PendSV_Handler</a><BR>
 <LI><a href="#[c]">SysTick_Handler</a>&nbsp;&nbsp;&nbsp;&rArr;&nbsp;&nbsp;&nbsp;<a href="#[c]">SysTick_Handler</a><BR>
 <LI><a href="#[1e]">ACMP_Handler</a>&nbsp;&nbsp;&nbsp;&rArr;&nbsp;&nbsp;&nbsp;<a href="#[1e]">ACMP_Handler</a><BR>
 <LI><a href="#[162]">SHA1_Update</a>&nbsp;&nbsp;&nbsp;&rArr;&nbsp;&nbsp;&nbsp;<a href="#[162]">SHA1_Update</a><BR>
 <LI><a href="#[161]">SM3_Update</a>&nbsp;&nbsp;&nbsp;&rArr;&nbsp;&nbsp;&nbsp;<a href="#[161]">SM3_Update</a><BR>
</UL>
<P>
<H3>
Function Pointers
</H3><UL>
 <LI><a href="#[1e]">ACMP_Handler</a> from startup_sy03.o(.text) referenced from startup_sy03.o(RESET)
 <LI><a href="#[11]">AEA_Handler</a> from startup_sy03.o(.text) referenced from startup_sy03.o(RESET)
 <LI><a href="#[2d]">Chap9_ClearFeature</a> from ctrlitem.o(.text) referenced from ctrlusb.o(.constdata)
 <LI><a href="#[32]">Chap9_GetConfig</a> from ctrlitem.o(.text) referenced from ctrlusb.o(.constdata)
 <LI><a href="#[31]">Chap9_GetDescriptor</a> from ctrlitem.o(.text) referenced from ctrlusb.o(.constdata)
 <LI><a href="#[34]">Chap9_GetInterface</a> from ctrlitem.o(.text) referenced from ctrlusb.o(.constdata)
 <LI><a href="#[2c]">Chap9_GetStatus</a> from ctrlitem.o(.text) referenced from ctrlusb.o(.constdata)
 <LI><a href="#[2e]">Chap9_SendACK</a> from ctrlitem.o(.text) referenced 3 times from ctrlusb.o(.constdata)
 <LI><a href="#[30]">Chap9_SetAddress</a> from ctrlitem.o(.text) referenced from ctrlusb.o(.constdata)
 <LI><a href="#[33]">Chap9_SetConfiguration</a> from ctrlitem.o(.text) referenced from ctrlusb.o(.constdata)
 <LI><a href="#[2f]">Chap9_SetFeature</a> from ctrlitem.o(.text) referenced from ctrlusb.o(.constdata)
 <LI><a href="#[35]">Chap9_SetInterface</a> from ctrlitem.o(.text) referenced from ctrlusb.o(.constdata)
 <LI><a href="#[e]">GPIO_Handler</a> from startup_sy03.o(.text) referenced from startup_sy03.o(RESET)
 <LI><a href="#[9]">HardFault_Handler</a> from startup_sy03.o(.text) referenced from startup_sy03.o(RESET)
 <LI><a href="#[19]">I2C0_Handler</a> from startup_sy03.o(.text) referenced from startup_sy03.o(RESET)
 <LI><a href="#[1c]">ISO7816_Handler</a> from startup_sy03.o(.text) referenced from startup_sy03.o(RESET)
 <LI><a href="#[8]">NMI_Handler</a> from startup_sy03.o(.text) referenced from startup_sy03.o(RESET)
 <LI><a href="#[b]">PendSV_Handler</a> from startup_sy03.o(.text) referenced from startup_sy03.o(RESET)
 <LI><a href="#[21]">RTC_Handler</a> from startup_sy03.o(.text) referenced from startup_sy03.o(RESET)
 <LI><a href="#[3c]">Reset_Handler</a> from startup_sy03.o(.text) referenced from startup_sy03.o(RESET)
 <LI><a href="#[1d]">SCI_Handler</a> from startup_sy03.o(.text) referenced from startup_sy03.o(RESET)
 <LI><a href="#[d]">SCM_Handler</a> from startup_sy03.o(.text) referenced from startup_sy03.o(RESET)
 <LI><a href="#[22]">SDI_Handler</a> from startup_sy03.o(.text) referenced from startup_sy03.o(RESET)
 <LI><a href="#[20]">SDSI_Handler</a> from sdsi.o(.text) referenced from startup_sy03.o(RESET)
 <LI><a href="#[3a]">SD_Erase</a> from sd_systemapp.o(.text) referenced from sd_systemapp.o(.data)
 <LI><a href="#[3b]">SD_FileInit</a> from sd_systemapp.o(.text) referenced from sd_systemapp.o(.data)
 <LI><a href="#[36]">SD_Init</a> from sd_systemapp.o(.text) referenced from sd_systemapp.o(.data)
 <LI><a href="#[39]">SD_MsgProcess</a> from sd_systemapp.o(.text) referenced from sd_systemapp.o(.data)
 <LI><a href="#[37]">SD_Read</a> from sd_systemapp.o(.text) referenced from sd_systemapp.o(.data)
 <LI><a href="#[38]">SD_Write</a> from sd_systemapp.o(.text) referenced from sd_systemapp.o(.data)
 <LI><a href="#[10]">SEA_Handler</a> from startup_sy03.o(.text) referenced from startup_sy03.o(RESET)
 <LI><a href="#[12]">SPI0_Handler</a> from startup_sy03.o(.text) referenced from startup_sy03.o(RESET)
 <LI><a href="#[23]">SPI1_Handler</a> from startup_sy03.o(.text) referenced from startup_sy03.o(RESET)
 <LI><a href="#[17]">SSI_Handler</a> from ssi.o(.text) referenced from startup_sy03.o(RESET)
 <LI><a href="#[a]">SVC_Handler</a> from startup_sy03.o(.text) referenced from startup_sy03.o(RESET)
 <LI><a href="#[1b]">SWPM_Handler</a> from startup_sy03.o(.text) referenced from startup_sy03.o(RESET)
 <LI><a href="#[1a]">SWPS_Handler</a> from swps.o(.text) referenced from startup_sy03.o(RESET)
 <LI><a href="#[24]">SYS_GenSramKey</a> from system_sy03.o(.text) referenced from startup_sy03.o(.text)
 <LI><a href="#[c]">SysTick_Handler</a> from startup_sy03.o(.text) referenced from startup_sy03.o(RESET)
 <LI><a href="#[25]">SystemInit</a> from system_sy03.o(.text) referenced from startup_sy03.o(.text)
 <LI><a href="#[f]">T0_Handler</a> from startup_sy03.o(.text) referenced from startup_sy03.o(RESET)
 <LI><a href="#[15]">T1_Handler</a> from startup_sy03.o(.text) referenced from startup_sy03.o(RESET)
 <LI><a href="#[16]">T2_Handler</a> from startup_sy03.o(.text) referenced from startup_sy03.o(RESET)
 <LI><a href="#[13]">TRNG_Handler</a> from startup_sy03.o(.text) referenced from startup_sy03.o(RESET)
 <LI><a href="#[18]">UART0_Handler</a> from uart.o(.text) referenced from startup_sy03.o(RESET)
 <LI><a href="#[14]">USB_Handler</a> from usbprotocol.o(.text) referenced from startup_sy03.o(RESET)
 <LI><a href="#[1f]">VPWM_Handler</a> from vpwm.o(.text) referenced from startup_sy03.o(RESET)
 <LI><a href="#[3d]">__main</a> from __main.o(!!!main) referenced from startup_sy03.o(.text)
 <LI><a href="#[2a]">_get_lc_ctype</a> from lc_ctype_c.o(locale$$code) referenced from rt_ctype_table.o(.text)
 <LI><a href="#[2b]">_printf_fp_dec_real</a> from _printf_fp_dec.o(.text) referenced from printf1.o(x$fpl$printf1)
 <LI><a href="#[28]">_printf_input_char</a> from _printf_char_common.o(.text) referenced from _printf_char_common.o(.text)
 <LI><a href="#[27]">_snputc</a> from _snputc.o(.text) referenced from c89vsnprintf.o(.text)
 <LI><a href="#[29]">fputc</a> from retarget.o(.text) referenced from _printf_char_file.o(.text)
</UL>
<P>
<H3>
Global Symbols
</H3>
<P><STRONG><a name="[3d]"></a>__main</STRONG> (Thumb, 8 bytes, Stack size 0 bytes, __main.o(!!!main))
<BR><BR>[Calls]<UL><LI><a href="#[3f]">&gt;&gt;</a>&nbsp;&nbsp;&nbsp;__scatterload
<LI><a href="#[40]">&gt;&gt;</a>&nbsp;&nbsp;&nbsp;__rt_entry
</UL>

<P><STRONG><a name="[3f]"></a>__scatterload</STRONG> (Thumb, 0 bytes, Stack size unknown bytes, __scatter.o(!!!scatter))
<BR><BR>[Called By]<UL><LI><a href="#[3d]">&gt;&gt;</a>&nbsp;&nbsp;&nbsp;__main
</UL>

<P><STRONG><a name="[41]"></a>__scatterload_rt2</STRONG> (Thumb, 52 bytes, Stack size unknown bytes, __scatter.o(!!!scatter), UNUSED)
<BR><BR>[Calls]<UL><LI><a href="#[40]">&gt;&gt;</a>&nbsp;&nbsp;&nbsp;__rt_entry
</UL>

<P><STRONG><a name="[2d8]"></a>__scatterload_rt2_thumb_only</STRONG> (Thumb, 0 bytes, Stack size unknown bytes, __scatter.o(!!!scatter), UNUSED)

<P><STRONG><a name="[2d9]"></a>__scatterload_null</STRONG> (Thumb, 0 bytes, Stack size unknown bytes, __scatter.o(!!!scatter), UNUSED)

<P><STRONG><a name="[42]"></a>__scatterload_copy</STRONG> (Thumb, 26 bytes, Stack size unknown bytes, __scatter_copy.o(!!handler_copy), UNUSED)
<BR><BR>[Calls]<UL><LI><a href="#[42]">&gt;&gt;</a>&nbsp;&nbsp;&nbsp;__scatterload_copy
</UL>
<BR>[Called By]<UL><LI><a href="#[42]">&gt;&gt;</a>&nbsp;&nbsp;&nbsp;__scatterload_copy
</UL>

<P><STRONG><a name="[2da]"></a>__scatterload_zeroinit</STRONG> (Thumb, 28 bytes, Stack size unknown bytes, __scatter_zi.o(!!handler_zi), UNUSED)

<P><STRONG><a name="[2b7]"></a>_printf_percent</STRONG> (Thumb, 0 bytes, Stack size unknown bytes, _printf_percent.o(.ARM.Collect$$_printf_percent$$00000000))
<BR><BR>[Called By]<UL><LI><a href="#[2b5]">&gt;&gt;</a>&nbsp;&nbsp;&nbsp;__printf
</UL>

<P><STRONG><a name="[43]"></a>_printf_n</STRONG> (Thumb, 0 bytes, Stack size unknown bytes, _printf_n.o(.ARM.Collect$$_printf_percent$$00000001))
<BR><BR>[Stack]<UL><LI>Max Depth = 96 + Unknown Stack Size
<LI>Call Chain = _printf_n &rArr; _printf_p &rArr; _printf_f &rArr; _printf_e &rArr; _printf_g &rArr; _printf_a &rArr; _printf_ll &rArr; _printf_i &rArr; _printf_d &rArr; _printf_u &rArr; _printf_o &rArr; _printf_x &rArr; _printf_int_hex &rArr; _printf_longlong_hex &rArr; _printf_int_common &rArr; _printf_post_padding
</UL>
<BR>[Calls]<UL><LI><a href="#[44]">&gt;&gt;</a>&nbsp;&nbsp;&nbsp;_printf_p
<LI><a href="#[45]">&gt;&gt;</a>&nbsp;&nbsp;&nbsp;_printf_charcount
</UL>

<P><STRONG><a name="[44]"></a>_printf_p</STRONG> (Thumb, 0 bytes, Stack size unknown bytes, _printf_p.o(.ARM.Collect$$_printf_percent$$00000002))
<BR><BR>[Stack]<UL><LI>Max Depth = 96 + Unknown Stack Size
<LI>Call Chain = _printf_p &rArr; _printf_f &rArr; _printf_e &rArr; _printf_g &rArr; _printf_a &rArr; _printf_ll &rArr; _printf_i &rArr; _printf_d &rArr; _printf_u &rArr; _printf_o &rArr; _printf_x &rArr; _printf_int_hex &rArr; _printf_longlong_hex &rArr; _printf_int_common &rArr; _printf_post_padding
</UL>
<BR>[Calls]<UL><LI><a href="#[47]">&gt;&gt;</a>&nbsp;&nbsp;&nbsp;_printf_hex_ptr
<LI><a href="#[46]">&gt;&gt;</a>&nbsp;&nbsp;&nbsp;_printf_f
</UL>
<BR>[Called By]<UL><LI><a href="#[43]">&gt;&gt;</a>&nbsp;&nbsp;&nbsp;_printf_n
</UL>

<P><STRONG><a name="[46]"></a>_printf_f</STRONG> (Thumb, 0 bytes, Stack size unknown bytes, _printf_f.o(.ARM.Collect$$_printf_percent$$00000003))
<BR><BR>[Stack]<UL><LI>Max Depth = 96 + Unknown Stack Size
<LI>Call Chain = _printf_f &rArr; _printf_e &rArr; _printf_g &rArr; _printf_a &rArr; _printf_ll &rArr; _printf_i &rArr; _printf_d &rArr; _printf_u &rArr; _printf_o &rArr; _printf_x &rArr; _printf_int_hex &rArr; _printf_longlong_hex &rArr; _printf_int_common &rArr; _printf_post_padding
</UL>
<BR>[Calls]<UL><LI><a href="#[49]">&gt;&gt;</a>&nbsp;&nbsp;&nbsp;_printf_fp_dec
<LI><a href="#[48]">&gt;&gt;</a>&nbsp;&nbsp;&nbsp;_printf_e
</UL>
<BR>[Called By]<UL><LI><a href="#[44]">&gt;&gt;</a>&nbsp;&nbsp;&nbsp;_printf_p
</UL>

<P><STRONG><a name="[48]"></a>_printf_e</STRONG> (Thumb, 0 bytes, Stack size unknown bytes, _printf_e.o(.ARM.Collect$$_printf_percent$$00000004))
<BR><BR>[Stack]<UL><LI>Max Depth = 96 + Unknown Stack Size
<LI>Call Chain = _printf_e &rArr; _printf_g &rArr; _printf_a &rArr; _printf_ll &rArr; _printf_i &rArr; _printf_d &rArr; _printf_u &rArr; _printf_o &rArr; _printf_x &rArr; _printf_int_hex &rArr; _printf_longlong_hex &rArr; _printf_int_common &rArr; _printf_post_padding
</UL>
<BR>[Calls]<UL><LI><a href="#[49]">&gt;&gt;</a>&nbsp;&nbsp;&nbsp;_printf_fp_dec
<LI><a href="#[4a]">&gt;&gt;</a>&nbsp;&nbsp;&nbsp;_printf_g
</UL>
<BR>[Called By]<UL><LI><a href="#[46]">&gt;&gt;</a>&nbsp;&nbsp;&nbsp;_printf_f
</UL>

<P><STRONG><a name="[4a]"></a>_printf_g</STRONG> (Thumb, 0 bytes, Stack size unknown bytes, _printf_g.o(.ARM.Collect$$_printf_percent$$00000005))
<BR><BR>[Stack]<UL><LI>Max Depth = 96 + Unknown Stack Size
<LI>Call Chain = _printf_g &rArr; _printf_a &rArr; _printf_ll &rArr; _printf_i &rArr; _printf_d &rArr; _printf_u &rArr; _printf_o &rArr; _printf_x &rArr; _printf_int_hex &rArr; _printf_longlong_hex &rArr; _printf_int_common &rArr; _printf_post_padding
</UL>
<BR>[Calls]<UL><LI><a href="#[49]">&gt;&gt;</a>&nbsp;&nbsp;&nbsp;_printf_fp_dec
<LI><a href="#[4b]">&gt;&gt;</a>&nbsp;&nbsp;&nbsp;_printf_a
</UL>
<BR>[Called By]<UL><LI><a href="#[48]">&gt;&gt;</a>&nbsp;&nbsp;&nbsp;_printf_e
</UL>

<P><STRONG><a name="[4b]"></a>_printf_a</STRONG> (Thumb, 0 bytes, Stack size unknown bytes, _printf_a.o(.ARM.Collect$$_printf_percent$$00000006))
<BR><BR>[Stack]<UL><LI>Max Depth = 96 + Unknown Stack Size
<LI>Call Chain = _printf_a &rArr; _printf_ll &rArr; _printf_i &rArr; _printf_d &rArr; _printf_u &rArr; _printf_o &rArr; _printf_x &rArr; _printf_int_hex &rArr; _printf_longlong_hex &rArr; _printf_int_common &rArr; _printf_post_padding
</UL>
<BR>[Calls]<UL><LI><a href="#[4c]">&gt;&gt;</a>&nbsp;&nbsp;&nbsp;_printf_ll
<LI><a href="#[4d]">&gt;&gt;</a>&nbsp;&nbsp;&nbsp;_printf_fp_hex (Weak Reference)
</UL>
<BR>[Called By]<UL><LI><a href="#[4a]">&gt;&gt;</a>&nbsp;&nbsp;&nbsp;_printf_g
</UL>

<P><STRONG><a name="[4c]"></a>_printf_ll</STRONG> (Thumb, 0 bytes, Stack size unknown bytes, _printf_ll.o(.ARM.Collect$$_printf_percent$$00000007))
<BR><BR>[Stack]<UL><LI>Max Depth = 96 + Unknown Stack Size
<LI>Call Chain = _printf_ll &rArr; _printf_i &rArr; _printf_d &rArr; _printf_u &rArr; _printf_o &rArr; _printf_x &rArr; _printf_int_hex &rArr; _printf_longlong_hex &rArr; _printf_int_common &rArr; _printf_post_padding
</UL>
<BR>[Calls]<UL><LI><a href="#[4e]">&gt;&gt;</a>&nbsp;&nbsp;&nbsp;_printf_i
</UL>
<BR>[Called By]<UL><LI><a href="#[4b]">&gt;&gt;</a>&nbsp;&nbsp;&nbsp;_printf_a
</UL>

<P><STRONG><a name="[4e]"></a>_printf_i</STRONG> (Thumb, 0 bytes, Stack size unknown bytes, _printf_i.o(.ARM.Collect$$_printf_percent$$00000008))
<BR><BR>[Stack]<UL><LI>Max Depth = 96 + Unknown Stack Size
<LI>Call Chain = _printf_i &rArr; _printf_d &rArr; _printf_u &rArr; _printf_o &rArr; _printf_x &rArr; _printf_int_hex &rArr; _printf_longlong_hex &rArr; _printf_int_common &rArr; _printf_post_padding
</UL>
<BR>[Calls]<UL><LI><a href="#[4f]">&gt;&gt;</a>&nbsp;&nbsp;&nbsp;_printf_d
<LI><a href="#[50]">&gt;&gt;</a>&nbsp;&nbsp;&nbsp;_printf_int_dec
</UL>
<BR>[Called By]<UL><LI><a href="#[4c]">&gt;&gt;</a>&nbsp;&nbsp;&nbsp;_printf_ll
</UL>

<P><STRONG><a name="[4f]"></a>_printf_d</STRONG> (Thumb, 0 bytes, Stack size unknown bytes, _printf_d.o(.ARM.Collect$$_printf_percent$$00000009))
<BR><BR>[Stack]<UL><LI>Max Depth = 96 + Unknown Stack Size
<LI>Call Chain = _printf_d &rArr; _printf_u &rArr; _printf_o &rArr; _printf_x &rArr; _printf_int_hex &rArr; _printf_longlong_hex &rArr; _printf_int_common &rArr; _printf_post_padding
</UL>
<BR>[Calls]<UL><LI><a href="#[50]">&gt;&gt;</a>&nbsp;&nbsp;&nbsp;_printf_int_dec
<LI><a href="#[51]">&gt;&gt;</a>&nbsp;&nbsp;&nbsp;_printf_u
</UL>
<BR>[Called By]<UL><LI><a href="#[4e]">&gt;&gt;</a>&nbsp;&nbsp;&nbsp;_printf_i
</UL>

<P><STRONG><a name="[51]"></a>_printf_u</STRONG> (Thumb, 0 bytes, Stack size unknown bytes, _printf_u.o(.ARM.Collect$$_printf_percent$$0000000A))
<BR><BR>[Stack]<UL><LI>Max Depth = 96 + Unknown Stack Size
<LI>Call Chain = _printf_u &rArr; _printf_o &rArr; _printf_x &rArr; _printf_int_hex &rArr; _printf_longlong_hex &rArr; _printf_int_common &rArr; _printf_post_padding
</UL>
<BR>[Calls]<UL><LI><a href="#[50]">&gt;&gt;</a>&nbsp;&nbsp;&nbsp;_printf_int_dec
<LI><a href="#[52]">&gt;&gt;</a>&nbsp;&nbsp;&nbsp;_printf_o
</UL>
<BR>[Called By]<UL><LI><a href="#[4f]">&gt;&gt;</a>&nbsp;&nbsp;&nbsp;_printf_d
</UL>

<P><STRONG><a name="[52]"></a>_printf_o</STRONG> (Thumb, 0 bytes, Stack size unknown bytes, _printf_o.o(.ARM.Collect$$_printf_percent$$0000000B))
<BR><BR>[Stack]<UL><LI>Max Depth = 96 + Unknown Stack Size
<LI>Call Chain = _printf_o &rArr; _printf_x &rArr; _printf_int_hex &rArr; _printf_longlong_hex &rArr; _printf_int_common &rArr; _printf_post_padding
</UL>
<BR>[Calls]<UL><LI><a href="#[53]">&gt;&gt;</a>&nbsp;&nbsp;&nbsp;_printf_x
<LI><a href="#[54]">&gt;&gt;</a>&nbsp;&nbsp;&nbsp;_printf_int_oct
</UL>
<BR>[Called By]<UL><LI><a href="#[51]">&gt;&gt;</a>&nbsp;&nbsp;&nbsp;_printf_u
</UL>

<P><STRONG><a name="[53]"></a>_printf_x</STRONG> (Thumb, 0 bytes, Stack size unknown bytes, _printf_x.o(.ARM.Collect$$_printf_percent$$0000000C))
<BR><BR>[Stack]<UL><LI>Max Depth = 96 + Unknown Stack Size
<LI>Call Chain = _printf_x &rArr; _printf_int_hex &rArr; _printf_longlong_hex &rArr; _printf_int_common &rArr; _printf_post_padding
</UL>
<BR>[Calls]<UL><LI><a href="#[56]">&gt;&gt;</a>&nbsp;&nbsp;&nbsp;_printf_int_hex
<LI><a href="#[55]">&gt;&gt;</a>&nbsp;&nbsp;&nbsp;_printf_lli
</UL>
<BR>[Called By]<UL><LI><a href="#[52]">&gt;&gt;</a>&nbsp;&nbsp;&nbsp;_printf_o
</UL>

<P><STRONG><a name="[55]"></a>_printf_lli</STRONG> (Thumb, 0 bytes, Stack size unknown bytes, _printf_lli.o(.ARM.Collect$$_printf_percent$$0000000D))
<BR><BR>[Stack]<UL><LI>Max Depth = 88 + Unknown Stack Size
<LI>Call Chain = _printf_lli &rArr; _printf_lld &rArr; _printf_llu &rArr; _printf_llo &rArr; _printf_llx &rArr; _printf_l &rArr; _printf_c &rArr; _printf_s &rArr; _printf_lc &rArr; _printf_wchar &rArr; _printf_lcs_common &rArr; _printf_wctomb &rArr; _wcrtomb &rArr; __rt_ctype_table
</UL>
<BR>[Calls]<UL><LI><a href="#[57]">&gt;&gt;</a>&nbsp;&nbsp;&nbsp;_printf_lld
<LI><a href="#[58]">&gt;&gt;</a>&nbsp;&nbsp;&nbsp;_printf_longlong_dec
</UL>
<BR>[Called By]<UL><LI><a href="#[53]">&gt;&gt;</a>&nbsp;&nbsp;&nbsp;_printf_x
</UL>

<P><STRONG><a name="[57]"></a>_printf_lld</STRONG> (Thumb, 0 bytes, Stack size unknown bytes, _printf_lld.o(.ARM.Collect$$_printf_percent$$0000000E))
<BR><BR>[Stack]<UL><LI>Max Depth = 88 + Unknown Stack Size
<LI>Call Chain = _printf_lld &rArr; _printf_llu &rArr; _printf_llo &rArr; _printf_llx &rArr; _printf_l &rArr; _printf_c &rArr; _printf_s &rArr; _printf_lc &rArr; _printf_wchar &rArr; _printf_lcs_common &rArr; _printf_wctomb &rArr; _wcrtomb &rArr; __rt_ctype_table
</UL>
<BR>[Calls]<UL><LI><a href="#[59]">&gt;&gt;</a>&nbsp;&nbsp;&nbsp;_printf_llu
<LI><a href="#[58]">&gt;&gt;</a>&nbsp;&nbsp;&nbsp;_printf_longlong_dec
</UL>
<BR>[Called By]<UL><LI><a href="#[55]">&gt;&gt;</a>&nbsp;&nbsp;&nbsp;_printf_lli
</UL>

<P><STRONG><a name="[59]"></a>_printf_llu</STRONG> (Thumb, 0 bytes, Stack size unknown bytes, _printf_llu.o(.ARM.Collect$$_printf_percent$$0000000F))
<BR><BR>[Stack]<UL><LI>Max Depth = 88 + Unknown Stack Size
<LI>Call Chain = _printf_llu &rArr; _printf_llo &rArr; _printf_llx &rArr; _printf_l &rArr; _printf_c &rArr; _printf_s &rArr; _printf_lc &rArr; _printf_wchar &rArr; _printf_lcs_common &rArr; _printf_wctomb &rArr; _wcrtomb &rArr; __rt_ctype_table
</UL>
<BR>[Calls]<UL><LI><a href="#[5a]">&gt;&gt;</a>&nbsp;&nbsp;&nbsp;_printf_llo
<LI><a href="#[58]">&gt;&gt;</a>&nbsp;&nbsp;&nbsp;_printf_longlong_dec
</UL>
<BR>[Called By]<UL><LI><a href="#[57]">&gt;&gt;</a>&nbsp;&nbsp;&nbsp;_printf_lld
</UL>

<P><STRONG><a name="[5a]"></a>_printf_llo</STRONG> (Thumb, 0 bytes, Stack size unknown bytes, _printf_llo.o(.ARM.Collect$$_printf_percent$$00000010))
<BR><BR>[Stack]<UL><LI>Max Depth = 88 + Unknown Stack Size
<LI>Call Chain = _printf_llo &rArr; _printf_llx &rArr; _printf_l &rArr; _printf_c &rArr; _printf_s &rArr; _printf_lc &rArr; _printf_wchar &rArr; _printf_lcs_common &rArr; _printf_wctomb &rArr; _wcrtomb &rArr; __rt_ctype_table
</UL>
<BR>[Calls]<UL><LI><a href="#[5b]">&gt;&gt;</a>&nbsp;&nbsp;&nbsp;_printf_llx
<LI><a href="#[5c]">&gt;&gt;</a>&nbsp;&nbsp;&nbsp;_printf_ll_oct
</UL>
<BR>[Called By]<UL><LI><a href="#[59]">&gt;&gt;</a>&nbsp;&nbsp;&nbsp;_printf_llu
</UL>

<P><STRONG><a name="[5b]"></a>_printf_llx</STRONG> (Thumb, 0 bytes, Stack size unknown bytes, _printf_llx.o(.ARM.Collect$$_printf_percent$$00000011))
<BR><BR>[Stack]<UL><LI>Max Depth = 88 + Unknown Stack Size
<LI>Call Chain = _printf_llx &rArr; _printf_l &rArr; _printf_c &rArr; _printf_s &rArr; _printf_lc &rArr; _printf_wchar &rArr; _printf_lcs_common &rArr; _printf_wctomb &rArr; _wcrtomb &rArr; __rt_ctype_table
</UL>
<BR>[Calls]<UL><LI><a href="#[5e]">&gt;&gt;</a>&nbsp;&nbsp;&nbsp;_printf_ll_hex
<LI><a href="#[5d]">&gt;&gt;</a>&nbsp;&nbsp;&nbsp;_printf_l
</UL>
<BR>[Called By]<UL><LI><a href="#[5a]">&gt;&gt;</a>&nbsp;&nbsp;&nbsp;_printf_llo
</UL>

<P><STRONG><a name="[5d]"></a>_printf_l</STRONG> (Thumb, 0 bytes, Stack size unknown bytes, _printf_l.o(.ARM.Collect$$_printf_percent$$00000012))
<BR><BR>[Stack]<UL><LI>Max Depth = 88 + Unknown Stack Size
<LI>Call Chain = _printf_l &rArr; _printf_c &rArr; _printf_s &rArr; _printf_lc &rArr; _printf_wchar &rArr; _printf_lcs_common &rArr; _printf_wctomb &rArr; _wcrtomb &rArr; __rt_ctype_table
</UL>
<BR>[Calls]<UL><LI><a href="#[5f]">&gt;&gt;</a>&nbsp;&nbsp;&nbsp;_printf_c
</UL>
<BR>[Called By]<UL><LI><a href="#[5b]">&gt;&gt;</a>&nbsp;&nbsp;&nbsp;_printf_llx
</UL>

<P><STRONG><a name="[5f]"></a>_printf_c</STRONG> (Thumb, 0 bytes, Stack size unknown bytes, _printf_c.o(.ARM.Collect$$_printf_percent$$00000013))
<BR><BR>[Stack]<UL><LI>Max Depth = 88 + Unknown Stack Size
<LI>Call Chain = _printf_c &rArr; _printf_s &rArr; _printf_lc &rArr; _printf_wchar &rArr; _printf_lcs_common &rArr; _printf_wctomb &rArr; _wcrtomb &rArr; __rt_ctype_table
</UL>
<BR>[Calls]<UL><LI><a href="#[60]">&gt;&gt;</a>&nbsp;&nbsp;&nbsp;_printf_s
<LI><a href="#[61]">&gt;&gt;</a>&nbsp;&nbsp;&nbsp;_printf_char
</UL>
<BR>[Called By]<UL><LI><a href="#[5d]">&gt;&gt;</a>&nbsp;&nbsp;&nbsp;_printf_l
</UL>

<P><STRONG><a name="[60]"></a>_printf_s</STRONG> (Thumb, 0 bytes, Stack size unknown bytes, _printf_s.o(.ARM.Collect$$_printf_percent$$00000014))
<BR><BR>[Stack]<UL><LI>Max Depth = 88 + Unknown Stack Size
<LI>Call Chain = _printf_s &rArr; _printf_lc &rArr; _printf_wchar &rArr; _printf_lcs_common &rArr; _printf_wctomb &rArr; _wcrtomb &rArr; __rt_ctype_table
</UL>
<BR>[Calls]<UL><LI><a href="#[62]">&gt;&gt;</a>&nbsp;&nbsp;&nbsp;_printf_lc
<LI><a href="#[63]">&gt;&gt;</a>&nbsp;&nbsp;&nbsp;_printf_string
</UL>
<BR>[Called By]<UL><LI><a href="#[5f]">&gt;&gt;</a>&nbsp;&nbsp;&nbsp;_printf_c
</UL>

<P><STRONG><a name="[62]"></a>_printf_lc</STRONG> (Thumb, 0 bytes, Stack size unknown bytes, _printf_lc.o(.ARM.Collect$$_printf_percent$$00000015))
<BR><BR>[Stack]<UL><LI>Max Depth = 88 + Unknown Stack Size
<LI>Call Chain = _printf_lc &rArr; _printf_wchar &rArr; _printf_lcs_common &rArr; _printf_wctomb &rArr; _wcrtomb &rArr; __rt_ctype_table
</UL>
<BR>[Calls]<UL><LI><a href="#[65]">&gt;&gt;</a>&nbsp;&nbsp;&nbsp;_printf_wchar
<LI><a href="#[64]">&gt;&gt;</a>&nbsp;&nbsp;&nbsp;_printf_ls
</UL>
<BR>[Called By]<UL><LI><a href="#[60]">&gt;&gt;</a>&nbsp;&nbsp;&nbsp;_printf_s
</UL>

<P><STRONG><a name="[64]"></a>_printf_ls</STRONG> (Thumb, 0 bytes, Stack size unknown bytes, _printf_ls.o(.ARM.Collect$$_printf_percent$$00000016))
<BR><BR>[Stack]<UL><LI>Max Depth = 88 + Unknown Stack Size
<LI>Call Chain = _printf_ls &rArr; _printf_wstring &rArr; _printf_lcs_common &rArr; _printf_wctomb &rArr; _wcrtomb &rArr; __rt_ctype_table
</UL>
<BR>[Calls]<UL><LI><a href="#[67]">&gt;&gt;</a>&nbsp;&nbsp;&nbsp;_printf_wstring
<LI><a href="#[66]">&gt;&gt;</a>&nbsp;&nbsp;&nbsp;_printf_percent_end
</UL>
<BR>[Called By]<UL><LI><a href="#[62]">&gt;&gt;</a>&nbsp;&nbsp;&nbsp;_printf_lc
</UL>

<P><STRONG><a name="[66]"></a>_printf_percent_end</STRONG> (Thumb, 0 bytes, Stack size unknown bytes, _printf_percent_end.o(.ARM.Collect$$_printf_percent$$00000017))
<BR><BR>[Called By]<UL><LI><a href="#[64]">&gt;&gt;</a>&nbsp;&nbsp;&nbsp;_printf_ls
</UL>

<P><STRONG><a name="[70]"></a>__rt_lib_init</STRONG> (Thumb, 0 bytes, Stack size unknown bytes, libinit.o(.ARM.Collect$$libinit$$00000000))
<BR><BR>[Called By]<UL><LI><a href="#[6f]">&gt;&gt;</a>&nbsp;&nbsp;&nbsp;__rt_entry_li
</UL>

<P><STRONG><a name="[2db]"></a>__rt_lib_init_heap_1</STRONG> (Thumb, 0 bytes, Stack size unknown bytes, libinit2.o(.ARM.Collect$$libinit$$00000006))

<P><STRONG><a name="[68]"></a>__rt_lib_init_lc_common</STRONG> (Thumb, 0 bytes, Stack size unknown bytes, libinit2.o(.ARM.Collect$$libinit$$0000000B))
<BR><BR>[Calls]<UL><LI><a href="#[69]">&gt;&gt;</a>&nbsp;&nbsp;&nbsp;__rt_locale
</UL>

<P><STRONG><a name="[2dc]"></a>__rt_lib_init_rand_1</STRONG> (Thumb, 0 bytes, Stack size unknown bytes, libinit2.o(.ARM.Collect$$libinit$$0000000A))

<P><STRONG><a name="[2dd]"></a>__rt_lib_init_user_alloc_1</STRONG> (Thumb, 0 bytes, Stack size unknown bytes, libinit2.o(.ARM.Collect$$libinit$$00000008))

<P><STRONG><a name="[2de]"></a>__rt_lib_init_lc_collate_1</STRONG> (Thumb, 0 bytes, Stack size unknown bytes, libinit2.o(.ARM.Collect$$libinit$$0000000D))

<P><STRONG><a name="[6a]"></a>__rt_lib_init_lc_ctype_2</STRONG> (Thumb, 0 bytes, Stack size unknown bytes, libinit2.o(.ARM.Collect$$libinit$$0000000E))
<BR><BR>[Stack]<UL><LI>Max Depth = 24 + Unknown Stack Size
<LI>Call Chain = __rt_lib_init_lc_ctype_2 &rArr; _get_lc_ctype &rArr; strcmp
</UL>
<BR>[Calls]<UL><LI><a href="#[2a]">&gt;&gt;</a>&nbsp;&nbsp;&nbsp;_get_lc_ctype
</UL>

<P><STRONG><a name="[2df]"></a>__rt_lib_init_lc_ctype_1</STRONG> (Thumb, 0 bytes, Stack size unknown bytes, libinit2.o(.ARM.Collect$$libinit$$0000000F))

<P><STRONG><a name="[2e0]"></a>__rt_lib_init_lc_monetary_1</STRONG> (Thumb, 0 bytes, Stack size unknown bytes, libinit2.o(.ARM.Collect$$libinit$$00000011))

<P><STRONG><a name="[6b]"></a>__rt_lib_init_lc_numeric_2</STRONG> (Thumb, 0 bytes, Stack size unknown bytes, libinit2.o(.ARM.Collect$$libinit$$00000012))
<BR><BR>[Stack]<UL><LI>Max Depth = 24 + Unknown Stack Size
<LI>Call Chain = __rt_lib_init_lc_numeric_2 &rArr; _get_lc_numeric &rArr; strcmp
</UL>
<BR>[Calls]<UL><LI><a href="#[6c]">&gt;&gt;</a>&nbsp;&nbsp;&nbsp;_get_lc_numeric
</UL>

<P><STRONG><a name="[2e1]"></a>__rt_lib_init_alloca_1</STRONG> (Thumb, 0 bytes, Stack size unknown bytes, libinit2.o(.ARM.Collect$$libinit$$0000002A))

<P><STRONG><a name="[2e2]"></a>__rt_lib_init_argv_1</STRONG> (Thumb, 0 bytes, Stack size unknown bytes, libinit2.o(.ARM.Collect$$libinit$$00000028))

<P><STRONG><a name="[2e3]"></a>__rt_lib_init_atexit_1</STRONG> (Thumb, 0 bytes, Stack size unknown bytes, libinit2.o(.ARM.Collect$$libinit$$00000017))

<P><STRONG><a name="[2e4]"></a>__rt_lib_init_clock_1</STRONG> (Thumb, 0 bytes, Stack size unknown bytes, libinit2.o(.ARM.Collect$$libinit$$0000001D))

<P><STRONG><a name="[2e5]"></a>__rt_lib_init_cpp_1</STRONG> (Thumb, 0 bytes, Stack size unknown bytes, libinit2.o(.ARM.Collect$$libinit$$0000002E))

<P><STRONG><a name="[2e6]"></a>__rt_lib_init_exceptions_1</STRONG> (Thumb, 0 bytes, Stack size unknown bytes, libinit2.o(.ARM.Collect$$libinit$$0000002C))

<P><STRONG><a name="[2e7]"></a>__rt_lib_init_fp_trap_1</STRONG> (Thumb, 0 bytes, Stack size unknown bytes, libinit2.o(.ARM.Collect$$libinit$$0000001B))

<P><STRONG><a name="[2e8]"></a>__rt_lib_init_getenv_1</STRONG> (Thumb, 0 bytes, Stack size unknown bytes, libinit2.o(.ARM.Collect$$libinit$$0000001F))

<P><STRONG><a name="[2e9]"></a>__rt_lib_init_lc_numeric_1</STRONG> (Thumb, 0 bytes, Stack size unknown bytes, libinit2.o(.ARM.Collect$$libinit$$00000013))

<P><STRONG><a name="[2ea]"></a>__rt_lib_init_lc_time_1</STRONG> (Thumb, 0 bytes, Stack size unknown bytes, libinit2.o(.ARM.Collect$$libinit$$00000015))

<P><STRONG><a name="[2eb]"></a>__rt_lib_init_return</STRONG> (Thumb, 0 bytes, Stack size unknown bytes, libinit2.o(.ARM.Collect$$libinit$$0000002F))

<P><STRONG><a name="[2ec]"></a>__rt_lib_init_signal_1</STRONG> (Thumb, 0 bytes, Stack size unknown bytes, libinit2.o(.ARM.Collect$$libinit$$00000019))

<P><STRONG><a name="[2ed]"></a>__rt_lib_init_stdio_1</STRONG> (Thumb, 0 bytes, Stack size unknown bytes, libinit2.o(.ARM.Collect$$libinit$$00000021))

<P><STRONG><a name="[75]"></a>__rt_lib_shutdown</STRONG> (Thumb, 0 bytes, Stack size unknown bytes, libshutdown.o(.ARM.Collect$$libshutdown$$00000000))
<BR><BR>[Called By]<UL><LI><a href="#[74]">&gt;&gt;</a>&nbsp;&nbsp;&nbsp;__rt_exit_ls
</UL>

<P><STRONG><a name="[2ee]"></a>__rt_lib_shutdown_fp_trap_1</STRONG> (Thumb, 0 bytes, Stack size unknown bytes, libshutdown2.o(.ARM.Collect$$libshutdown$$00000006))

<P><STRONG><a name="[2ef]"></a>__rt_lib_shutdown_heap_1</STRONG> (Thumb, 0 bytes, Stack size unknown bytes, libshutdown2.o(.ARM.Collect$$libshutdown$$0000000E))

<P><STRONG><a name="[2f0]"></a>__rt_lib_shutdown_return</STRONG> (Thumb, 0 bytes, Stack size unknown bytes, libshutdown2.o(.ARM.Collect$$libshutdown$$0000000F))

<P><STRONG><a name="[2f1]"></a>__rt_lib_shutdown_signal_1</STRONG> (Thumb, 0 bytes, Stack size unknown bytes, libshutdown2.o(.ARM.Collect$$libshutdown$$00000009))

<P><STRONG><a name="[2f2]"></a>__rt_lib_shutdown_stdio_1</STRONG> (Thumb, 0 bytes, Stack size unknown bytes, libshutdown2.o(.ARM.Collect$$libshutdown$$00000003))

<P><STRONG><a name="[2f3]"></a>__rt_lib_shutdown_user_alloc_1</STRONG> (Thumb, 0 bytes, Stack size unknown bytes, libshutdown2.o(.ARM.Collect$$libshutdown$$0000000B))

<P><STRONG><a name="[40]"></a>__rt_entry</STRONG> (Thumb, 0 bytes, Stack size unknown bytes, rtentry.o(.ARM.Collect$$rtentry$$00000000))
<BR><BR>[Called By]<UL><LI><a href="#[3d]">&gt;&gt;</a>&nbsp;&nbsp;&nbsp;__main
<LI><a href="#[41]">&gt;&gt;</a>&nbsp;&nbsp;&nbsp;__scatterload_rt2
</UL>

<P><STRONG><a name="[2f4]"></a>__rt_entry_presh_1</STRONG> (Thumb, 0 bytes, Stack size unknown bytes, rtentry2.o(.ARM.Collect$$rtentry$$00000002))

<P><STRONG><a name="[6d]"></a>__rt_entry_sh</STRONG> (Thumb, 0 bytes, Stack size unknown bytes, rtentry4.o(.ARM.Collect$$rtentry$$00000004))
<BR><BR>[Stack]<UL><LI>Max Depth = 8 + Unknown Stack Size
<LI>Call Chain = __rt_entry_sh &rArr; __user_setup_stackheap
</UL>
<BR>[Calls]<UL><LI><a href="#[6e]">&gt;&gt;</a>&nbsp;&nbsp;&nbsp;__user_setup_stackheap
</UL>

<P><STRONG><a name="[6f]"></a>__rt_entry_li</STRONG> (Thumb, 0 bytes, Stack size unknown bytes, rtentry2.o(.ARM.Collect$$rtentry$$0000000A))
<BR><BR>[Calls]<UL><LI><a href="#[70]">&gt;&gt;</a>&nbsp;&nbsp;&nbsp;__rt_lib_init
</UL>

<P><STRONG><a name="[2f5]"></a>__rt_entry_postsh_1</STRONG> (Thumb, 0 bytes, Stack size unknown bytes, rtentry2.o(.ARM.Collect$$rtentry$$00000009))

<P><STRONG><a name="[71]"></a>__rt_entry_main</STRONG> (Thumb, 0 bytes, Stack size unknown bytes, rtentry2.o(.ARM.Collect$$rtentry$$0000000D))
<BR><BR>[Stack]<UL><LI>Max Depth = 3136 + Unknown Stack Size
<LI>Call Chain = __rt_entry_main &rArr; main &rArr; FS_Init &rArr; FS_Format &rArr; FS_UpdateFile &rArr; SF_WriteData &rArr; SF_WriteBlocks &rArr; SF_BackupPage &rArr; EFC_Erase &rArr; EFC_IsEraseOK
</UL>
<BR>[Calls]<UL><LI><a href="#[72]">&gt;&gt;</a>&nbsp;&nbsp;&nbsp;main
<LI><a href="#[73]">&gt;&gt;</a>&nbsp;&nbsp;&nbsp;exit
</UL>

<P><STRONG><a name="[2f6]"></a>__rt_entry_postli_1</STRONG> (Thumb, 0 bytes, Stack size unknown bytes, rtentry2.o(.ARM.Collect$$rtentry$$0000000C))

<P><STRONG><a name="[2d7]"></a>__rt_exit</STRONG> (Thumb, 0 bytes, Stack size unknown bytes, rtexit.o(.ARM.Collect$$rtexit$$00000000))
<BR><BR>[Called By]<UL><LI><a href="#[73]">&gt;&gt;</a>&nbsp;&nbsp;&nbsp;exit
</UL>

<P><STRONG><a name="[74]"></a>__rt_exit_ls</STRONG> (Thumb, 0 bytes, Stack size unknown bytes, rtexit2.o(.ARM.Collect$$rtexit$$00000003))
<BR><BR>[Calls]<UL><LI><a href="#[75]">&gt;&gt;</a>&nbsp;&nbsp;&nbsp;__rt_lib_shutdown
</UL>

<P><STRONG><a name="[2f7]"></a>__rt_exit_prels_1</STRONG> (Thumb, 0 bytes, Stack size unknown bytes, rtexit2.o(.ARM.Collect$$rtexit$$00000002))

<P><STRONG><a name="[76]"></a>__rt_exit_exit</STRONG> (Thumb, 0 bytes, Stack size unknown bytes, rtexit2.o(.ARM.Collect$$rtexit$$00000004))
<BR><BR>[Calls]<UL><LI><a href="#[77]">&gt;&gt;</a>&nbsp;&nbsp;&nbsp;_sys_exit
</UL>

<P><STRONG><a name="[88]"></a>__aeabi_memcpy4</STRONG> (Thumb, 56 bytes, Stack size 0 bytes, rt_memcpy.o(.emb_text))
<BR><BR>[Called By]<UL><LI><a href="#[87]">&gt;&gt;</a>&nbsp;&nbsp;&nbsp;EFC_OtpRead
<LI><a href="#[15c]">&gt;&gt;</a>&nbsp;&nbsp;&nbsp;SM3_Final
<LI><a href="#[18a]">&gt;&gt;</a>&nbsp;&nbsp;&nbsp;SM2_Verify
<LI><a href="#[18c]">&gt;&gt;</a>&nbsp;&nbsp;&nbsp;SM2_Sign
<LI><a href="#[183]">&gt;&gt;</a>&nbsp;&nbsp;&nbsp;SM2_KeyExc_Spons
<LI><a href="#[1a2]">&gt;&gt;</a>&nbsp;&nbsp;&nbsp;RSA_PubKeyOpt
<LI><a href="#[1a0]">&gt;&gt;</a>&nbsp;&nbsp;&nbsp;RSA_PriKeyOpt
<LI><a href="#[197]">&gt;&gt;</a>&nbsp;&nbsp;&nbsp;FS_DeleteFile
<LI><a href="#[1d5]">&gt;&gt;</a>&nbsp;&nbsp;&nbsp;CMD_CreateApplication
<LI><a href="#[187]">&gt;&gt;</a>&nbsp;&nbsp;&nbsp;CMD_GenerateAgreementDataWithECC
<LI><a href="#[116]">&gt;&gt;</a>&nbsp;&nbsp;&nbsp;SCSI_ReadToc
<LI><a href="#[114]">&gt;&gt;</a>&nbsp;&nbsp;&nbsp;SCSI_Inquiry
<LI><a href="#[24f]">&gt;&gt;</a>&nbsp;&nbsp;&nbsp;SMS4ExternKey
<LI><a href="#[24b]">&gt;&gt;</a>&nbsp;&nbsp;&nbsp;DES3_Run_ECB
<LI><a href="#[249]">&gt;&gt;</a>&nbsp;&nbsp;&nbsp;DES_Run_ECB
<LI><a href="#[28d]">&gt;&gt;</a>&nbsp;&nbsp;&nbsp;SM2_Key_Exchange
<LI><a href="#[81]">&gt;&gt;</a>&nbsp;&nbsp;&nbsp;__aeabi_memcpy
<LI><a href="#[2a7]">&gt;&gt;</a>&nbsp;&nbsp;&nbsp;ECC_ins_gen
<LI><a href="#[2a5]">&gt;&gt;</a>&nbsp;&nbsp;&nbsp;ECC_PointMult_s
<LI><a href="#[27c]">&gt;&gt;</a>&nbsp;&nbsp;&nbsp;RSA_PriKeyOptEx
<LI><a href="#[27b]">&gt;&gt;</a>&nbsp;&nbsp;&nbsp;RSA_PriKeyOpt_NoCRT
<LI><a href="#[277]">&gt;&gt;</a>&nbsp;&nbsp;&nbsp;RSA_GenKeyPair0
</UL>

<P><STRONG><a name="[2f8]"></a>__aeabi_memcpy8</STRONG> (Thumb, 0 bytes, Stack size 0 bytes, rt_memcpy.o(.emb_text), UNUSED)

<P><STRONG><a name="[3c]"></a>Reset_Handler</STRONG> (Thumb, 28 bytes, Stack size 0 bytes, startup_sy03.o(.text))

<P><STRONG><a name="[8]"></a>NMI_Handler</STRONG> (Thumb, 2 bytes, Stack size 0 bytes, startup_sy03.o(.text))
<BR><BR>[Calls]<UL><LI><a href="#[8]">&gt;&gt;</a>&nbsp;&nbsp;&nbsp;NMI_Handler
</UL>
<BR>[Called By]<UL><LI><a href="#[8]">&gt;&gt;</a>&nbsp;&nbsp;&nbsp;NMI_Handler
</UL>
<BR>[Address Reference Count : 1]<UL><LI> startup_sy03.o(RESET)
</UL>
<P><STRONG><a name="[9]"></a>HardFault_Handler</STRONG> (Thumb, 2 bytes, Stack size 0 bytes, startup_sy03.o(.text))
<BR><BR>[Calls]<UL><LI><a href="#[9]">&gt;&gt;</a>&nbsp;&nbsp;&nbsp;HardFault_Handler
</UL>
<BR>[Called By]<UL><LI><a href="#[9]">&gt;&gt;</a>&nbsp;&nbsp;&nbsp;HardFault_Handler
</UL>
<BR>[Address Reference Count : 1]<UL><LI> startup_sy03.o(RESET)
</UL>
<P><STRONG><a name="[a]"></a>SVC_Handler</STRONG> (Thumb, 2 bytes, Stack size 0 bytes, startup_sy03.o(.text))
<BR><BR>[Calls]<UL><LI><a href="#[a]">&gt;&gt;</a>&nbsp;&nbsp;&nbsp;SVC_Handler
</UL>
<BR>[Called By]<UL><LI><a href="#[a]">&gt;&gt;</a>&nbsp;&nbsp;&nbsp;SVC_Handler
</UL>
<BR>[Address Reference Count : 1]<UL><LI> startup_sy03.o(RESET)
</UL>
<P><STRONG><a name="[b]"></a>PendSV_Handler</STRONG> (Thumb, 2 bytes, Stack size 0 bytes, startup_sy03.o(.text))
<BR><BR>[Calls]<UL><LI><a href="#[b]">&gt;&gt;</a>&nbsp;&nbsp;&nbsp;PendSV_Handler
</UL>
<BR>[Called By]<UL><LI><a href="#[b]">&gt;&gt;</a>&nbsp;&nbsp;&nbsp;PendSV_Handler
</UL>
<BR>[Address Reference Count : 1]<UL><LI> startup_sy03.o(RESET)
</UL>
<P><STRONG><a name="[c]"></a>SysTick_Handler</STRONG> (Thumb, 2 bytes, Stack size 0 bytes, startup_sy03.o(.text))
<BR><BR>[Calls]<UL><LI><a href="#[c]">&gt;&gt;</a>&nbsp;&nbsp;&nbsp;SysTick_Handler
</UL>
<BR>[Called By]<UL><LI><a href="#[c]">&gt;&gt;</a>&nbsp;&nbsp;&nbsp;SysTick_Handler
</UL>
<BR>[Address Reference Count : 1]<UL><LI> startup_sy03.o(RESET)
</UL>
<P><STRONG><a name="[1e]"></a>ACMP_Handler</STRONG> (Thumb, 0 bytes, Stack size 0 bytes, startup_sy03.o(.text))
<BR><BR>[Calls]<UL><LI><a href="#[1e]">&gt;&gt;</a>&nbsp;&nbsp;&nbsp;ACMP_Handler
</UL>
<BR>[Called By]<UL><LI><a href="#[1e]">&gt;&gt;</a>&nbsp;&nbsp;&nbsp;ACMP_Handler
</UL>
<BR>[Address Reference Count : 1]<UL><LI> startup_sy03.o(RESET)
</UL>
<P><STRONG><a name="[11]"></a>AEA_Handler</STRONG> (Thumb, 0 bytes, Stack size 0 bytes, startup_sy03.o(.text))
<BR>[Address Reference Count : 1]<UL><LI> startup_sy03.o(RESET)
</UL>
<P><STRONG><a name="[e]"></a>GPIO_Handler</STRONG> (Thumb, 0 bytes, Stack size 0 bytes, startup_sy03.o(.text))
<BR>[Address Reference Count : 1]<UL><LI> startup_sy03.o(RESET)
</UL>
<P><STRONG><a name="[19]"></a>I2C0_Handler</STRONG> (Thumb, 0 bytes, Stack size 0 bytes, startup_sy03.o(.text))
<BR>[Address Reference Count : 1]<UL><LI> startup_sy03.o(RESET)
</UL>
<P><STRONG><a name="[1c]"></a>ISO7816_Handler</STRONG> (Thumb, 0 bytes, Stack size 0 bytes, startup_sy03.o(.text))
<BR>[Address Reference Count : 1]<UL><LI> startup_sy03.o(RESET)
</UL>
<P><STRONG><a name="[21]"></a>RTC_Handler</STRONG> (Thumb, 0 bytes, Stack size 0 bytes, startup_sy03.o(.text))
<BR>[Address Reference Count : 1]<UL><LI> startup_sy03.o(RESET)
</UL>
<P><STRONG><a name="[1d]"></a>SCI_Handler</STRONG> (Thumb, 0 bytes, Stack size 0 bytes, startup_sy03.o(.text))
<BR>[Address Reference Count : 1]<UL><LI> startup_sy03.o(RESET)
</UL>
<P><STRONG><a name="[d]"></a>SCM_Handler</STRONG> (Thumb, 0 bytes, Stack size 0 bytes, startup_sy03.o(.text))
<BR>[Address Reference Count : 1]<UL><LI> startup_sy03.o(RESET)
</UL>
<P><STRONG><a name="[22]"></a>SDI_Handler</STRONG> (Thumb, 0 bytes, Stack size 0 bytes, startup_sy03.o(.text))
<BR>[Address Reference Count : 1]<UL><LI> startup_sy03.o(RESET)
</UL>
<P><STRONG><a name="[10]"></a>SEA_Handler</STRONG> (Thumb, 0 bytes, Stack size 0 bytes, startup_sy03.o(.text))
<BR>[Address Reference Count : 1]<UL><LI> startup_sy03.o(RESET)
</UL>
<P><STRONG><a name="[12]"></a>SPI0_Handler</STRONG> (Thumb, 0 bytes, Stack size 0 bytes, startup_sy03.o(.text))
<BR>[Address Reference Count : 1]<UL><LI> startup_sy03.o(RESET)
</UL>
<P><STRONG><a name="[23]"></a>SPI1_Handler</STRONG> (Thumb, 0 bytes, Stack size 0 bytes, startup_sy03.o(.text))
<BR>[Address Reference Count : 1]<UL><LI> startup_sy03.o(RESET)
</UL>
<P><STRONG><a name="[1b]"></a>SWPM_Handler</STRONG> (Thumb, 0 bytes, Stack size 0 bytes, startup_sy03.o(.text))
<BR>[Address Reference Count : 1]<UL><LI> startup_sy03.o(RESET)
</UL>
<P><STRONG><a name="[f]"></a>T0_Handler</STRONG> (Thumb, 0 bytes, Stack size 0 bytes, startup_sy03.o(.text))
<BR>[Address Reference Count : 1]<UL><LI> startup_sy03.o(RESET)
</UL>
<P><STRONG><a name="[15]"></a>T1_Handler</STRONG> (Thumb, 0 bytes, Stack size 0 bytes, startup_sy03.o(.text))
<BR>[Address Reference Count : 1]<UL><LI> startup_sy03.o(RESET)
</UL>
<P><STRONG><a name="[16]"></a>T2_Handler</STRONG> (Thumb, 0 bytes, Stack size 0 bytes, startup_sy03.o(.text))
<BR>[Address Reference Count : 1]<UL><LI> startup_sy03.o(RESET)
</UL>
<P><STRONG><a name="[13]"></a>TRNG_Handler</STRONG> (Thumb, 0 bytes, Stack size 0 bytes, startup_sy03.o(.text))
<BR>[Address Reference Count : 1]<UL><LI> startup_sy03.o(RESET)
</UL>
<P><STRONG><a name="[3e]"></a>__user_initial_stackheap</STRONG> (Thumb, 0 bytes, Stack size unknown bytes, startup_sy03.o(.text))
<BR><BR>[Called By]<UL><LI><a href="#[6e]">&gt;&gt;</a>&nbsp;&nbsp;&nbsp;__user_setup_stackheap
</UL>

<P><STRONG><a name="[24]"></a>SYS_GenSramKey</STRONG> (Thumb, 4 bytes, Stack size 0 bytes, system_sy03.o(.text))
<BR>[Address Reference Count : 1]<UL><LI> startup_sy03.o(.text)
</UL>
<P><STRONG><a name="[25]"></a>SystemInit</STRONG> (Thumb, 44 bytes, Stack size 8 bytes, system_sy03.o(.text))
<BR><BR>[Stack]<UL><LI>Max Depth = 24<LI>Call Chain = SystemInit &rArr; SCM_LoadHFRoscTrim
</UL>
<BR>[Calls]<UL><LI><a href="#[7a]">&gt;&gt;</a>&nbsp;&nbsp;&nbsp;SCM_LoadHFRoscTrim
<LI><a href="#[79]">&gt;&gt;</a>&nbsp;&nbsp;&nbsp;RomFuncInit
<LI><a href="#[78]">&gt;&gt;</a>&nbsp;&nbsp;&nbsp;__aeabi_memclr4
</UL>
<BR>[Address Reference Count : 1]<UL><LI> startup_sy03.o(.text)
</UL>
<P><STRONG><a name="[96]"></a>EFC_ConfigTiming</STRONG> (Thumb, 50 bytes, Stack size 16 bytes, efc.o(.text))
<BR><BR>[Stack]<UL><LI>Max Depth = 16<LI>Call Chain = EFC_ConfigTiming
</UL>
<BR>[Called By]<UL><LI><a href="#[95]">&gt;&gt;</a>&nbsp;&nbsp;&nbsp;SCM_SetSysClk
</UL>

<P><STRONG><a name="[86]"></a>EFC_Program</STRONG> (Thumb, 46 bytes, Stack size 24 bytes, efc.o(.text), UNUSED)
<BR><BR>[Called By]<UL><LI><a href="#[8c]">&gt;&gt;</a>&nbsp;&nbsp;&nbsp;EFC_LockTest
<LI><a href="#[8b]">&gt;&gt;</a>&nbsp;&nbsp;&nbsp;EFC_SetEoSt
<LI><a href="#[8a]">&gt;&gt;</a>&nbsp;&nbsp;&nbsp;EFC_LockJtag
<LI><a href="#[85]">&gt;&gt;</a>&nbsp;&nbsp;&nbsp;EFC_OtpWrite
</UL>

<P><STRONG><a name="[7c]"></a>EFC_IsEraseOK</STRONG> (Thumb, 40 bytes, Stack size 24 bytes, efc.o(.text))
<BR><BR>[Stack]<UL><LI>Max Depth = 24<LI>Call Chain = EFC_IsEraseOK
</UL>
<BR>[Called By]<UL><LI><a href="#[7b]">&gt;&gt;</a>&nbsp;&nbsp;&nbsp;EFC_Erase
<LI><a href="#[80]">&gt;&gt;</a>&nbsp;&nbsp;&nbsp;FlashWriteBlock
<LI><a href="#[dd]">&gt;&gt;</a>&nbsp;&nbsp;&nbsp;SF_WriteBlocks
<LI><a href="#[dc]">&gt;&gt;</a>&nbsp;&nbsp;&nbsp;SF_CheckBKStatus
<LI><a href="#[da]">&gt;&gt;</a>&nbsp;&nbsp;&nbsp;SF_RecoverPage
<LI><a href="#[d9]">&gt;&gt;</a>&nbsp;&nbsp;&nbsp;SF_BackupPage
</UL>

<P><STRONG><a name="[7b]"></a>EFC_Erase</STRONG> (Thumb, 134 bytes, Stack size 32 bytes, efc.o(.text))
<BR><BR>[Stack]<UL><LI>Max Depth = 56<LI>Call Chain = EFC_Erase &rArr; EFC_IsEraseOK
</UL>
<BR>[Calls]<UL><LI><a href="#[7c]">&gt;&gt;</a>&nbsp;&nbsp;&nbsp;EFC_IsEraseOK
</UL>
<BR>[Called By]<UL><LI><a href="#[7d]">&gt;&gt;</a>&nbsp;&nbsp;&nbsp;EFC_ClrProgFlag
<LI><a href="#[80]">&gt;&gt;</a>&nbsp;&nbsp;&nbsp;FlashWriteBlock
<LI><a href="#[dd]">&gt;&gt;</a>&nbsp;&nbsp;&nbsp;SF_WriteBlocks
<LI><a href="#[dc]">&gt;&gt;</a>&nbsp;&nbsp;&nbsp;SF_CheckBKStatus
<LI><a href="#[da]">&gt;&gt;</a>&nbsp;&nbsp;&nbsp;SF_RecoverPage
<LI><a href="#[d9]">&gt;&gt;</a>&nbsp;&nbsp;&nbsp;SF_BackupPage
</UL>

<P><STRONG><a name="[7d]"></a>EFC_ClrProgFlag</STRONG> (Thumb, 26 bytes, Stack size 8 bytes, efc.o(.text))
<BR><BR>[Stack]<UL><LI>Max Depth = 64<LI>Call Chain = EFC_ClrProgFlag &rArr; EFC_Erase &rArr; EFC_IsEraseOK
</UL>
<BR>[Calls]<UL><LI><a href="#[7e]">&gt;&gt;</a>&nbsp;&nbsp;&nbsp;EFC_WrProtect
<LI><a href="#[7b]">&gt;&gt;</a>&nbsp;&nbsp;&nbsp;EFC_Erase
</UL>
<BR>[Called By]<UL><LI><a href="#[7f]">&gt;&gt;</a>&nbsp;&nbsp;&nbsp;EFC_ChipErase
<LI><a href="#[146]">&gt;&gt;</a>&nbsp;&nbsp;&nbsp;CMD_ClearProg
</UL>

<P><STRONG><a name="[7f]"></a>EFC_ChipErase</STRONG> (Thumb, 52 bytes, Stack size 16 bytes, efc.o(.text), UNUSED)
<BR><BR>[Calls]<UL><LI><a href="#[7e]">&gt;&gt;</a>&nbsp;&nbsp;&nbsp;EFC_WrProtect
<LI><a href="#[7d]">&gt;&gt;</a>&nbsp;&nbsp;&nbsp;EFC_ClrProgFlag
</UL>

<P><STRONG><a name="[82]"></a>EFC_PageProg</STRONG> (Thumb, 48 bytes, Stack size 16 bytes, efc.o(.text))
<BR><BR>[Stack]<UL><LI>Max Depth = 16<LI>Call Chain = EFC_PageProg
</UL>
<BR>[Called By]<UL><LI><a href="#[80]">&gt;&gt;</a>&nbsp;&nbsp;&nbsp;FlashWriteBlock
<LI><a href="#[dd]">&gt;&gt;</a>&nbsp;&nbsp;&nbsp;SF_WriteBlocks
<LI><a href="#[da]">&gt;&gt;</a>&nbsp;&nbsp;&nbsp;SF_RecoverPage
<LI><a href="#[d9]">&gt;&gt;</a>&nbsp;&nbsp;&nbsp;SF_BackupPage
</UL>

<P><STRONG><a name="[83]"></a>EFC_WriteInfo</STRONG> (Thumb, 226 bytes, Stack size 48 bytes, efc.o(.text))
<BR><BR>[Stack]<UL><LI>Max Depth = 1176<LI>Call Chain = EFC_WriteInfo &rArr; FlashWriteBlock &rArr; EFC_Erase &rArr; EFC_IsEraseOK
</UL>
<BR>[Calls]<UL><LI><a href="#[80]">&gt;&gt;</a>&nbsp;&nbsp;&nbsp;FlashWriteBlock
</UL>
<BR>[Called By]<UL><LI><a href="#[146]">&gt;&gt;</a>&nbsp;&nbsp;&nbsp;CMD_ClearProg
</UL>

<P><STRONG><a name="[84]"></a>EFC_ReadInfo</STRONG> (Thumb, 28 bytes, Stack size 24 bytes, efc.o(.text))
<BR><BR>[Stack]<UL><LI>Max Depth = 48<LI>Call Chain = EFC_ReadInfo &rArr; __aeabi_memcpy
</UL>
<BR>[Calls]<UL><LI><a href="#[81]">&gt;&gt;</a>&nbsp;&nbsp;&nbsp;__aeabi_memcpy
</UL>
<BR>[Called By]<UL><LI><a href="#[dd]">&gt;&gt;</a>&nbsp;&nbsp;&nbsp;SF_WriteBlocks
<LI><a href="#[dc]">&gt;&gt;</a>&nbsp;&nbsp;&nbsp;SF_CheckBKStatus
<LI><a href="#[da]">&gt;&gt;</a>&nbsp;&nbsp;&nbsp;SF_RecoverPage
<LI><a href="#[d9]">&gt;&gt;</a>&nbsp;&nbsp;&nbsp;SF_BackupPage
</UL>

<P><STRONG><a name="[85]"></a>EFC_OtpWrite</STRONG> (Thumb, 84 bytes, Stack size 16 bytes, efc.o(.text), UNUSED)
<BR><BR>[Calls]<UL><LI><a href="#[7e]">&gt;&gt;</a>&nbsp;&nbsp;&nbsp;EFC_WrProtect
<LI><a href="#[86]">&gt;&gt;</a>&nbsp;&nbsp;&nbsp;EFC_Program
</UL>

<P><STRONG><a name="[87]"></a>EFC_OtpRead</STRONG> (Thumb, 50 bytes, Stack size 16 bytes, efc.o(.text), UNUSED)
<BR><BR>[Calls]<UL><LI><a href="#[88]">&gt;&gt;</a>&nbsp;&nbsp;&nbsp;__aeabi_memcpy4
</UL>

<P><STRONG><a name="[89]"></a>EFC_ReadChipSN</STRONG> (Thumb, 34 bytes, Stack size 16 bytes, efc.o(.text), UNUSED)
<BR><BR>[Calls]<UL><LI><a href="#[81]">&gt;&gt;</a>&nbsp;&nbsp;&nbsp;__aeabi_memcpy
</UL>

<P><STRONG><a name="[8a]"></a>EFC_LockJtag</STRONG> (Thumb, 142 bytes, Stack size 16 bytes, efc.o(.text), UNUSED)
<BR><BR>[Calls]<UL><LI><a href="#[7e]">&gt;&gt;</a>&nbsp;&nbsp;&nbsp;EFC_WrProtect
<LI><a href="#[86]">&gt;&gt;</a>&nbsp;&nbsp;&nbsp;EFC_Program
</UL>

<P><STRONG><a name="[8b]"></a>EFC_SetEoSt</STRONG> (Thumb, 88 bytes, Stack size 16 bytes, efc.o(.text), UNUSED)
<BR><BR>[Calls]<UL><LI><a href="#[7e]">&gt;&gt;</a>&nbsp;&nbsp;&nbsp;EFC_WrProtect
<LI><a href="#[86]">&gt;&gt;</a>&nbsp;&nbsp;&nbsp;EFC_Program
</UL>

<P><STRONG><a name="[8c]"></a>EFC_LockTest</STRONG> (Thumb, 72 bytes, Stack size 16 bytes, efc.o(.text), UNUSED)
<BR><BR>[Calls]<UL><LI><a href="#[7e]">&gt;&gt;</a>&nbsp;&nbsp;&nbsp;EFC_WrProtect
<LI><a href="#[86]">&gt;&gt;</a>&nbsp;&nbsp;&nbsp;EFC_Program
</UL>

<P><STRONG><a name="[29]"></a>fputc</STRONG> (Thumb, 14 bytes, Stack size 16 bytes, retarget.o(.text))
<BR><BR>[Stack]<UL><LI>Max Depth = 32<LI>Call Chain = fputc &rArr; sendchar &rArr; SER_init
</UL>
<BR>[Calls]<UL><LI><a href="#[8d]">&gt;&gt;</a>&nbsp;&nbsp;&nbsp;sendchar
</UL>
<BR>[Address Reference Count : 1]<UL><LI> _printf_char_file.o(.text)
</UL>
<P><STRONG><a name="[8e]"></a>fgetc</STRONG> (Thumb, 16 bytes, Stack size 16 bytes, retarget.o(.text), UNUSED)
<BR><BR>[Calls]<UL><LI><a href="#[8d]">&gt;&gt;</a>&nbsp;&nbsp;&nbsp;sendchar
<LI><a href="#[8f]">&gt;&gt;</a>&nbsp;&nbsp;&nbsp;getkey
</UL>

<P><STRONG><a name="[2c1]"></a>ferror</STRONG> (Thumb, 8 bytes, Stack size 0 bytes, retarget.o(.text))
<BR><BR>[Called By]<UL><LI><a href="#[2ac]">&gt;&gt;</a>&nbsp;&nbsp;&nbsp;_printf_char_file
</UL>

<P><STRONG><a name="[90]"></a>_ttywrch</STRONG> (Thumb, 12 bytes, Stack size 8 bytes, retarget.o(.text), UNUSED)
<BR><BR>[Calls]<UL><LI><a href="#[8d]">&gt;&gt;</a>&nbsp;&nbsp;&nbsp;sendchar
</UL>

<P><STRONG><a name="[77]"></a>_sys_exit</STRONG> (Thumb, 8 bytes, Stack size 0 bytes, retarget.o(.text))
<BR><BR>[Calls]<UL><LI><a href="#[91]">&gt;&gt;</a>&nbsp;&nbsp;&nbsp;ExitSimulate
</UL>
<BR>[Called By]<UL><LI><a href="#[76]">&gt;&gt;</a>&nbsp;&nbsp;&nbsp;__rt_exit_exit
</UL>

<P><STRONG><a name="[92]"></a>SCM_AnModPowerEnable</STRONG> (Thumb, 24 bytes, Stack size 8 bytes, scm.o(.text), UNUSED)
<BR><BR>[Calls]<UL><LI><a href="#[93]">&gt;&gt;</a>&nbsp;&nbsp;&nbsp;SCM_RegWrEn
</UL>

<P><STRONG><a name="[94]"></a>SCM_AnModPowerDisable</STRONG> (Thumb, 24 bytes, Stack size 8 bytes, scm.o(.text), UNUSED)
<BR><BR>[Calls]<UL><LI><a href="#[93]">&gt;&gt;</a>&nbsp;&nbsp;&nbsp;SCM_RegWrEn
</UL>

<P><STRONG><a name="[95]"></a>SCM_SetSysClk</STRONG> (Thumb, 272 bytes, Stack size 8 bytes, scm.o(.text))
<BR><BR>[Stack]<UL><LI>Max Depth = 24<LI>Call Chain = SCM_SetSysClk &rArr; EFC_ConfigTiming
</UL>
<BR>[Calls]<UL><LI><a href="#[93]">&gt;&gt;</a>&nbsp;&nbsp;&nbsp;SCM_RegWrEn
<LI><a href="#[96]">&gt;&gt;</a>&nbsp;&nbsp;&nbsp;EFC_ConfigTiming
</UL>
<BR>[Called By]<UL><LI><a href="#[72]">&gt;&gt;</a>&nbsp;&nbsp;&nbsp;main
<LI><a href="#[138]">&gt;&gt;</a>&nbsp;&nbsp;&nbsp;USB_DoWithPackage
<LI><a href="#[137]">&gt;&gt;</a>&nbsp;&nbsp;&nbsp;USB_RemoteWakeWp
</UL>

<P><STRONG><a name="[c2]"></a>SCM_GetSysClk</STRONG> (Thumb, 6 bytes, Stack size 0 bytes, scm.o(.text))
<BR><BR>[Called By]<UL><LI><a href="#[c1]">&gt;&gt;</a>&nbsp;&nbsp;&nbsp;SWPS_Init
<LI><a href="#[f8]">&gt;&gt;</a>&nbsp;&nbsp;&nbsp;SDI_Init
<LI><a href="#[cf]">&gt;&gt;</a>&nbsp;&nbsp;&nbsp;VPWM_VoiceInit
</UL>

<P><STRONG><a name="[2f9]"></a>SCM_SetSysClkLowFreq</STRONG> (Thumb, 24 bytes, Stack size 0 bytes, scm.o(.text), UNUSED)

<P><STRONG><a name="[2fa]"></a>SCM_RecoverSysClk</STRONG> (Thumb, 82 bytes, Stack size 0 bytes, scm.o(.text), UNUSED)

<P><STRONG><a name="[97]"></a>SCM_HFRoscPd</STRONG> (Thumb, 24 bytes, Stack size 8 bytes, scm.o(.text), UNUSED)
<BR><BR>[Calls]<UL><LI><a href="#[93]">&gt;&gt;</a>&nbsp;&nbsp;&nbsp;SCM_RegWrEn
</UL>

<P><STRONG><a name="[7a]"></a>SCM_LoadHFRoscTrim</STRONG> (Thumb, 86 bytes, Stack size 16 bytes, scm.o(.text))
<BR><BR>[Stack]<UL><LI>Max Depth = 16<LI>Call Chain = SCM_LoadHFRoscTrim
</UL>
<BR>[Called By]<UL><LI><a href="#[25]">&gt;&gt;</a>&nbsp;&nbsp;&nbsp;SystemInit
</UL>

<P><STRONG><a name="[98]"></a>SCM_SetBodLv</STRONG> (Thumb, 72 bytes, Stack size 8 bytes, scm.o(.text), UNUSED)
<BR><BR>[Calls]<UL><LI><a href="#[93]">&gt;&gt;</a>&nbsp;&nbsp;&nbsp;SCM_RegWrEn
</UL>

<P><STRONG><a name="[99]"></a>SCM_EnableTpr</STRONG> (Thumb, 28 bytes, Stack size 8 bytes, scm.o(.text), UNUSED)
<BR><BR>[Calls]<UL><LI><a href="#[93]">&gt;&gt;</a>&nbsp;&nbsp;&nbsp;SCM_RegWrEn
</UL>

<P><STRONG><a name="[9a]"></a>SCM_DisableTpr</STRONG> (Thumb, 26 bytes, Stack size 8 bytes, scm.o(.text), UNUSED)
<BR><BR>[Calls]<UL><LI><a href="#[93]">&gt;&gt;</a>&nbsp;&nbsp;&nbsp;SCM_RegWrEn
</UL>

<P><STRONG><a name="[134]"></a>SCM_UsbPhySet</STRONG> (Thumb, 32 bytes, Stack size 0 bytes, scm.o(.text), UNUSED)
<BR><BR>[Called By]<UL><LI><a href="#[133]">&gt;&gt;</a>&nbsp;&nbsp;&nbsp;USB_Init
</UL>

<P><STRONG><a name="[135]"></a>SCM_EnableUsbPuRes</STRONG> (Thumb, 16 bytes, Stack size 0 bytes, scm.o(.text), UNUSED)
<BR><BR>[Called By]<UL><LI><a href="#[133]">&gt;&gt;</a>&nbsp;&nbsp;&nbsp;USB_Init
</UL>

<P><STRONG><a name="[2fb]"></a>SCM_DisableUsbPuRes</STRONG> (Thumb, 14 bytes, Stack size 0 bytes, scm.o(.text), UNUSED)

<P><STRONG><a name="[9b]"></a>SCM_SetLdoPowerMode</STRONG> (Thumb, 32 bytes, Stack size 8 bytes, scm.o(.text), UNUSED)
<BR><BR>[Calls]<UL><LI><a href="#[93]">&gt;&gt;</a>&nbsp;&nbsp;&nbsp;SCM_RegWrEn
</UL>

<P><STRONG><a name="[9c]"></a>SYST_Config</STRONG> (Thumb, 66 bytes, Stack size 16 bytes, scm.o(.text), UNUSED)
<BR><BR>[Calls]<UL><LI><a href="#[9d]">&gt;&gt;</a>&nbsp;&nbsp;&nbsp;NVIC_SetPriority
</UL>

<P><STRONG><a name="[136]"></a>_delay_ms</STRONG> (Thumb, 18 bytes, Stack size 0 bytes, scm.o(.text), UNUSED)
<BR><BR>[Called By]<UL><LI><a href="#[137]">&gt;&gt;</a>&nbsp;&nbsp;&nbsp;USB_RemoteWakeWp
<LI><a href="#[133]">&gt;&gt;</a>&nbsp;&nbsp;&nbsp;USB_Init
</UL>

<P><STRONG><a name="[a7]"></a>_delay_us</STRONG> (Thumb, 18 bytes, Stack size 0 bytes, scm.o(.text))
<BR><BR>[Called By]<UL><LI><a href="#[bc]">&gt;&gt;</a>&nbsp;&nbsp;&nbsp;SSI_SpiSlvWrite
<LI><a href="#[bb]">&gt;&gt;</a>&nbsp;&nbsp;&nbsp;SSI_WaitTxIdle
<LI><a href="#[a6]">&gt;&gt;</a>&nbsp;&nbsp;&nbsp;SQI_WaitBusy
</UL>

<P><STRONG><a name="[9e]"></a>SER_init</STRONG> (Thumb, 106 bytes, Stack size 8 bytes, serial.o(.text))
<BR><BR>[Stack]<UL><LI>Max Depth = 8<LI>Call Chain = SER_init
</UL>
<BR>[Calls]<UL><LI><a href="#[9f]">&gt;&gt;</a>&nbsp;&nbsp;&nbsp;__aeabi_uidivmod
</UL>
<BR>[Called By]<UL><LI><a href="#[8d]">&gt;&gt;</a>&nbsp;&nbsp;&nbsp;sendchar
<LI><a href="#[8f]">&gt;&gt;</a>&nbsp;&nbsp;&nbsp;getkey
</UL>

<P><STRONG><a name="[8d]"></a>sendchar</STRONG> (Thumb, 48 bytes, Stack size 8 bytes, serial.o(.text))
<BR><BR>[Stack]<UL><LI>Max Depth = 16<LI>Call Chain = sendchar &rArr; SER_init
</UL>
<BR>[Calls]<UL><LI><a href="#[9e]">&gt;&gt;</a>&nbsp;&nbsp;&nbsp;SER_init
</UL>
<BR>[Called By]<UL><LI><a href="#[90]">&gt;&gt;</a>&nbsp;&nbsp;&nbsp;_ttywrch
<LI><a href="#[8e]">&gt;&gt;</a>&nbsp;&nbsp;&nbsp;fgetc
<LI><a href="#[29]">&gt;&gt;</a>&nbsp;&nbsp;&nbsp;fputc
</UL>

<P><STRONG><a name="[8f]"></a>getkey</STRONG> (Thumb, 34 bytes, Stack size 8 bytes, serial.o(.text), UNUSED)
<BR><BR>[Calls]<UL><LI><a href="#[9e]">&gt;&gt;</a>&nbsp;&nbsp;&nbsp;SER_init
</UL>
<BR>[Called By]<UL><LI><a href="#[8e]">&gt;&gt;</a>&nbsp;&nbsp;&nbsp;fgetc
</UL>

<P><STRONG><a name="[91]"></a>ExitSimulate</STRONG> (Thumb, 2 bytes, Stack size 0 bytes, serial.o(.text))
<BR><BR>[Called By]<UL><LI><a href="#[77]">&gt;&gt;</a>&nbsp;&nbsp;&nbsp;_sys_exit
</UL>

<P><STRONG><a name="[a1]"></a>WaitSqiCycles</STRONG> (Thumb, 20 bytes, Stack size 0 bytes, sqi.o(.text))
<BR><BR>[Called By]<UL><LI><a href="#[ad]">&gt;&gt;</a>&nbsp;&nbsp;&nbsp;SQI_QIPageProg
<LI><a href="#[ac]">&gt;&gt;</a>&nbsp;&nbsp;&nbsp;SQI_ChipErase
<LI><a href="#[ab]">&gt;&gt;</a>&nbsp;&nbsp;&nbsp;SQI_SectErase
<LI><a href="#[a8]">&gt;&gt;</a>&nbsp;&nbsp;&nbsp;SQI_WRSR
<LI><a href="#[a5]">&gt;&gt;</a>&nbsp;&nbsp;&nbsp;SQI_RDSR
<LI><a href="#[a4]">&gt;&gt;</a>&nbsp;&nbsp;&nbsp;SQI_HPM
<LI><a href="#[a3]">&gt;&gt;</a>&nbsp;&nbsp;&nbsp;SQI_WRDI
<LI><a href="#[a2]">&gt;&gt;</a>&nbsp;&nbsp;&nbsp;SQI_WREN
<LI><a href="#[a0]">&gt;&gt;</a>&nbsp;&nbsp;&nbsp;SQI_ReadID
</UL>

<P><STRONG><a name="[a0]"></a>SQI_ReadID</STRONG> (Thumb, 88 bytes, Stack size 20 bytes, sqi.o(.text), UNUSED)
<BR><BR>[Calls]<UL><LI><a href="#[a1]">&gt;&gt;</a>&nbsp;&nbsp;&nbsp;WaitSqiCycles
</UL>

<P><STRONG><a name="[a2]"></a>SQI_WREN</STRONG> (Thumb, 36 bytes, Stack size 4 bytes, sqi.o(.text))
<BR><BR>[Stack]<UL><LI>Max Depth = 4<LI>Call Chain = SQI_WREN
</UL>
<BR>[Calls]<UL><LI><a href="#[a1]">&gt;&gt;</a>&nbsp;&nbsp;&nbsp;WaitSqiCycles
</UL>
<BR>[Called By]<UL><LI><a href="#[ad]">&gt;&gt;</a>&nbsp;&nbsp;&nbsp;SQI_QIPageProg
<LI><a href="#[ac]">&gt;&gt;</a>&nbsp;&nbsp;&nbsp;SQI_ChipErase
<LI><a href="#[ab]">&gt;&gt;</a>&nbsp;&nbsp;&nbsp;SQI_SectErase
<LI><a href="#[a8]">&gt;&gt;</a>&nbsp;&nbsp;&nbsp;SQI_WRSR
</UL>

<P><STRONG><a name="[a3]"></a>SQI_WRDI</STRONG> (Thumb, 36 bytes, Stack size 4 bytes, sqi.o(.text), UNUSED)
<BR><BR>[Calls]<UL><LI><a href="#[a1]">&gt;&gt;</a>&nbsp;&nbsp;&nbsp;WaitSqiCycles
</UL>

<P><STRONG><a name="[a4]"></a>SQI_HPM</STRONG> (Thumb, 34 bytes, Stack size 4 bytes, sqi.o(.text))
<BR><BR>[Stack]<UL><LI>Max Depth = 4<LI>Call Chain = SQI_HPM
</UL>
<BR>[Calls]<UL><LI><a href="#[a1]">&gt;&gt;</a>&nbsp;&nbsp;&nbsp;WaitSqiCycles
</UL>
<BR>[Called By]<UL><LI><a href="#[b1]">&gt;&gt;</a>&nbsp;&nbsp;&nbsp;SQI_SetQIOWFastRead
<LI><a href="#[b0]">&gt;&gt;</a>&nbsp;&nbsp;&nbsp;SQI_SetQIOFastRead
<LI><a href="#[ae]">&gt;&gt;</a>&nbsp;&nbsp;&nbsp;SQI_SetDIOFastRead
<LI><a href="#[ad]">&gt;&gt;</a>&nbsp;&nbsp;&nbsp;SQI_QIPageProg
</UL>

<P><STRONG><a name="[a5]"></a>SQI_RDSR</STRONG> (Thumb, 110 bytes, Stack size 8 bytes, sqi.o(.text))
<BR><BR>[Stack]<UL><LI>Max Depth = 8<LI>Call Chain = SQI_RDSR
</UL>
<BR>[Calls]<UL><LI><a href="#[a1]">&gt;&gt;</a>&nbsp;&nbsp;&nbsp;WaitSqiCycles
</UL>
<BR>[Called By]<UL><LI><a href="#[b1]">&gt;&gt;</a>&nbsp;&nbsp;&nbsp;SQI_SetQIOWFastRead
<LI><a href="#[b0]">&gt;&gt;</a>&nbsp;&nbsp;&nbsp;SQI_SetQIOFastRead
<LI><a href="#[af]">&gt;&gt;</a>&nbsp;&nbsp;&nbsp;SQI_SetQOFastRead
<LI><a href="#[ad]">&gt;&gt;</a>&nbsp;&nbsp;&nbsp;SQI_QIPageProg
<LI><a href="#[ac]">&gt;&gt;</a>&nbsp;&nbsp;&nbsp;SQI_ChipErase
<LI><a href="#[a6]">&gt;&gt;</a>&nbsp;&nbsp;&nbsp;SQI_WaitBusy
</UL>

<P><STRONG><a name="[a6]"></a>SQI_WaitBusy</STRONG> (Thumb, 48 bytes, Stack size 8 bytes, sqi.o(.text))
<BR><BR>[Stack]<UL><LI>Max Depth = 16<LI>Call Chain = SQI_WaitBusy &rArr; SQI_RDSR
</UL>
<BR>[Calls]<UL><LI><a href="#[a5]">&gt;&gt;</a>&nbsp;&nbsp;&nbsp;SQI_RDSR
<LI><a href="#[a7]">&gt;&gt;</a>&nbsp;&nbsp;&nbsp;_delay_us
</UL>
<BR>[Called By]<UL><LI><a href="#[ab]">&gt;&gt;</a>&nbsp;&nbsp;&nbsp;SQI_SectErase
<LI><a href="#[a8]">&gt;&gt;</a>&nbsp;&nbsp;&nbsp;SQI_WRSR
</UL>

<P><STRONG><a name="[a8]"></a>SQI_WRSR</STRONG> (Thumb, 66 bytes, Stack size 8 bytes, sqi.o(.text))
<BR><BR>[Stack]<UL><LI>Max Depth = 24<LI>Call Chain = SQI_WRSR &rArr; SQI_WaitBusy &rArr; SQI_RDSR
</UL>
<BR>[Calls]<UL><LI><a href="#[a6]">&gt;&gt;</a>&nbsp;&nbsp;&nbsp;SQI_WaitBusy
<LI><a href="#[a2]">&gt;&gt;</a>&nbsp;&nbsp;&nbsp;SQI_WREN
<LI><a href="#[a1]">&gt;&gt;</a>&nbsp;&nbsp;&nbsp;WaitSqiCycles
</UL>
<BR>[Called By]<UL><LI><a href="#[b2]">&gt;&gt;</a>&nbsp;&nbsp;&nbsp;SQI_Init
<LI><a href="#[b1]">&gt;&gt;</a>&nbsp;&nbsp;&nbsp;SQI_SetQIOWFastRead
<LI><a href="#[b0]">&gt;&gt;</a>&nbsp;&nbsp;&nbsp;SQI_SetQIOFastRead
<LI><a href="#[af]">&gt;&gt;</a>&nbsp;&nbsp;&nbsp;SQI_SetQOFastRead
<LI><a href="#[ad]">&gt;&gt;</a>&nbsp;&nbsp;&nbsp;SQI_QIPageProg
</UL>

<P><STRONG><a name="[ab]"></a>SQI_SectErase</STRONG> (Thumb, 56 bytes, Stack size 8 bytes, sqi.o(.text))
<BR><BR>[Stack]<UL><LI>Max Depth = 24<LI>Call Chain = SQI_SectErase &rArr; SQI_WaitBusy &rArr; SQI_RDSR
</UL>
<BR>[Calls]<UL><LI><a href="#[a6]">&gt;&gt;</a>&nbsp;&nbsp;&nbsp;SQI_WaitBusy
<LI><a href="#[a2]">&gt;&gt;</a>&nbsp;&nbsp;&nbsp;SQI_WREN
<LI><a href="#[a1]">&gt;&gt;</a>&nbsp;&nbsp;&nbsp;WaitSqiCycles
<LI><a href="#[a9]">&gt;&gt;</a>&nbsp;&nbsp;&nbsp;SQI_MpuWrEnable
</UL>
<BR>[Called By]<UL><LI><a href="#[e1]">&gt;&gt;</a>&nbsp;&nbsp;&nbsp;XF_EraseSector
</UL>

<P><STRONG><a name="[ac]"></a>SQI_ChipErase</STRONG> (Thumb, 70 bytes, Stack size 8 bytes, sqi.o(.text), UNUSED)
<BR><BR>[Calls]<UL><LI><a href="#[aa]">&gt;&gt;</a>&nbsp;&nbsp;&nbsp;SQI_WrProtect
<LI><a href="#[a5]">&gt;&gt;</a>&nbsp;&nbsp;&nbsp;SQI_RDSR
<LI><a href="#[a2]">&gt;&gt;</a>&nbsp;&nbsp;&nbsp;SQI_WREN
<LI><a href="#[a1]">&gt;&gt;</a>&nbsp;&nbsp;&nbsp;WaitSqiCycles
</UL>

<P><STRONG><a name="[e3]"></a>SQI_PageProg</STRONG> (Thumb, 18 bytes, Stack size 16 bytes, sqi.o(.text))
<BR><BR>[Stack]<UL><LI>Max Depth = 16<LI>Call Chain = SQI_PageProg
</UL>
<BR>[Called By]<UL><LI><a href="#[e4]">&gt;&gt;</a>&nbsp;&nbsp;&nbsp;XF_Program
<LI><a href="#[e2]">&gt;&gt;</a>&nbsp;&nbsp;&nbsp;XF_PageProgram
</UL>

<P><STRONG><a name="[ad]"></a>SQI_QIPageProg</STRONG> (Thumb, 154 bytes, Stack size 32 bytes, sqi.o(.text), UNUSED)
<BR><BR>[Calls]<UL><LI><a href="#[a8]">&gt;&gt;</a>&nbsp;&nbsp;&nbsp;SQI_WRSR
<LI><a href="#[a5]">&gt;&gt;</a>&nbsp;&nbsp;&nbsp;SQI_RDSR
<LI><a href="#[a4]">&gt;&gt;</a>&nbsp;&nbsp;&nbsp;SQI_HPM
<LI><a href="#[a2]">&gt;&gt;</a>&nbsp;&nbsp;&nbsp;SQI_WREN
<LI><a href="#[a1]">&gt;&gt;</a>&nbsp;&nbsp;&nbsp;WaitSqiCycles
<LI><a href="#[a9]">&gt;&gt;</a>&nbsp;&nbsp;&nbsp;SQI_MpuWrEnable
</UL>

<P><STRONG><a name="[b4]"></a>SQI_SetRead</STRONG> (Thumb, 8 bytes, Stack size 0 bytes, sqi.o(.text))
<BR><BR>[Called By]<UL><LI><a href="#[b2]">&gt;&gt;</a>&nbsp;&nbsp;&nbsp;SQI_Init
</UL>

<P><STRONG><a name="[b5]"></a>SQI_SetFastRead</STRONG> (Thumb, 8 bytes, Stack size 0 bytes, sqi.o(.text))
<BR><BR>[Called By]<UL><LI><a href="#[b2]">&gt;&gt;</a>&nbsp;&nbsp;&nbsp;SQI_Init
</UL>

<P><STRONG><a name="[b6]"></a>SQI_SetDOFastRead</STRONG> (Thumb, 8 bytes, Stack size 0 bytes, sqi.o(.text))
<BR><BR>[Called By]<UL><LI><a href="#[b2]">&gt;&gt;</a>&nbsp;&nbsp;&nbsp;SQI_Init
</UL>

<P><STRONG><a name="[ae]"></a>SQI_SetDIOFastRead</STRONG> (Thumb, 14 bytes, Stack size 4 bytes, sqi.o(.text))
<BR><BR>[Stack]<UL><LI>Max Depth = 8<LI>Call Chain = SQI_SetDIOFastRead &rArr; SQI_HPM
</UL>
<BR>[Calls]<UL><LI><a href="#[a4]">&gt;&gt;</a>&nbsp;&nbsp;&nbsp;SQI_HPM
</UL>
<BR>[Called By]<UL><LI><a href="#[b2]">&gt;&gt;</a>&nbsp;&nbsp;&nbsp;SQI_Init
</UL>

<P><STRONG><a name="[af]"></a>SQI_SetQOFastRead</STRONG> (Thumb, 34 bytes, Stack size 8 bytes, sqi.o(.text))
<BR><BR>[Stack]<UL><LI>Max Depth = 32<LI>Call Chain = SQI_SetQOFastRead &rArr; SQI_WRSR &rArr; SQI_WaitBusy &rArr; SQI_RDSR
</UL>
<BR>[Calls]<UL><LI><a href="#[a8]">&gt;&gt;</a>&nbsp;&nbsp;&nbsp;SQI_WRSR
<LI><a href="#[a5]">&gt;&gt;</a>&nbsp;&nbsp;&nbsp;SQI_RDSR
</UL>
<BR>[Called By]<UL><LI><a href="#[b2]">&gt;&gt;</a>&nbsp;&nbsp;&nbsp;SQI_Init
</UL>

<P><STRONG><a name="[b0]"></a>SQI_SetQIOFastRead</STRONG> (Thumb, 38 bytes, Stack size 8 bytes, sqi.o(.text))
<BR><BR>[Stack]<UL><LI>Max Depth = 32<LI>Call Chain = SQI_SetQIOFastRead &rArr; SQI_WRSR &rArr; SQI_WaitBusy &rArr; SQI_RDSR
</UL>
<BR>[Calls]<UL><LI><a href="#[a8]">&gt;&gt;</a>&nbsp;&nbsp;&nbsp;SQI_WRSR
<LI><a href="#[a5]">&gt;&gt;</a>&nbsp;&nbsp;&nbsp;SQI_RDSR
<LI><a href="#[a4]">&gt;&gt;</a>&nbsp;&nbsp;&nbsp;SQI_HPM
</UL>
<BR>[Called By]<UL><LI><a href="#[b2]">&gt;&gt;</a>&nbsp;&nbsp;&nbsp;SQI_Init
</UL>

<P><STRONG><a name="[b1]"></a>SQI_SetQIOWFastRead</STRONG> (Thumb, 38 bytes, Stack size 8 bytes, sqi.o(.text))
<BR><BR>[Stack]<UL><LI>Max Depth = 32<LI>Call Chain = SQI_SetQIOWFastRead &rArr; SQI_WRSR &rArr; SQI_WaitBusy &rArr; SQI_RDSR
</UL>
<BR>[Calls]<UL><LI><a href="#[a8]">&gt;&gt;</a>&nbsp;&nbsp;&nbsp;SQI_WRSR
<LI><a href="#[a5]">&gt;&gt;</a>&nbsp;&nbsp;&nbsp;SQI_RDSR
<LI><a href="#[a4]">&gt;&gt;</a>&nbsp;&nbsp;&nbsp;SQI_HPM
</UL>
<BR>[Called By]<UL><LI><a href="#[b2]">&gt;&gt;</a>&nbsp;&nbsp;&nbsp;SQI_Init
</UL>

<P><STRONG><a name="[b2]"></a>SQI_Init</STRONG> (Thumb, 468 bytes, Stack size 16 bytes, sqi.o(.text))
<BR><BR>[Stack]<UL><LI>Max Depth = 48<LI>Call Chain = SQI_Init &rArr; SQI_SetQIOWFastRead &rArr; SQI_WRSR &rArr; SQI_WaitBusy &rArr; SQI_RDSR
</UL>
<BR>[Calls]<UL><LI><a href="#[b3]">&gt;&gt;</a>&nbsp;&nbsp;&nbsp;__ARM_common_switch8
<LI><a href="#[b1]">&gt;&gt;</a>&nbsp;&nbsp;&nbsp;SQI_SetQIOWFastRead
<LI><a href="#[b0]">&gt;&gt;</a>&nbsp;&nbsp;&nbsp;SQI_SetQIOFastRead
<LI><a href="#[af]">&gt;&gt;</a>&nbsp;&nbsp;&nbsp;SQI_SetQOFastRead
<LI><a href="#[ae]">&gt;&gt;</a>&nbsp;&nbsp;&nbsp;SQI_SetDIOFastRead
<LI><a href="#[b6]">&gt;&gt;</a>&nbsp;&nbsp;&nbsp;SQI_SetDOFastRead
<LI><a href="#[b5]">&gt;&gt;</a>&nbsp;&nbsp;&nbsp;SQI_SetFastRead
<LI><a href="#[b4]">&gt;&gt;</a>&nbsp;&nbsp;&nbsp;SQI_SetRead
<LI><a href="#[a8]">&gt;&gt;</a>&nbsp;&nbsp;&nbsp;SQI_WRSR
</UL>
<BR>[Called By]<UL><LI><a href="#[b8]">&gt;&gt;</a>&nbsp;&nbsp;&nbsp;SQI_WriteData
<LI><a href="#[b7]">&gt;&gt;</a>&nbsp;&nbsp;&nbsp;SQI_ReadData
<LI><a href="#[e7]">&gt;&gt;</a>&nbsp;&nbsp;&nbsp;XF_Init
<LI><a href="#[36]">&gt;&gt;</a>&nbsp;&nbsp;&nbsp;SD_Init
</UL>

<P><STRONG><a name="[2fc]"></a>SQI_WriteInfo</STRONG> (Thumb, 22 bytes, Stack size 16 bytes, sqi.o(.text), UNUSED)

<P><STRONG><a name="[b7]"></a>SQI_ReadData</STRONG> (Thumb, 42 bytes, Stack size 16 bytes, sqi.o(.text))
<BR><BR>[Stack]<UL><LI>Max Depth = 64<LI>Call Chain = SQI_ReadData &rArr; SQI_Init &rArr; SQI_SetQIOWFastRead &rArr; SQI_WRSR &rArr; SQI_WaitBusy &rArr; SQI_RDSR
</UL>
<BR>[Calls]<UL><LI><a href="#[b2]">&gt;&gt;</a>&nbsp;&nbsp;&nbsp;SQI_Init
<LI><a href="#[81]">&gt;&gt;</a>&nbsp;&nbsp;&nbsp;__aeabi_memcpy
</UL>
<BR>[Called By]<UL><LI><a href="#[235]">&gt;&gt;</a>&nbsp;&nbsp;&nbsp;SD_ReadSector
</UL>

<P><STRONG><a name="[b8]"></a>SQI_WriteData</STRONG> (Thumb, 38 bytes, Stack size 16 bytes, sqi.o(.text))
<BR><BR>[Stack]<UL><LI>Max Depth = 64<LI>Call Chain = SQI_WriteData &rArr; SQI_Init &rArr; SQI_SetQIOWFastRead &rArr; SQI_WRSR &rArr; SQI_WaitBusy &rArr; SQI_RDSR
</UL>
<BR>[Calls]<UL><LI><a href="#[b2]">&gt;&gt;</a>&nbsp;&nbsp;&nbsp;SQI_Init
</UL>
<BR>[Called By]<UL><LI><a href="#[236]">&gt;&gt;</a>&nbsp;&nbsp;&nbsp;SD_WriteSector
</UL>

<P><STRONG><a name="[ba]"></a>SSI_PortInit</STRONG> (Thumb, 140 bytes, Stack size 0 bytes, ssi.o(.text), UNUSED)
<BR><BR>[Called By]<UL><LI><a href="#[b9]">&gt;&gt;</a>&nbsp;&nbsp;&nbsp;SSI_SpiSlvInit
</UL>

<P><STRONG><a name="[b9]"></a>SSI_SpiSlvInit</STRONG> (Thumb, 188 bytes, Stack size 36 bytes, ssi.o(.text), UNUSED)
<BR><BR>[Calls]<UL><LI><a href="#[ba]">&gt;&gt;</a>&nbsp;&nbsp;&nbsp;SSI_PortInit
</UL>

<P><STRONG><a name="[bb]"></a>SSI_WaitTxIdle</STRONG> (Thumb, 54 bytes, Stack size 16 bytes, ssi.o(.text), UNUSED)
<BR><BR>[Calls]<UL><LI><a href="#[a7]">&gt;&gt;</a>&nbsp;&nbsp;&nbsp;_delay_us
</UL>

<P><STRONG><a name="[bc]"></a>SSI_SpiSlvWrite</STRONG> (Thumb, 190 bytes, Stack size 32 bytes, ssi.o(.text), UNUSED)
<BR><BR>[Calls]<UL><LI><a href="#[a7]">&gt;&gt;</a>&nbsp;&nbsp;&nbsp;_delay_us
</UL>

<P><STRONG><a name="[bd]"></a>SSI_StopReceive</STRONG> (Thumb, 34 bytes, Stack size 8 bytes, ssi.o(.text), UNUSED)
<BR><BR>[Calls]<UL><LI><a href="#[be]">&gt;&gt;</a>&nbsp;&nbsp;&nbsp;NVIC_DisableIRQ
<LI><a href="#[bf]">&gt;&gt;</a>&nbsp;&nbsp;&nbsp;NVIC_EnableIRQ
</UL>

<P><STRONG><a name="[c0]"></a>SSI_StartReceive</STRONG> (Thumb, 54 bytes, Stack size 8 bytes, ssi.o(.text), UNUSED)
<BR><BR>[Calls]<UL><LI><a href="#[be]">&gt;&gt;</a>&nbsp;&nbsp;&nbsp;NVIC_DisableIRQ
<LI><a href="#[bf]">&gt;&gt;</a>&nbsp;&nbsp;&nbsp;NVIC_EnableIRQ
</UL>

<P><STRONG><a name="[2fd]"></a>SSI_GetRxSize</STRONG> (Thumb, 6 bytes, Stack size 0 bytes, ssi.o(.text), UNUSED)

<P><STRONG><a name="[17]"></a>SSI_Handler</STRONG> (Thumb, 226 bytes, Stack size 12 bytes, ssi.o(.text))
<BR><BR>[Stack]<UL><LI>Max Depth = 12<LI>Call Chain = SSI_Handler
</UL>
<BR>[Address Reference Count : 1]<UL><LI> startup_sy03.o(RESET)
</UL>
<P><STRONG><a name="[c1]"></a>SWPS_Init</STRONG> (Thumb, 300 bytes, Stack size 16 bytes, swps.o(.text), UNUSED)
<BR><BR>[Calls]<UL><LI><a href="#[c3]">&gt;&gt;</a>&nbsp;&nbsp;&nbsp;NVIC_EnableIRQ
<LI><a href="#[c2]">&gt;&gt;</a>&nbsp;&nbsp;&nbsp;SCM_GetSysClk
<LI><a href="#[9f]">&gt;&gt;</a>&nbsp;&nbsp;&nbsp;__aeabi_uidivmod
</UL>

<P><STRONG><a name="[2fe]"></a>SWPS_SendFrame</STRONG> (Thumb, 256 bytes, Stack size 12 bytes, swps.o(.text), UNUSED)

<P><STRONG><a name="[c4]"></a>SWPS_GetFrame</STRONG> (Thumb, 110 bytes, Stack size 32 bytes, swps.o(.text), UNUSED)
<BR><BR>[Calls]<UL><LI><a href="#[c3]">&gt;&gt;</a>&nbsp;&nbsp;&nbsp;NVIC_EnableIRQ
<LI><a href="#[81]">&gt;&gt;</a>&nbsp;&nbsp;&nbsp;__aeabi_memcpy
</UL>

<P><STRONG><a name="[1a]"></a>SWPS_Handler</STRONG> (Thumb, 382 bytes, Stack size 8 bytes, swps.o(.text))
<BR><BR>[Stack]<UL><LI>Max Depth = 8<LI>Call Chain = SWPS_Handler
</UL>
<BR>[Address Reference Count : 1]<UL><LI> startup_sy03.o(RESET)
</UL>
<P><STRONG><a name="[2ff]"></a>SWPS_GetState</STRONG> (Thumb, 6 bytes, Stack size 0 bytes, swps.o(.text), UNUSED)

<P><STRONG><a name="[c6]"></a>UART_PortInit</STRONG> (Thumb, 102 bytes, Stack size 0 bytes, uart.o(.text), UNUSED)
<BR><BR>[Called By]<UL><LI><a href="#[c5]">&gt;&gt;</a>&nbsp;&nbsp;&nbsp;UART_Init
</UL>

<P><STRONG><a name="[c7]"></a>UART_GetRegs</STRONG> (Thumb, 14 bytes, Stack size 0 bytes, uart.o(.text))
<BR><BR>[Called By]<UL><LI><a href="#[ce]">&gt;&gt;</a>&nbsp;&nbsp;&nbsp;UARTx_IntProc
<LI><a href="#[c8]">&gt;&gt;</a>&nbsp;&nbsp;&nbsp;UART_SendByte
<LI><a href="#[c5]">&gt;&gt;</a>&nbsp;&nbsp;&nbsp;UART_Init
</UL>

<P><STRONG><a name="[c5]"></a>UART_Init</STRONG> (Thumb, 536 bytes, Stack size 40 bytes, uart.o(.text), UNUSED)
<BR><BR>[Calls]<UL><LI><a href="#[c7]">&gt;&gt;</a>&nbsp;&nbsp;&nbsp;UART_GetRegs
<LI><a href="#[c6]">&gt;&gt;</a>&nbsp;&nbsp;&nbsp;UART_PortInit
<LI><a href="#[9f]">&gt;&gt;</a>&nbsp;&nbsp;&nbsp;__aeabi_uidivmod
</UL>

<P><STRONG><a name="[c8]"></a>UART_SendByte</STRONG> (Thumb, 256 bytes, Stack size 24 bytes, uart.o(.text), UNUSED)
<BR><BR>[Calls]<UL><LI><a href="#[c7]">&gt;&gt;</a>&nbsp;&nbsp;&nbsp;UART_GetRegs
<LI><a href="#[c9]">&gt;&gt;</a>&nbsp;&nbsp;&nbsp;NVIC_DisableIRQ
<LI><a href="#[ca]">&gt;&gt;</a>&nbsp;&nbsp;&nbsp;NVIC_EnableIRQ
</UL>
<BR>[Called By]<UL><LI><a href="#[cc]">&gt;&gt;</a>&nbsp;&nbsp;&nbsp;UART_SendBuf
</UL>

<P><STRONG><a name="[cb]"></a>UART_ReceByte</STRONG> (Thumb, 170 bytes, Stack size 16 bytes, uart.o(.text), UNUSED)
<BR><BR>[Calls]<UL><LI><a href="#[c9]">&gt;&gt;</a>&nbsp;&nbsp;&nbsp;NVIC_DisableIRQ
<LI><a href="#[ca]">&gt;&gt;</a>&nbsp;&nbsp;&nbsp;NVIC_EnableIRQ
</UL>

<P><STRONG><a name="[cc]"></a>UART_SendBuf</STRONG> (Thumb, 46 bytes, Stack size 24 bytes, uart.o(.text), UNUSED)
<BR><BR>[Calls]<UL><LI><a href="#[c8]">&gt;&gt;</a>&nbsp;&nbsp;&nbsp;UART_SendByte
</UL>

<P><STRONG><a name="[cd]"></a>UART_ReceBuf</STRONG> (Thumb, 156 bytes, Stack size 16 bytes, uart.o(.text), UNUSED)
<BR><BR>[Calls]<UL><LI><a href="#[c9]">&gt;&gt;</a>&nbsp;&nbsp;&nbsp;NVIC_DisableIRQ
<LI><a href="#[ca]">&gt;&gt;</a>&nbsp;&nbsp;&nbsp;NVIC_EnableIRQ
</UL>

<P><STRONG><a name="[ce]"></a>UARTx_IntProc</STRONG> (Thumb, 320 bytes, Stack size 20 bytes, uart.o(.text))
<BR><BR>[Stack]<UL><LI>Max Depth = 20<LI>Call Chain = UARTx_IntProc
</UL>
<BR>[Calls]<UL><LI><a href="#[c7]">&gt;&gt;</a>&nbsp;&nbsp;&nbsp;UART_GetRegs
</UL>
<BR>[Called By]<UL><LI><a href="#[18]">&gt;&gt;</a>&nbsp;&nbsp;&nbsp;UART0_Handler
</UL>

<P><STRONG><a name="[18]"></a>UART0_Handler</STRONG> (Thumb, 10 bytes, Stack size 4 bytes, uart.o(.text))
<BR><BR>[Stack]<UL><LI>Max Depth = 24<LI>Call Chain = UART0_Handler &rArr; UARTx_IntProc
</UL>
<BR>[Calls]<UL><LI><a href="#[ce]">&gt;&gt;</a>&nbsp;&nbsp;&nbsp;UARTx_IntProc
</UL>
<BR>[Address Reference Count : 1]<UL><LI> startup_sy03.o(RESET)
</UL>
<P><STRONG><a name="[cf]"></a>VPWM_VoiceInit</STRONG> (Thumb, 156 bytes, Stack size 24 bytes, vpwm.o(.text), UNUSED)
<BR><BR>[Calls]<UL><LI><a href="#[c2]">&gt;&gt;</a>&nbsp;&nbsp;&nbsp;SCM_GetSysClk
<LI><a href="#[d3]">&gt;&gt;</a>&nbsp;&nbsp;&nbsp;SCM_ReleaseModRst
<LI><a href="#[d1]">&gt;&gt;</a>&nbsp;&nbsp;&nbsp;SCM_KeepModRst
<LI><a href="#[d2]">&gt;&gt;</a>&nbsp;&nbsp;&nbsp;SCM_EnableModClk
<LI><a href="#[d0]">&gt;&gt;</a>&nbsp;&nbsp;&nbsp;SCM_DisableModClk
<LI><a href="#[9f]">&gt;&gt;</a>&nbsp;&nbsp;&nbsp;__aeabi_uidivmod
</UL>

<P><STRONG><a name="[300]"></a>VPWM_VoicePlay</STRONG> (Thumb, 228 bytes, Stack size 20 bytes, vpwm.o(.text), UNUSED)

<P><STRONG><a name="[301]"></a>VPWM_GetPlayStatus</STRONG> (Thumb, 18 bytes, Stack size 0 bytes, vpwm.o(.text), UNUSED)

<P><STRONG><a name="[302]"></a>VPWM_SetVolume</STRONG> (Thumb, 38 bytes, Stack size 0 bytes, vpwm.o(.text), UNUSED)

<P><STRONG><a name="[1f]"></a>VPWM_Handler</STRONG> (Thumb, 172 bytes, Stack size 0 bytes, vpwm.o(.text))
<BR>[Address Reference Count : 1]<UL><LI> startup_sy03.o(RESET)
</UL>
<P><STRONG><a name="[d4]"></a>VPWM_PwmInit</STRONG> (Thumb, 30 bytes, Stack size 8 bytes, vpwm.o(.text), UNUSED)
<BR><BR>[Calls]<UL><LI><a href="#[d3]">&gt;&gt;</a>&nbsp;&nbsp;&nbsp;SCM_ReleaseModRst
<LI><a href="#[d1]">&gt;&gt;</a>&nbsp;&nbsp;&nbsp;SCM_KeepModRst
<LI><a href="#[d2]">&gt;&gt;</a>&nbsp;&nbsp;&nbsp;SCM_EnableModClk
<LI><a href="#[d0]">&gt;&gt;</a>&nbsp;&nbsp;&nbsp;SCM_DisableModClk
</UL>

<P><STRONG><a name="[303]"></a>VPWM_PwmWaveOutput</STRONG> (Thumb, 84 bytes, Stack size 0 bytes, vpwm.o(.text), UNUSED)

<P><STRONG><a name="[d8]"></a>ReadRandData</STRONG> (Thumb, 26 bytes, Stack size 0 bytes, trng.o(.text))
<BR><BR>[Called By]<UL><LI><a href="#[d7]">&gt;&gt;</a>&nbsp;&nbsp;&nbsp;Trng_GenRandom
</UL>

<P><STRONG><a name="[d6]"></a>Trng_WaitDone</STRONG> (Thumb, 50 bytes, Stack size 0 bytes, trng.o(.text))
<BR><BR>[Called By]<UL><LI><a href="#[d7]">&gt;&gt;</a>&nbsp;&nbsp;&nbsp;Trng_GenRandom
<LI><a href="#[d5]">&gt;&gt;</a>&nbsp;&nbsp;&nbsp;Trng_Init
</UL>

<P><STRONG><a name="[d5]"></a>Trng_Init</STRONG> (Thumb, 56 bytes, Stack size 4 bytes, trng.o(.text))
<BR><BR>[Stack]<UL><LI>Max Depth = 4<LI>Call Chain = Trng_Init
</UL>
<BR>[Calls]<UL><LI><a href="#[d6]">&gt;&gt;</a>&nbsp;&nbsp;&nbsp;Trng_WaitDone
</UL>
<BR>[Called By]<UL><LI><a href="#[72]">&gt;&gt;</a>&nbsp;&nbsp;&nbsp;main
<LI><a href="#[29c]">&gt;&gt;</a>&nbsp;&nbsp;&nbsp;R_GenerateBytes
<LI><a href="#[281]">&gt;&gt;</a>&nbsp;&nbsp;&nbsp;NN_Random
</UL>

<P><STRONG><a name="[d7]"></a>Trng_GenRandom</STRONG> (Thumb, 102 bytes, Stack size 40 bytes, trng.o(.text))
<BR><BR>[Stack]<UL><LI>Max Depth = 64<LI>Call Chain = Trng_GenRandom &rArr; __aeabi_memcpy
</UL>
<BR>[Calls]<UL><LI><a href="#[d6]">&gt;&gt;</a>&nbsp;&nbsp;&nbsp;Trng_WaitDone
<LI><a href="#[d8]">&gt;&gt;</a>&nbsp;&nbsp;&nbsp;ReadRandData
<LI><a href="#[81]">&gt;&gt;</a>&nbsp;&nbsp;&nbsp;__aeabi_memcpy
</UL>
<BR>[Called By]<UL><LI><a href="#[1e4]">&gt;&gt;</a>&nbsp;&nbsp;&nbsp;CMD_GenSessionKey
<LI><a href="#[1b0]">&gt;&gt;</a>&nbsp;&nbsp;&nbsp;CMD_GenRandom
<LI><a href="#[1a7]">&gt;&gt;</a>&nbsp;&nbsp;&nbsp;CMD_RSAExportSessionKey
<LI><a href="#[191]">&gt;&gt;</a>&nbsp;&nbsp;&nbsp;CMD_ECCExportSessionKey
<LI><a href="#[174]">&gt;&gt;</a>&nbsp;&nbsp;&nbsp;CMD_GenerateSymmKey
<LI><a href="#[29c]">&gt;&gt;</a>&nbsp;&nbsp;&nbsp;R_GenerateBytes
<LI><a href="#[281]">&gt;&gt;</a>&nbsp;&nbsp;&nbsp;NN_Random
</UL>

<P><STRONG><a name="[273]"></a>Prng_GenRandom</STRONG> (Thumb, 50 bytes, Stack size 8 bytes, trng.o(.text))
<BR><BR>[Stack]<UL><LI>Max Depth = 8<LI>Call Chain = Prng_GenRandom
</UL>
<BR>[Called By]<UL><LI><a href="#[2a9]">&gt;&gt;</a>&nbsp;&nbsp;&nbsp;ECC_PreProcess
<LI><a href="#[2a5]">&gt;&gt;</a>&nbsp;&nbsp;&nbsp;ECC_PointMult_s
<LI><a href="#[272]">&gt;&gt;</a>&nbsp;&nbsp;&nbsp;NN_ModExpSign
</UL>

<P><STRONG><a name="[dd]"></a>SF_WriteBlocks</STRONG> (Thumb, 286 bytes, Stack size 1080 bytes, sflash.o(.text))
<BR><BR>[Stack]<UL><LI>Max Depth = 1176<LI>Call Chain = SF_WriteBlocks &rArr; SF_BackupPage &rArr; EFC_Erase &rArr; EFC_IsEraseOK
</UL>
<BR>[Calls]<UL><LI><a href="#[84]">&gt;&gt;</a>&nbsp;&nbsp;&nbsp;EFC_ReadInfo
<LI><a href="#[82]">&gt;&gt;</a>&nbsp;&nbsp;&nbsp;EFC_PageProg
<LI><a href="#[7b]">&gt;&gt;</a>&nbsp;&nbsp;&nbsp;EFC_Erase
<LI><a href="#[7c]">&gt;&gt;</a>&nbsp;&nbsp;&nbsp;EFC_IsEraseOK
<LI><a href="#[d9]">&gt;&gt;</a>&nbsp;&nbsp;&nbsp;SF_BackupPage
<LI><a href="#[9f]">&gt;&gt;</a>&nbsp;&nbsp;&nbsp;__aeabi_uidivmod
<LI><a href="#[81]">&gt;&gt;</a>&nbsp;&nbsp;&nbsp;__aeabi_memcpy
</UL>
<BR>[Called By]<UL><LI><a href="#[df]">&gt;&gt;</a>&nbsp;&nbsp;&nbsp;SF_WriteData
</UL>

<P><STRONG><a name="[de]"></a>SF_Init</STRONG> (Thumb, 84 bytes, Stack size 16 bytes, sflash.o(.text))
<BR><BR>[Stack]<UL><LI>Max Depth = 1152<LI>Call Chain = SF_Init &rArr; SF_CheckBKStatus &rArr; SF_RecoverPage &rArr; EFC_Erase &rArr; EFC_IsEraseOK
</UL>
<BR>[Calls]<UL><LI><a href="#[dc]">&gt;&gt;</a>&nbsp;&nbsp;&nbsp;SF_CheckBKStatus
</UL>
<BR>[Called By]<UL><LI><a href="#[72]">&gt;&gt;</a>&nbsp;&nbsp;&nbsp;main
</UL>

<P><STRONG><a name="[df]"></a>SF_WriteData</STRONG> (Thumb, 136 bytes, Stack size 40 bytes, sflash.o(.text))
<BR><BR>[Stack]<UL><LI>Max Depth = 1216<LI>Call Chain = SF_WriteData &rArr; SF_WriteBlocks &rArr; SF_BackupPage &rArr; EFC_Erase &rArr; EFC_IsEraseOK
</UL>
<BR>[Calls]<UL><LI><a href="#[7e]">&gt;&gt;</a>&nbsp;&nbsp;&nbsp;EFC_WrProtect
<LI><a href="#[dd]">&gt;&gt;</a>&nbsp;&nbsp;&nbsp;SF_WriteBlocks
<LI><a href="#[9f]">&gt;&gt;</a>&nbsp;&nbsp;&nbsp;__aeabi_uidivmod
</UL>
<BR>[Called By]<UL><LI><a href="#[19c]">&gt;&gt;</a>&nbsp;&nbsp;&nbsp;FS_WriteDirNodeInfo
<LI><a href="#[199]">&gt;&gt;</a>&nbsp;&nbsp;&nbsp;FS_UpdateFile
<LI><a href="#[147]">&gt;&gt;</a>&nbsp;&nbsp;&nbsp;FS_Format
<LI><a href="#[197]">&gt;&gt;</a>&nbsp;&nbsp;&nbsp;FS_DeleteFile
<LI><a href="#[198]">&gt;&gt;</a>&nbsp;&nbsp;&nbsp;FS_CreateFile
<LI><a href="#[187]">&gt;&gt;</a>&nbsp;&nbsp;&nbsp;CMD_GenerateAgreementDataWithECC
<LI><a href="#[295]">&gt;&gt;</a>&nbsp;&nbsp;&nbsp;FS_WriteFileNodeInfo
</UL>

<P><STRONG><a name="[e0]"></a>SF_ReadData</STRONG> (Thumb, 156 bytes, Stack size 40 bytes, sflash.o(.text))
<BR><BR>[Stack]<UL><LI>Max Depth = 64<LI>Call Chain = SF_ReadData &rArr; __aeabi_memcpy
</UL>
<BR>[Calls]<UL><LI><a href="#[9f]">&gt;&gt;</a>&nbsp;&nbsp;&nbsp;__aeabi_uidivmod
<LI><a href="#[81]">&gt;&gt;</a>&nbsp;&nbsp;&nbsp;__aeabi_memcpy
</UL>
<BR>[Called By]<UL><LI><a href="#[199]">&gt;&gt;</a>&nbsp;&nbsp;&nbsp;FS_UpdateFile
<LI><a href="#[17c]">&gt;&gt;</a>&nbsp;&nbsp;&nbsp;FS_SelectFileByID
<LI><a href="#[178]">&gt;&gt;</a>&nbsp;&nbsp;&nbsp;FS_SelectFileByCluster
<LI><a href="#[1c7]">&gt;&gt;</a>&nbsp;&nbsp;&nbsp;FS_SelectDirOrFileByName2
<LI><a href="#[1b6]">&gt;&gt;</a>&nbsp;&nbsp;&nbsp;FS_SelectDirOrFileByName
<LI><a href="#[1b2]">&gt;&gt;</a>&nbsp;&nbsp;&nbsp;FS_ReadFileNodeInfo
<LI><a href="#[17d]">&gt;&gt;</a>&nbsp;&nbsp;&nbsp;FS_ReadFile
<LI><a href="#[17b]">&gt;&gt;</a>&nbsp;&nbsp;&nbsp;FS_ReadDirNodeInfo
<LI><a href="#[1df]">&gt;&gt;</a>&nbsp;&nbsp;&nbsp;FS_GetFreeSpace
<LI><a href="#[1d3]">&gt;&gt;</a>&nbsp;&nbsp;&nbsp;FS_Enum
<LI><a href="#[197]">&gt;&gt;</a>&nbsp;&nbsp;&nbsp;FS_DeleteFile
<LI><a href="#[198]">&gt;&gt;</a>&nbsp;&nbsp;&nbsp;FS_CreateFile
<LI><a href="#[181]">&gt;&gt;</a>&nbsp;&nbsp;&nbsp;CMD_GenerateKeyWithECC
<LI><a href="#[13d]">&gt;&gt;</a>&nbsp;&nbsp;&nbsp;FS_Init
<LI><a href="#[294]">&gt;&gt;</a>&nbsp;&nbsp;&nbsp;FS_ReadNodeInfo
</UL>

<P><STRONG><a name="[e1]"></a>XF_EraseSector</STRONG> (Thumb, 38 bytes, Stack size 24 bytes, xflash.o(.text))
<BR><BR>[Stack]<UL><LI>Max Depth = 48<LI>Call Chain = XF_EraseSector &rArr; SQI_SectErase &rArr; SQI_WaitBusy &rArr; SQI_RDSR
</UL>
<BR>[Calls]<UL><LI><a href="#[ab]">&gt;&gt;</a>&nbsp;&nbsp;&nbsp;SQI_SectErase
</UL>
<BR>[Called By]<UL><LI><a href="#[e8]">&gt;&gt;</a>&nbsp;&nbsp;&nbsp;XF_WriteSector
<LI><a href="#[e6]">&gt;&gt;</a>&nbsp;&nbsp;&nbsp;XF_CheckBKStatus
</UL>

<P><STRONG><a name="[e4]"></a>XF_Program</STRONG> (Thumb, 106 bytes, Stack size 288 bytes, xflash.o(.text), UNUSED)
<BR><BR>[Calls]<UL><LI><a href="#[e3]">&gt;&gt;</a>&nbsp;&nbsp;&nbsp;SQI_PageProg
<LI><a href="#[db]">&gt;&gt;</a>&nbsp;&nbsp;&nbsp;__aeabi_memset
<LI><a href="#[81]">&gt;&gt;</a>&nbsp;&nbsp;&nbsp;__aeabi_memcpy
</UL>

<P><STRONG><a name="[e7]"></a>XF_Init</STRONG> (Thumb, 34 bytes, Stack size 8 bytes, xflash.o(.text), UNUSED)
<BR><BR>[Calls]<UL><LI><a href="#[b2]">&gt;&gt;</a>&nbsp;&nbsp;&nbsp;SQI_Init
<LI><a href="#[e6]">&gt;&gt;</a>&nbsp;&nbsp;&nbsp;XF_CheckBKStatus
</UL>

<P><STRONG><a name="[e9]"></a>XF_WriteData</STRONG> (Thumb, 114 bytes, Stack size 40 bytes, xflash.o(.text))
<BR><BR>[Stack]<UL><LI>Max Depth = 1168<LI>Call Chain = XF_WriteData &rArr; XF_WriteSector &rArr; XF_EraseSector &rArr; SQI_SectErase &rArr; SQI_WaitBusy &rArr; SQI_RDSR
</UL>
<BR>[Calls]<UL><LI><a href="#[e8]">&gt;&gt;</a>&nbsp;&nbsp;&nbsp;XF_WriteSector
</UL>
<BR>[Called By]<UL><LI><a href="#[1ff]">&gt;&gt;</a>&nbsp;&nbsp;&nbsp;CMD_FormatCD
</UL>

<P><STRONG><a name="[ea]"></a>XF_ReadData</STRONG> (Thumb, 42 bytes, Stack size 16 bytes, xflash.o(.text), UNUSED)
<BR><BR>[Calls]<UL><LI><a href="#[e5]">&gt;&gt;</a>&nbsp;&nbsp;&nbsp;XF_Read
</UL>

<P><STRONG><a name="[ec]"></a>SDSI_ConfigRegs</STRONG> (Thumb, 650 bytes, Stack size 0 bytes, sdsi.o(.text))
<BR><BR>[Called By]<UL><LI><a href="#[20]">&gt;&gt;</a>&nbsp;&nbsp;&nbsp;SDSI_Handler
<LI><a href="#[eb]">&gt;&gt;</a>&nbsp;&nbsp;&nbsp;SDSI_Init
</UL>

<P><STRONG><a name="[304]"></a>SDSI_ConfigRegs1</STRONG> (Thumb, 586 bytes, Stack size 0 bytes, sdsi.o(.text), UNUSED)

<P><STRONG><a name="[eb]"></a>SDSI_Init</STRONG> (Thumb, 306 bytes, Stack size 16 bytes, sdsi.o(.text))
<BR><BR>[Stack]<UL><LI>Max Depth = 16<LI>Call Chain = SDSI_Init
</UL>
<BR>[Calls]<UL><LI><a href="#[ec]">&gt;&gt;</a>&nbsp;&nbsp;&nbsp;SDSI_ConfigRegs
<LI><a href="#[78]">&gt;&gt;</a>&nbsp;&nbsp;&nbsp;__aeabi_memclr4
</UL>
<BR>[Called By]<UL><LI><a href="#[13b]">&gt;&gt;</a>&nbsp;&nbsp;&nbsp;SD_AppInit
</UL>

<P><STRONG><a name="[305]"></a>SDSI_IsInFile</STRONG> (Thumb, 80 bytes, Stack size 0 bytes, sdsi.o(.text), UNUSED)

<P><STRONG><a name="[20]"></a>SDSI_Handler</STRONG> (Thumb, 1216 bytes, Stack size 40 bytes, sdsi.o(.text))
<BR><BR>[Stack]<UL><LI>Max Depth = 40<LI>Call Chain = SDSI_Handler
</UL>
<BR>[Calls]<UL><LI><a href="#[ec]">&gt;&gt;</a>&nbsp;&nbsp;&nbsp;SDSI_ConfigRegs
</UL>
<BR>[Address Reference Count : 1]<UL><LI> startup_sy03.o(RESET)
</UL>
<P><STRONG><a name="[106]"></a>SDI_FlushDatBuf</STRONG> (Thumb, 8 bytes, Stack size 0 bytes, sdi.o(.text))
<BR><BR>[Called By]<UL><LI><a href="#[10f]">&gt;&gt;</a>&nbsp;&nbsp;&nbsp;SDI_WriteMultiBlockNoCmd
<LI><a href="#[10e]">&gt;&gt;</a>&nbsp;&nbsp;&nbsp;SDI_WriteMultiBlockWithCmd
<LI><a href="#[108]">&gt;&gt;</a>&nbsp;&nbsp;&nbsp;SDI_WriteMultiBlockNxt
<LI><a href="#[107]">&gt;&gt;</a>&nbsp;&nbsp;&nbsp;SDI_WriteMultiBlock1st
<LI><a href="#[105]">&gt;&gt;</a>&nbsp;&nbsp;&nbsp;SDI_WriteBlock
</UL>

<P><STRONG><a name="[f1]"></a>SDI_Wait</STRONG> (Thumb, 24 bytes, Stack size 0 bytes, sdi.o(.text))
<BR><BR>[Called By]<UL><LI><a href="#[10f]">&gt;&gt;</a>&nbsp;&nbsp;&nbsp;SDI_WriteMultiBlockNoCmd
<LI><a href="#[10e]">&gt;&gt;</a>&nbsp;&nbsp;&nbsp;SDI_WriteMultiBlockWithCmd
<LI><a href="#[10d]">&gt;&gt;</a>&nbsp;&nbsp;&nbsp;SDI_ReadMultiBlockNoCmd
<LI><a href="#[10c]">&gt;&gt;</a>&nbsp;&nbsp;&nbsp;SDI_ReadMultiBlockWithCmd
<LI><a href="#[10b]">&gt;&gt;</a>&nbsp;&nbsp;&nbsp;SDI_GoInactiveState
<LI><a href="#[10a]">&gt;&gt;</a>&nbsp;&nbsp;&nbsp;SDI_ReadStatus
<LI><a href="#[109]">&gt;&gt;</a>&nbsp;&nbsp;&nbsp;SDI_EraseBlock
<LI><a href="#[108]">&gt;&gt;</a>&nbsp;&nbsp;&nbsp;SDI_WriteMultiBlockNxt
<LI><a href="#[107]">&gt;&gt;</a>&nbsp;&nbsp;&nbsp;SDI_WriteMultiBlock1st
<LI><a href="#[105]">&gt;&gt;</a>&nbsp;&nbsp;&nbsp;SDI_WriteBlock
<LI><a href="#[104]">&gt;&gt;</a>&nbsp;&nbsp;&nbsp;SDI_StopTransmission
[...]
<BR><BR>[Stack]<UL><LI>Max Depth = 296 + Unknown Stack Size
<LI>Call Chain = find_continuous_chain &rArr; put_fat &rArr; move_window &rArr; sync_window &rArr; disk_write &rArr; __2printf &rArr; _printf_char_file &rArr; _printf_char_common &rArr; __printf
</UL>
<BR>[Calls]<UL><LI><a href="#[211]">&gt;&gt;</a>&nbsp;&nbsp;&nbsp;put_fat
<LI><a href="#[210]">&gt;&gt;</a>&nbsp;&nbsp;&nbsp;get_fat
</UL>
<BR>[Called By]<UL><LI><a href="#[1f4]">&gt;&gt;</a>&nbsp;&nbsp;&nbsp;f_lseek
</UL>

<P><STRONG><a name="[215]"></a>dir_sdi</STRONG> (Thumb, 160 bytes, Stack size 24 bytes, ff.o(.text))
<BR><BR>[Stack]<UL><LI>Max Depth = 272 + Unknown Stack Size
<LI>Call Chain = dir_sdi &rArr; get_fat &rArr; move_window &rArr; sync_window &rArr; disk_write &rArr; __2printf &rArr; _printf_char_file &rArr; _printf_char_common &rArr; __printf
</UL>
<BR>[Calls]<UL><LI><a href="#[210]">&gt;&gt;</a>&nbsp;&nbsp;&nbsp;get_fat
<LI><a href="#[216]">&gt;&gt;</a>&nbsp;&nbsp;&nbsp;clust2sect
</UL>
<BR>[Called By]<UL><LI><a href="#[22e]">&gt;&gt;</a>&nbsp;&nbsp;&nbsp;f_readdir
<LI><a href="#[221]">&gt;&gt;</a>&nbsp;&nbsp;&nbsp;follow_path
<LI><a href="#[21e]">&gt;&gt;</a>&nbsp;&nbsp;&nbsp;dir_remove
<LI><a href="#[219]">&gt;&gt;</a>&nbsp;&nbsp;&nbsp;dir_find
<LI><a href="#[218]">&gt;&gt;</a>&nbsp;&nbsp;&nbsp;dir_alloc
<LI><a href="#[1fa]">&gt;&gt;</a>&nbsp;&nbsp;&nbsp;f_unlink
<LI><a href="#[1ed]">&gt;&gt;</a>&nbsp;&nbsp;&nbsp;f_opendir
</UL>

<P><STRONG><a name="[217]"></a>dir_next</STRONG> (Thumb, 272 bytes, Stack size 32 bytes, ff.o(.text))
<BR><BR>[Stack]<UL><LI>Max Depth = 312 + Unknown Stack Size
<LI>Call Chain = dir_next &rArr; create_chain &rArr; put_fat &rArr; move_window &rArr; sync_window &rArr; disk_write &rArr; __2printf &rArr; _printf_char_file &rArr; _printf_char_common &rArr; __printf
</UL>
<BR>[Calls]<UL><LI><a href="#[210]">&gt;&gt;</a>&nbsp;&nbsp;&nbsp;get_fat
<LI><a href="#[216]">&gt;&gt;</a>&nbsp;&nbsp;&nbsp;clust2sect
<LI><a href="#[213]">&gt;&gt;</a>&nbsp;&nbsp;&nbsp;create_chain
<LI><a href="#[209]">&gt;&gt;</a>&nbsp;&nbsp;&nbsp;sync_window
<LI><a href="#[20e]">&gt;&gt;</a>&nbsp;&nbsp;&nbsp;mem_set
</UL>
<BR>[Called By]<UL><LI><a href="#[22e]">&gt;&gt;</a>&nbsp;&nbsp;&nbsp;f_readdir
<LI><a href="#[21b]">&gt;&gt;</a>&nbsp;&nbsp;&nbsp;dir_read
<LI><a href="#[219]">&gt;&gt;</a>&nbsp;&nbsp;&nbsp;dir_find
<LI><a href="#[218]">&gt;&gt;</a>&nbsp;&nbsp;&nbsp;dir_alloc
</UL>

<P><STRONG><a name="[218]"></a>dir_alloc</STRONG> (Thumb, 94 bytes, Stack size 24 bytes, ff.o(.text))
<BR><BR>[Stack]<UL><LI>Max Depth = 336 + Unknown Stack Size
<LI>Call Chain = dir_alloc &rArr; dir_next &rArr; create_chain &rArr; put_fat &rArr; move_window &rArr; sync_window &rArr; disk_write &rArr; __2printf &rArr; _printf_char_file &rArr; _printf_char_common &rArr; __printf
</UL>
<BR>[Calls]<UL><LI><a href="#[217]">&gt;&gt;</a>&nbsp;&nbsp;&nbsp;dir_next
<LI><a href="#[215]">&gt;&gt;</a>&nbsp;&nbsp;&nbsp;dir_sdi
<LI><a href="#[20b]">&gt;&gt;</a>&nbsp;&nbsp;&nbsp;move_window
</UL>
<BR>[Called By]<UL><LI><a href="#[21c]">&gt;&gt;</a>&nbsp;&nbsp;&nbsp;dir_register
</UL>

<P><STRONG><a name="[222]"></a>ld_clust</STRONG> (Thumb, 34 bytes, Stack size 8 bytes, ff.o(.text))
<BR><BR>[Stack]<UL><LI>Max Depth = 8<LI>Call Chain = ld_clust
</UL>
<BR>[Called By]<UL><LI><a href="#[233]">&gt;&gt;</a>&nbsp;&nbsp;&nbsp;f_rename
<LI><a href="#[221]">&gt;&gt;</a>&nbsp;&nbsp;&nbsp;follow_path
<LI><a href="#[1fa]">&gt;&gt;</a>&nbsp;&nbsp;&nbsp;f_unlink
<LI><a href="#[1ed]">&gt;&gt;</a>&nbsp;&nbsp;&nbsp;f_opendir
<LI><a href="#[1f2]">&gt;&gt;</a>&nbsp;&nbsp;&nbsp;f_open
</UL>

<P><STRONG><a name="[22a]"></a>st_clust</STRONG> (Thumb, 20 bytes, Stack size 0 bytes, ff.o(.text))
<BR><BR>[Called By]<UL><LI><a href="#[233]">&gt;&gt;</a>&nbsp;&nbsp;&nbsp;f_rename
<LI><a href="#[22c]">&gt;&gt;</a>&nbsp;&nbsp;&nbsp;f_sync
<LI><a href="#[1f2]">&gt;&gt;</a>&nbsp;&nbsp;&nbsp;f_open
<LI><a href="#[1ee]">&gt;&gt;</a>&nbsp;&nbsp;&nbsp;f_mkdir
</UL>

<P><STRONG><a name="[219]"></a>dir_find</STRONG> (Thumb, 100 bytes, Stack size 24 bytes, ff.o(.text))
<BR><BR>[Stack]<UL><LI>Max Depth = 336 + Unknown Stack Size
<LI>Call Chain = dir_find &rArr; dir_next &rArr; create_chain &rArr; put_fat &rArr; move_window &rArr; sync_window &rArr; disk_write &rArr; __2printf &rArr; _printf_char_file &rArr; _printf_char_common &rArr; __printf
</UL>
<BR>[Calls]<UL><LI><a href="#[217]">&gt;&gt;</a>&nbsp;&nbsp;&nbsp;dir_next
<LI><a href="#[215]">&gt;&gt;</a>&nbsp;&nbsp;&nbsp;dir_sdi
<LI><a href="#[20b]">&gt;&gt;</a>&nbsp;&nbsp;&nbsp;move_window
<LI><a href="#[21a]">&gt;&gt;</a>&nbsp;&nbsp;&nbsp;mem_cmp
</UL>
<BR>[Called By]<UL><LI><a href="#[221]">&gt;&gt;</a>&nbsp;&nbsp;&nbsp;follow_path
</UL>

<P><STRONG><a name="[21b]"></a>dir_read</STRONG> (Thumb, 122 bytes, Stack size 32 bytes, ff.o(.text), UNUSED)
<BR><BR>[Calls]<UL><LI><a href="#[217]">&gt;&gt;</a>&nbsp;&nbsp;&nbsp;dir_next
<LI><a href="#[20b]">&gt;&gt;</a>&nbsp;&nbsp;&nbsp;move_window
</UL>
<BR>[Called By]<UL><LI><a href="#[22e]">&gt;&gt;</a>&nbsp;&nbsp;&nbsp;f_readdir
<LI><a href="#[1fa]">&gt;&gt;</a>&nbsp;&nbsp;&nbsp;f_unlink
</UL>

<P><STRONG><a name="[21c]"></a>dir_register</STRONG> (Thumb, 62 bytes, Stack size 16 bytes, ff.o(.text))
<BR><BR>[Stack]<UL><LI>Max Depth = 352 + Unknown Stack Size
<LI>Call Chain = dir_register &rArr; dir_alloc &rArr; dir_next &rArr; create_chain &rArr; put_fat &rArr; move_window &rArr; sync_window &rArr; disk_write &rArr; __2printf &rArr; _printf_char_file &rArr; _printf_char_common &rArr; __printf
</UL>
<BR>[Calls]<UL><LI><a href="#[218]">&gt;&gt;</a>&nbsp;&nbsp;&nbsp;dir_alloc
<LI><a href="#[20b]">&gt;&gt;</a>&nbsp;&nbsp;&nbsp;move_window
<LI><a href="#[20e]">&gt;&gt;</a>&nbsp;&nbsp;&nbsp;mem_set
<LI><a href="#[21d]">&gt;&gt;</a>&nbsp;&nbsp;&nbsp;mem_cpy
</UL>
<BR>[Called By]<UL><LI><a href="#[233]">&gt;&gt;</a>&nbsp;&nbsp;&nbsp;f_rename
<LI><a href="#[1f2]">&gt;&gt;</a>&nbsp;&nbsp;&nbsp;f_open
<LI><a href="#[1ee]">&gt;&gt;</a>&nbsp;&nbsp;&nbsp;f_mkdir
</UL>

<P><STRONG><a name="[21e]"></a>dir_remove</STRONG> (Thumb, 58 bytes, Stack size 16 bytes, ff.o(.text), UNUSED)
<BR><BR>[Calls]<UL><LI><a href="#[215]">&gt;&gt;</a>&nbsp;&nbsp;&nbsp;dir_sdi
<LI><a href="#[20b]">&gt;&gt;</a>&nbsp;&nbsp;&nbsp;move_window
<LI><a href="#[20e]">&gt;&gt;</a>&nbsp;&nbsp;&nbsp;mem_set
</UL>
<BR>[Called By]<UL><LI><a href="#[233]">&gt;&gt;</a>&nbsp;&nbsp;&nbsp;f_rename
<LI><a href="#[1fa]">&gt;&gt;</a>&nbsp;&nbsp;&nbsp;f_unlink
</UL>

<P><STRONG><a name="[22f]"></a>get_fileinfo</STRONG> (Thumb, 110 bytes, Stack size 20 bytes, ff.o(.text), UNUSED)
<BR><BR>[Called By]<UL><LI><a href="#[230]">&gt;&gt;</a>&nbsp;&nbsp;&nbsp;f_stat
<LI><a href="#[22e]">&gt;&gt;</a>&nbsp;&nbsp;&nbsp;f_readdir
</UL>

<P><STRONG><a name="[21f]"></a>create_name</STRONG> (Thumb, 348 bytes, Stack size 48 bytes, ff.o(.text))
<BR><BR>[Stack]<UL><LI>Max Depth = 60<LI>Call Chain = create_name &rArr; mem_set
</UL>
<BR>[Calls]<UL><LI><a href="#[220]">&gt;&gt;</a>&nbsp;&nbsp;&nbsp;chk_chr
<LI><a href="#[20e]">&gt;&gt;</a>&nbsp;&nbsp;&nbsp;mem_set
</UL>
<BR>[Called By]<UL><LI><a href="#[221]">&gt;&gt;</a>&nbsp;&nbsp;&nbsp;follow_path
</UL>

<P><STRONG><a name="[221]"></a>follow_path</STRONG> (Thumb, 146 bytes, Stack size 32 bytes, ff.o(.text))
<BR><BR>[Stack]<UL><LI>Max Depth = 368 + Unknown Stack Size
<LI>Call Chain = follow_path &rArr; dir_find &rArr; dir_next &rArr; create_chain &rArr; put_fat &rArr; move_window &rArr; sync_window &rArr; disk_write &rArr; __2printf &rArr; _printf_char_file &rArr; _printf_char_common &rArr; __printf
</UL>
<BR>[Calls]<UL><LI><a href="#[21f]">&gt;&gt;</a>&nbsp;&nbsp;&nbsp;create_name
<LI><a href="#[219]">&gt;&gt;</a>&nbsp;&nbsp;&nbsp;dir_find
<LI><a href="#[222]">&gt;&gt;</a>&nbsp;&nbsp;&nbsp;ld_clust
<LI><a href="#[215]">&gt;&gt;</a>&nbsp;&nbsp;&nbsp;dir_sdi
</UL>
<BR>[Called By]<UL><LI><a href="#[234]">&gt;&gt;</a>&nbsp;&nbsp;&nbsp;f_utime
<LI><a href="#[233]">&gt;&gt;</a>&nbsp;&nbsp;&nbsp;f_rename
<LI><a href="#[232]">&gt;&gt;</a>&nbsp;&nbsp;&nbsp;f_chmod
<LI><a href="#[230]">&gt;&gt;</a>&nbsp;&nbsp;&nbsp;f_stat
<LI><a href="#[1fa]">&gt;&gt;</a>&nbsp;&nbsp;&nbsp;f_unlink
<LI><a href="#[1ed]">&gt;&gt;</a>&nbsp;&nbsp;&nbsp;f_opendir
<LI><a href="#[1f2]">&gt;&gt;</a>&nbsp;&nbsp;&nbsp;f_open
<LI><a href="#[1ee]">&gt;&gt;</a>&nbsp;&nbsp;&nbsp;f_mkdir
</UL>

<P><STRONG><a name="[226]"></a>get_ldnumber</STRONG> (Thumb, 76 bytes, Stack size 16 bytes, ff.o(.text))
<BR><BR>[Stack]<UL><LI>Max Depth = 16<LI>Call Chain = get_ldnumber
</UL>
<BR>[Called By]<UL><LI><a href="#[233]">&gt;&gt;</a>&nbsp;&nbsp;&nbsp;f_rename
<LI><a href="#[225]">&gt;&gt;</a>&nbsp;&nbsp;&nbsp;find_volume
<LI><a href="#[1f0]">&gt;&gt;</a>&nbsp;&nbsp;&nbsp;f_mount
</UL>

<P><STRONG><a name="[223]"></a>check_fs1</STRONG> (Thumb, 68 bytes, Stack size 16 bytes, ff.o(.text))
<BR><BR>[Stack]<UL><LI>Max Depth = 232 + Unknown Stack Size
<LI>Call Chain = check_fs1 &rArr; move_window &rArr; sync_window &rArr; disk_write &rArr; __2printf &rArr; _printf_char_file &rArr; _printf_char_common &rArr; __printf
</UL>
<BR>[Calls]<UL><LI><a href="#[20b]">&gt;&gt;</a>&nbsp;&nbsp;&nbsp;move_window
</UL>
<BR>[Called By]<UL><LI><a href="#[225]">&gt;&gt;</a>&nbsp;&nbsp;&nbsp;find_volume
</UL>

<P><STRONG><a name="[224]"></a>check_fs</STRONG> (Thumb, 152 bytes, Stack size 16 bytes, ff.o(.text))
<BR><BR>[Stack]<UL><LI>Max Depth = 232 + Unknown Stack Size
<LI>Call Chain = check_fs &rArr; move_window &rArr; sync_window &rArr; disk_write &rArr; __2printf &rArr; _printf_char_file &rArr; _printf_char_common &rArr; __printf
</UL>
<BR>[Calls]<UL><LI><a href="#[20b]">&gt;&gt;</a>&nbsp;&nbsp;&nbsp;move_window
</UL>
<BR>[Called By]<UL><LI><a href="#[225]">&gt;&gt;</a>&nbsp;&nbsp;&nbsp;find_volume
</UL>

<P><STRONG><a name="[225]"></a>find_volume</STRONG> (Thumb, 1244 bytes, Stack size 104 bytes, ff.o(.text))
<BR><BR>[Stack]<UL><LI>Max Depth = 336 + Unknown Stack Size
<LI>Call Chain = find_volume &rArr; check_fs &rArr; move_window &rArr; sync_window &rArr; disk_write &rArr; __2printf &rArr; _printf_char_file &rArr; _printf_char_common &rArr; __printf
</UL>
<BR>[Calls]<UL><LI><a href="#[227]">&gt;&gt;</a>&nbsp;&nbsp;&nbsp;disk_status
<LI><a href="#[228]">&gt;&gt;</a>&nbsp;&nbsp;&nbsp;disk_initialize
<LI><a href="#[224]">&gt;&gt;</a>&nbsp;&nbsp;&nbsp;check_fs
<LI><a href="#[223]">&gt;&gt;</a>&nbsp;&nbsp;&nbsp;check_fs1
<LI><a href="#[226]">&gt;&gt;</a>&nbsp;&nbsp;&nbsp;get_ldnumber
<LI><a href="#[20b]">&gt;&gt;</a>&nbsp;&nbsp;&nbsp;move_window
<LI><a href="#[9f]">&gt;&gt;</a>&nbsp;&nbsp;&nbsp;__aeabi_uidivmod
</UL>
<BR>[Called By]<UL><LI><a href="#[234]">&gt;&gt;</a>&nbsp;&nbsp;&nbsp;f_utime
<LI><a href="#[233]">&gt;&gt;</a>&nbsp;&nbsp;&nbsp;f_rename
<LI><a href="#[232]">&gt;&gt;</a>&nbsp;&nbsp;&nbsp;f_chmod
<LI><a href="#[230]">&gt;&gt;</a>&nbsp;&nbsp;&nbsp;f_stat
<LI><a href="#[1fa]">&gt;&gt;</a>&nbsp;&nbsp;&nbsp;f_unlink
<LI><a href="#[1ed]">&gt;&gt;</a>&nbsp;&nbsp;&nbsp;f_opendir
<LI><a href="#[1f2]">&gt;&gt;</a>&nbsp;&nbsp;&nbsp;f_open
<LI><a href="#[1f0]">&gt;&gt;</a>&nbsp;&nbsp;&nbsp;f_mount
<LI><a href="#[1ee]">&gt;&gt;</a>&nbsp;&nbsp;&nbsp;f_mkdir
<LI><a href="#[1f8]">&gt;&gt;</a>&nbsp;&nbsp;&nbsp;f_getfree
</UL>

<P><STRONG><a name="[229]"></a>validate</STRONG> (Thumb, 60 bytes, Stack size 16 bytes, ff.o(.text))
<BR><BR>[Stack]<UL><LI>Max Depth = 16<LI>Call Chain = validate
</UL>
<BR>[Calls]<UL><LI><a href="#[227]">&gt;&gt;</a>&nbsp;&nbsp;&nbsp;disk_status
</UL>
<BR>[Called By]<UL><LI><a href="#[231]">&gt;&gt;</a>&nbsp;&nbsp;&nbsp;f_truncate
<LI><a href="#[22e]">&gt;&gt;</a>&nbsp;&nbsp;&nbsp;f_readdir
<LI><a href="#[22d]">&gt;&gt;</a>&nbsp;&nbsp;&nbsp;f_closedir
<LI><a href="#[22c]">&gt;&gt;</a>&nbsp;&nbsp;&nbsp;f_sync
<LI><a href="#[22b]">&gt;&gt;</a>&nbsp;&nbsp;&nbsp;f_write
<LI><a href="#[1f5]">&gt;&gt;</a>&nbsp;&nbsp;&nbsp;f_read
<LI><a href="#[1f4]">&gt;&gt;</a>&nbsp;&nbsp;&nbsp;f_lseek
<LI><a href="#[1f6]">&gt;&gt;</a>&nbsp;&nbsp;&nbsp;f_close
</UL>

<P><STRONG><a name="[23b]"></a>Decode</STRONG> (Thumb, 50 bytes, Stack size 16 bytes, md5.o(.text))
<BR><BR>[Stack]<UL><LI>Max Depth = 16<LI>Call Chain = Decode
</UL>
<BR>[Called By]<UL><LI><a href="#[23a]">&gt;&gt;</a>&nbsp;&nbsp;&nbsp;MD5Transform
</UL>

<P><STRONG><a name="[23a]"></a>MD5Transform</STRONG> (Thumb, 2036 bytes, Stack size 96 bytes, md5.o(.text))
<BR><BR>[Stack]<UL><LI>Max Depth = 112<LI>Call Chain = MD5Transform &rArr; Decode
</UL>
<BR>[Calls]<UL><LI><a href="#[23b]">&gt;&gt;</a>&nbsp;&nbsp;&nbsp;Decode
<LI><a href="#[78]">&gt;&gt;</a>&nbsp;&nbsp;&nbsp;__aeabi_memclr4
</UL>
<BR>[Called By]<UL><LI><a href="#[164]">&gt;&gt;</a>&nbsp;&nbsp;&nbsp;MD5_Update
</UL>

<P><STRONG><a name="[23c]"></a>Encode</STRONG> (Thumb, 62 bytes, Stack size 16 bytes, md5.o(.text))
<BR><BR>[Stack]<UL><LI>Max Depth = 16<LI>Call Chain = Encode
</UL>
<BR>[Called By]<UL><LI><a href="#[15f]">&gt;&gt;</a>&nbsp;&nbsp;&nbsp;MD5_Final
</UL>

<P><STRONG><a name="[23d]"></a>SHA256_Process</STRONG> (Thumb, 11508 bytes, Stack size 308 bytes, sha-256.o(.text))
<BR><BR>[Stack]<UL><LI>Max Depth = 308<LI>Call Chain = SHA256_Process
</UL>
<BR>[Called By]<UL><LI><a href="#[163]">&gt;&gt;</a>&nbsp;&nbsp;&nbsp;SHA256_Update
</UL>

<P><STRONG><a name="[263]"></a>__get_PRIMASK</STRONG> (Thumb, 6 bytes, Stack size 0 bytes, nn.o(.text))
<BR><BR>[Called By]<UL><LI><a href="#[274]">&gt;&gt;</a>&nbsp;&nbsp;&nbsp;NN_Gcd
<LI><a href="#[271]">&gt;&gt;</a>&nbsp;&nbsp;&nbsp;NN_ModExpBase2
<LI><a href="#[270]">&gt;&gt;</a>&nbsp;&nbsp;&nbsp;NN_ModExp
<LI><a href="#[26f]">&gt;&gt;</a>&nbsp;&nbsp;&nbsp;NN_ModInv
<LI><a href="#[26e]">&gt;&gt;</a>&nbsp;&nbsp;&nbsp;NN_ModMult
<LI><a href="#[26d]">&gt;&gt;</a>&nbsp;&nbsp;&nbsp;NN_Mod
<LI><a href="#[26b]">&gt;&gt;</a>&nbsp;&nbsp;&nbsp;NN_Div
<LI><a href="#[26a]">&gt;&gt;</a>&nbsp;&nbsp;&nbsp;NN_Mult2
<LI><a href="#[269]">&gt;&gt;</a>&nbsp;&nbsp;&nbsp;NN_Mult
<LI><a href="#[268]">&gt;&gt;</a>&nbsp;&nbsp;&nbsp;NN_Sub
<LI><a href="#[266]">&gt;&gt;</a>&nbsp;&nbsp;&nbsp;NN_AddEx
<LI><a href="#[261]">&gt;&gt;</a>&nbsp;&nbsp;&nbsp;NN_Add
</UL>

<P><STRONG><a name="[265]"></a>__set_PRIMASK</STRONG> (Thumb, 6 bytes, Stack size 0 bytes, nn.o(.text))
<BR><BR>[Called By]<UL><LI><a href="#[274]">&gt;&gt;</a>&nbsp;&nbsp;&nbsp;NN_Gcd
<LI><a href="#[271]">&gt;&gt;</a>&nbsp;&nbsp;&nbsp;NN_ModExpBase2
<LI><a href="#[270]">&gt;&gt;</a>&nbsp;&nbsp;&nbsp;NN_ModExp
<LI><a href="#[26f]">&gt;&gt;</a>&nbsp;&nbsp;&nbsp;NN_ModInv
<LI><a href="#[26e]">&gt;&gt;</a>&nbsp;&nbsp;&nbsp;NN_ModMult
<LI><a href="#[26d]">&gt;&gt;</a>&nbsp;&nbsp;&nbsp;NN_Mod
<LI><a href="#[26b]">&gt;&gt;</a>&nbsp;&nbsp;&nbsp;NN_Div
<LI><a href="#[26a]">&gt;&gt;</a>&nbsp;&nbsp;&nbsp;NN_Mult2
<LI><a href="#[269]">&gt;&gt;</a>&nbsp;&nbsp;&nbsp;NN_Mult
<LI><a href="#[268]">&gt;&gt;</a>&nbsp;&nbsp;&nbsp;NN_Sub
<LI><a href="#[266]">&gt;&gt;</a>&nbsp;&nbsp;&nbsp;NN_AddEx
<LI><a href="#[261]">&gt;&gt;</a>&nbsp;&nbsp;&nbsp;NN_Add
</UL>

<P><STRONG><a name="[275]"></a>RSAFilter</STRONG> (Thumb, 74 bytes, Stack size 40 bytes, r_keygen.o(.text))
<BR><BR>[Stack]<UL><LI>Max Depth = 108<LI>Call Chain = RSAFilter &rArr; NN_Gcd &rArr; NN_memcpy2
</UL>
<BR>[Calls]<UL><LI><a href="#[274]">&gt;&gt;</a>&nbsp;&nbsp;&nbsp;NN_Gcd
<LI><a href="#[276]">&gt;&gt;</a>&nbsp;&nbsp;&nbsp;NN_Sub1
</UL>
<BR>[Called By]<UL><LI><a href="#[277]">&gt;&gt;</a>&nbsp;&nbsp;&nbsp;RSA_GenKeyPair0
</UL>

<P><STRONG><a name="[282]"></a>__get_PRIMASK</STRONG> (Thumb, 6 bytes, Stack size 0 bytes, sm2.o(.text))
<BR><BR>[Called By]<UL><LI><a href="#[18a]">&gt;&gt;</a>&nbsp;&nbsp;&nbsp;SM2_Verify
<LI><a href="#[18c]">&gt;&gt;</a>&nbsp;&nbsp;&nbsp;SM2_Sign
<LI><a href="#[18f]">&gt;&gt;</a>&nbsp;&nbsp;&nbsp;SM2_PubKeyEncrypt
<LI><a href="#[17f]">&gt;&gt;</a>&nbsp;&nbsp;&nbsp;SM2_PriKeyDecrypt
<LI><a href="#[183]">&gt;&gt;</a>&nbsp;&nbsp;&nbsp;SM2_KeyExc_Spons
<LI><a href="#[185]">&gt;&gt;</a>&nbsp;&nbsp;&nbsp;SM2_KeyExc_Response
<LI><a href="#[188]">&gt;&gt;</a>&nbsp;&nbsp;&nbsp;SM2_KeyExc_Init
<LI><a href="#[19b]">&gt;&gt;</a>&nbsp;&nbsp;&nbsp;SM2_GenKey
<LI><a href="#[28d]">&gt;&gt;</a>&nbsp;&nbsp;&nbsp;SM2_Key_Exchange
<LI><a href="#[28f]">&gt;&gt;</a>&nbsp;&nbsp;&nbsp;SM2_PriKeyDecrypt_Old
<LI><a href="#[28e]">&gt;&gt;</a>&nbsp;&nbsp;&nbsp;SM2_PubKeyEncrypt_Old
</UL>

<P><STRONG><a name="[284]"></a>__set_PRIMASK</STRONG> (Thumb, 6 bytes, Stack size 0 bytes, sm2.o(.text))
<BR><BR>[Called By]<UL><LI><a href="#[18a]">&gt;&gt;</a>&nbsp;&nbsp;&nbsp;SM2_Verify
<LI><a href="#[18c]">&gt;&gt;</a>&nbsp;&nbsp;&nbsp;SM2_Sign
<LI><a href="#[18f]">&gt;&gt;</a>&nbsp;&nbsp;&nbsp;SM2_PubKeyEncrypt
<LI><a href="#[17f]">&gt;&gt;</a>&nbsp;&nbsp;&nbsp;SM2_PriKeyDecrypt
<LI><a href="#[183]">&gt;&gt;</a>&nbsp;&nbsp;&nbsp;SM2_KeyExc_Spons
<LI><a href="#[185]">&gt;&gt;</a>&nbsp;&nbsp;&nbsp;SM2_KeyExc_Response
<LI><a href="#[188]">&gt;&gt;</a>&nbsp;&nbsp;&nbsp;SM2_KeyExc_Init
<LI><a href="#[19b]">&gt;&gt;</a>&nbsp;&nbsp;&nbsp;SM2_GenKey
<LI><a href="#[28d]">&gt;&gt;</a>&nbsp;&nbsp;&nbsp;SM2_Key_Exchange
<LI><a href="#[28f]">&gt;&gt;</a>&nbsp;&nbsp;&nbsp;SM2_PriKeyDecrypt_Old
<LI><a href="#[28e]">&gt;&gt;</a>&nbsp;&nbsp;&nbsp;SM2_PubKeyEncrypt_Old
</UL>

<P><STRONG><a name="[296]"></a>F</STRONG> (Thumb, 398 bytes, Stack size 88 bytes, ssf33.o(.text))
<BR><BR>[Stack]<UL><LI>Max Depth = 88<LI>Call Chain = F
</UL>
<BR>[Called By]<UL><LI><a href="#[25e]">&gt;&gt;</a>&nbsp;&nbsp;&nbsp;SSF33_ExternKey
<LI><a href="#[259]">&gt;&gt;</a>&nbsp;&nbsp;&nbsp;SSF33_Encrypt_ECB
<LI><a href="#[25a]">&gt;&gt;</a>&nbsp;&nbsp;&nbsp;SSF33_Decrypt_ECB
</UL>

<P><STRONG><a name="[28]"></a>_printf_input_char</STRONG> (Thumb, 10 bytes, Stack size 0 bytes, _printf_char_common.o(.text))
<BR>[Address Reference Count : 1]<UL><LI> _printf_char_common.o(.text)
</UL>
<P><STRONG><a name="[2c6]"></a>_fp_digits</STRONG> (Thumb, 412 bytes, Stack size 96 bytes, _printf_fp_dec.o(.text))
<BR><BR>[Stack]<UL><LI>Max Depth = 272<LI>Call Chain = _fp_digits &rArr; _btod_etento &rArr; _btod_emul &rArr; btod_internal_mul &rArr; __ARM_common_ll_muluu
</UL>
<BR>[Calls]<UL><LI><a href="#[2c9]">&gt;&gt;</a>&nbsp;&nbsp;&nbsp;_btod_ediv
<LI><a href="#[2ca]">&gt;&gt;</a>&nbsp;&nbsp;&nbsp;_btod_emul
<LI><a href="#[2c8]">&gt;&gt;</a>&nbsp;&nbsp;&nbsp;_btod_d2e
<LI><a href="#[2c7]">&gt;&gt;</a>&nbsp;&nbsp;&nbsp;_btod_etento
<LI><a href="#[2c4]">&gt;&gt;</a>&nbsp;&nbsp;&nbsp;_ll_udiv10
</UL>
<BR>[Called By]<UL><LI><a href="#[2b]">&gt;&gt;</a>&nbsp;&nbsp;&nbsp;_printf_fp_dec_real
</UL>

<P><STRONG><a name="[2d1]"></a>btod_internal_mul</STRONG> (Thumb, 456 bytes, Stack size 56 bytes, btod.o(.text))
<BR><BR>[Stack]<UL><LI>Max Depth = 80<LI>Call Chain = btod_internal_mul &rArr; __ARM_common_ll_muluu
</UL>
<BR>[Calls]<UL><LI><a href="#[2d2]">&gt;&gt;</a>&nbsp;&nbsp;&nbsp;__ARM_common_ll_muluu
</UL>
<BR>[Called By]<UL><LI><a href="#[2d3]">&gt;&gt;</a>&nbsp;&nbsp;&nbsp;_btod_emuld
<LI><a href="#[2ca]">&gt;&gt;</a>&nbsp;&nbsp;&nbsp;_btod_emul
</UL>

<P><STRONG><a name="[2d4]"></a>btod_internal_div</STRONG> (Thumb, 494 bytes, Stack size 64 bytes, btod.o(.text))
<BR><BR>[Stack]<UL><LI>Max Depth = 64<LI>Call Chain = btod_internal_div
</UL>
<BR>[Called By]<UL><LI><a href="#[2d5]">&gt;&gt;</a>&nbsp;&nbsp;&nbsp;_btod_edivd
<LI><a href="#[2c9]">&gt;&gt;</a>&nbsp;&nbsp;&nbsp;_btod_ediv
</UL>
<P>
<H3>
Undefined Global Symbols
</H3>
<P><STRONG><a name="[2d6]"></a>_call_atexit_fns</STRONG> (ARM, 0 bytes, Stack size 0 bytes, UNDEFINED)
<BR><BR>[Called By]<UL><LI><a href="#[73]">&gt;&gt;</a>&nbsp;&nbsp;&nbsp;exit
</UL>

<P><STRONG><a name="[4d]"></a>_printf_fp_hex</STRONG> (Unknown, 0 bytes, Stack size 0 bytes, UNDEFINED)
<BR><BR>[Called By]<UL><LI><a href="#[4b]">&gt;&gt;</a>&nbsp;&nbsp;&nbsp;_printf_a
</UL>

<P><STRONG><a name="[2c0]"></a>_printf_mbtowc</STRONG> (ARM, 0 bytes, Stack size 0 bytes, UNDEFINED)
<BR><BR>[Called By]<UL><LI><a href="#[2bf]">&gt;&gt;</a>&nbsp;&nbsp;&nbsp;_printf_cs_common
</UL>

<P><STRONG><a name="[2ce]"></a>_printf_wc</STRONG> (ARM, 0 bytes, Stack size 0 bytes, UNDEFINED)
<BR><BR>[Called By]<UL><LI><a href="#[2cd]">&gt;&gt;</a>&nbsp;&nbsp;&nbsp;_printf_lcs_common
</UL>
<HR></body></html>
