ARM Linker, 4.1 [Build 894] [Standard]

==============================================================================

Section Cross References

    startup_sy03.o(STACK_TOP) refers (Special) to heapauxi.o(.text) for __use_two_region_memory
    startup_sy03.o(HEAP_BOTTOM) refers (Special) to heapauxi.o(.text) for __use_two_region_memory
    startup_sy03.o(HEAP_TOP) refers (Special) to heapauxi.o(.text) for __use_two_region_memory
    startup_sy03.o(RESET) refers (Special) to heapauxi.o(.text) for __use_two_region_memory
    startup_sy03.o(RESET) refers to startup_sy03.o(STACK_TOP) for __initial_sp
    startup_sy03.o(RESET) refers to startup_sy03.o(.text) for Reset_Handler
    startup_sy03.o(RESET) refers to usbprotocol.o(.text) for USB_Handler
    startup_sy03.o(RESET) refers to ssi.o(.text) for SSI_Handler
    startup_sy03.o(RESET) refers to uart.o(.text) for UART0_Handler
    startup_sy03.o(RESET) refers to swps.o(.text) for SWPS_Handler
    startup_sy03.o(RESET) refers to vpwm.o(.text) for VPWM_Handler
    startup_sy03.o(RESET) refers to sdsi.o(.text) for SDSI_Handler
    startup_sy03.o(RESET) refers to startup_sy03.o(HEAP_BOTTOM) for __heap_base
    startup_sy03.o(RESET) refers to startup_sy03.o(HEAP_TOP) for __heap_limit
    startup_sy03.o(.text) refers (Special) to heapauxi.o(.text) for __use_two_region_memory
    startup_sy03.o(.text) refers to system_sy03.o(.text) for SYS_GenSramKey
    startup_sy03.o(.text) refers to __main.o(!!!main) for __main
    system_sy03.o(.text) refers to rt_memclr.o(.text) for __aeabi_memclr4
    system_sy03.o(.text) refers to romfunc.o(.text) for RomFuncInit
    system_sy03.o(.text) refers to scm.o(.text) for SCM_LoadHFRoscTrim
    system_sy03.o(.text) refers to sy03_regs.o(.ARM.__AT_0x40000000) for ScmRegs
    efc.o(.text) refers to efc.o(i.EFC_WrProtect) for EFC_WrProtect
    efc.o(.text) refers to rt_memcpy.o(.text) for __aeabi_memcpy
    efc.o(.text) refers to rt_memcpy.o(.emb_text) for __aeabi_memcpy4
    efc.o(.text) refers to romfunc.o(NO_INIT) for _EFC_ConfigTiming
    efc.o(.text) refers to sy03_regs.o(.ARM.__AT_0x40054000) for EfcRegs
    retarget.o(.text) refers (Special) to use_no_semi.o(.text) for __use_no_semihosting_swi
    retarget.o(.text) refers to serial.o(.text) for sendchar
    retarget.o(.data) refers (Special) to use_no_semi.o(.text) for __use_no_semihosting_swi
    sci.o(.text) refers to scm.o(.text) for SCM_GetSysClk
    sci.o(.text) refers to aeabi_sdiv.o(.text) for __aeabi_uidivmod
    sci.o(.text) refers to sci.o(.data) for gfpSciPowerCtrl
    sci.o(.text) refers to sy03_regs.o(.ARM.__AT_0x40004000) for GpioRegs
    sci.o(.text) refers to sy03_regs.o(.ARM.__AT_0x40000000) for ScmRegs
    sci.o(.text) refers to sy03_regs.o(.ARM.__AT_0x40040000) for SciRegs
    sci.o(.text) refers to sci.o(.bss) for gATRCharIndex
    sci.o(.text) refers to sci.o(i.__ARM_common_ll_muluu) for __ARM_common_ll_muluu
    sci.o(.text) refers to lludiv.o(.text) for __aeabi_uldivmod
    sci.o(.text) refers to sci.o(.constdata) for FiTab
    scm.o(.text) refers to efc.o(.text) for EFC_ConfigTiming
    scm.o(.text) refers to sy03_regs.o(.ARM.__AT_0x40000000) for ScmRegs
    scm.o(.text) refers to romfunc.o(NO_INIT) for _SCM_SetSysClk
    scm.o(.text) refers to scm.o(.data) for gSysClk
    scm.o(.text) refers to system_sy03.o(.data) for SystemFrequency
    scm.o(.text) refers to serial.o(.data) for SerInit
    serial.o(.text) refers to aeabi_sdiv.o(.text) for __aeabi_uidivmod
    serial.o(.text) refers to sy03_regs.o(.ARM.__AT_0x40000000) for ScmRegs
    serial.o(.text) refers to sy03_regs.o(.ARM.__AT_0x40004000) for GpioRegs
    serial.o(.text) refers to sy03_regs.o(.ARM.__AT_0x4002C000) for Uart0Regs
    serial.o(.text) refers to system_sy03.o(.data) for SystemFrequency
    serial.o(.text) refers to serial.o(.data) for SerInit
    sqi.o(.text) refers to scm.o(.text) for _delay_us
    sqi.o(.text) refers to sqi.o(i.SQI_WrProtect) for SQI_WrProtect
    sqi.o(.text) refers to sqi.o(.data) for gSqiClkDiv
    sqi.o(.text) refers to sy03_regs.o(.ARM.__AT_0x40058000) for SqiRegs
    sqi.o(.text) refers to romfunc.o(NO_INIT) for _SQI_PageProg
    sqi.o(.text) refers to sy03_regs.o(.ARM.__AT_0x40000000) for ScmRegs
    sqi.o(.text) refers to sqi.o(i.__ARM_common_switch8) for __ARM_common_switch8
    sqi.o(.text) refers to rt_memcpy.o(.text) for __aeabi_memcpy
    sqi.o(.text) refers to sy03_regs.o(.ARM.__AT_0x40004000) for GpioRegs
    ssi.o(.text) refers to scm.o(.text) for _delay_us
    ssi.o(.text) refers to sy03_regs.o(.ARM.__AT_0x40004000) for GpioRegs
    ssi.o(.text) refers to sy03_regs.o(.ARM.__AT_0x40000000) for ScmRegs
    ssi.o(.text) refers to sy03_regs.o(.ARM.__AT_0x40028000) for SsiRegs
    ssi.o(.text) refers to ssi.o(.data) for gRxBuf
    swpm.o(.text) refers to scm.o(.text) for SCM_GetSysClk
    swpm.o(.text) refers to aeabi_sdiv.o(.text) for __aeabi_uidivmod
    swpm.o(.text) refers to sy03_regs.o(.ARM.__AT_0x40000000) for ScmRegs
[...]
    CMD_ClearSecureState                     0x10010311   Thumb Code   162  command.o(.text)
    CMD_UnLockPin                            0x100103b3   Thumb Code   648  command.o(.text)
    CMD_VerifyPin                            0x1001063b   Thumb Code   630  command.o(.text)
    CMD_ChangePin                            0x100108b1   Thumb Code   738  command.o(.text)
    CMD_GetPinInfo                           0x10010b93   Thumb Code   354  command.o(.text)
    CMD_ChangeDevAuthkey                     0x10010cf5   Thumb Code   586  command.o(.text)
    CMD_DevAuth                              0x10010f3f   Thumb Code   448  command.o(.text)
    CMD_GetCosInfo                           0x100110ff   Thumb Code   436  command.o(.text)
    CMD_SetLable                             0x100112b3   Thumb Code   448  command.o(.text)
    DoAS5xxCMD                               0x10011473   Thumb Code  1056  command.o(.text)
    CMD_ExportRSAKeyPair                     0x10011893   Thumb Code   912  command.o(.text)
    CMD_GenSessionKey                        0x10011c23   Thumb Code   640  command.o(.text)
    CMD_GetAppStatus                         0x10011ea3   Thumb Code    26  command.o(.text)
    SD_MemReadFromFlash                      0x10011f19   Thumb Code   104  sdmemacc.o(.text)
    SD_MemWriteToFlash                       0x10011f81   Thumb Code     6  sdmemacc.o(.text)
    SD_CmdProc                               0x10011f87   Thumb Code   634  sdmemacc.o(.text)
    SD_FlowProc                              0x10012201   Thumb Code   894  sdmemacc.o(.text)
    dbg_print_log                            0x10012601   Thumb Code    56  log.o(.text)
    dbg_print_buf                            0x10012639   Thumb Code    68  log.o(.text)
    TF_CreateDir                             0x100126ad   Thumb Code   110  sd_systemapp.o(.text)
    TF_GetSysFileAddr                        0x1001271b   Thumb Code   508  sd_systemapp.o(.text)
    SD_FileInit                              0x10012917   Thumb Code   212  sd_systemapp.o(.text)
    SD_Init                                  0x100129eb   Thumb Code   126  sd_systemapp.o(.text)
    SD_MsgProcess                            0x10012a69   Thumb Code   468  sd_systemapp.o(.text)
    SD_Read                                  0x10012c3d   Thumb Code   138  sd_systemapp.o(.text)
    SD_Write                                 0x10012cc7   Thumb Code   160  sd_systemapp.o(.text)
    SD_Erase                                 0x10012d67   Thumb Code    18  sd_systemapp.o(.text)
    SD_AppInit                               0x10012d79   Thumb Code    36  sd_systemapp.o(.text)
    TF_GetFreeSectors                        0x10012d9d   Thumb Code   154  sd_systemapp.o(.text)
    TF_GetFilesAddr                          0x10012e37   Thumb Code   862  sd_systemapp.o(.text)
    CMD_GenPrime                             0x100131f1   Thumb Code    12  commandex.o(.text)
    CMD_RandXN                               0x100131fd   Thumb Code    12  commandex.o(.text)
    CMD_FormatCD                             0x10013209   Thumb Code    42  commandex.o(.text)
    CMD_DevInit                              0x10013233   Thumb Code    12  commandex.o(.text)
    CMD_SetUpdateParam                       0x1001323f   Thumb Code    12  commandex.o(.text)
    CMD_WriteFlash                           0x1001324b   Thumb Code    12  commandex.o(.text)
    CMD_CleanFlash                           0x10013257   Thumb Code    12  commandex.o(.text)
    CMD_GetDevStatus                         0x10013263   Thumb Code    12  commandex.o(.text)
    CMD_SetBurnMode                          0x1001326f   Thumb Code    12  commandex.o(.text)
    CMD_SetDevSleep                          0x1001327b   Thumb Code    12  commandex.o(.text)
    CMD_SetDevParam                          0x10013287   Thumb Code    12  commandex.o(.text)
    CMD_GetDevInfo                           0x10013293   Thumb Code    12  commandex.o(.text)
    DoAS5xxCMDEx                             0x1001329f   Thumb Code   200  commandex.o(.text)
    clust2sect                               0x100135d7   Thumb Code    26  ff.o(.text)
    get_fat                                  0x100135f1   Thumb Code   250  ff.o(.text)
    put_fat                                  0x100136eb   Thumb Code   328  ff.o(.text)
    f_mount                                  0x1001468b   Thumb Code    92  ff.o(.text)
    f_open                                   0x100146e7   Thumb Code   364  ff.o(.text)
    f_read                                   0x10014853   Thumb Code   476  ff.o(.text)
    f_write                                  0x10014a2f   Thumb Code   514  ff.o(.text)
    f_sync                                   0x10014c31   Thumb Code   176  ff.o(.text)
    f_close                                  0x10014ce1   Thumb Code    34  ff.o(.text)
    f_lseek                                  0x10014d03   Thumb Code   442  ff.o(.text)
    f_opendir                                0x10014ebd   Thumb Code   122  ff.o(.text)
    f_closedir                               0x10014f37   Thumb Code    22  ff.o(.text)
    f_readdir                                0x10014f4d   Thumb Code    94  ff.o(.text)
    f_stat                                   0x10014fab   Thumb Code    68  ff.o(.text)
    f_getfree                                0x10014fef   Thumb Code   316  ff.o(.text)
    f_truncate                               0x1001512b   Thumb Code   198  ff.o(.text)
    f_unlink                                 0x100151f1   Thumb Code   184  ff.o(.text)
    f_mkdir                                  0x100152a9   Thumb Code   366  ff.o(.text)
    f_chmod                                  0x10015417   Thumb Code    90  ff.o(.text)
    f_rename                                 0x10015471   Thumb Code   280  ff.o(.text)
    f_utime                                  0x10015589   Thumb Code    92  ff.o(.text)
    SD_ReadSector                            0x100155e5   Thumb Code   110  diskio.o(.text)
    SD_WriteSector                           0x10015653   Thumb Code   110  diskio.o(.text)
    disk_status                              0x100156c1   Thumb Code     6  diskio.o(.text)
    disk_initialize                          0x100156c7   Thumb Code    38  diskio.o(.text)
    disk_read                                0x100156ed   Thumb Code    48  diskio.o(.text)
    disk_write                               0x1001571d   Thumb Code    46  diskio.o(.text)
    disk_ioctl                               0x1001574b   Thumb Code    20  diskio.o(.text)
    get_fattime                              0x1001575f   Thumb Code    66  diskio.o(.text)
    RomFuncInit                              0x10015801   Thumb Code   446  romfunc.o(.text)
    SHA1_Init                                0x10015a15   Thumb Code    32  sha-1.o(.text)
    transform                                0x10015a35   Thumb Code  4804  sha-1.o(.text)
    SHA1_Update                              0x10016cf9   Thumb Code   154  sha-1.o(.text)
    SHA1_Final                               0x10016d93   Thumb Code   432  sha-1.o(.text)
    SM3                                      0x10016f45   Thumb Code   256  sm3.o(.text)
    SM3_Init                                 0x10017045   Thumb Code    60  sm3.o(.text)
    CF2                                      0x10017081   Thumb Code    52  sm3.o(.text)
    SM3_Update                               0x100170b5   Thumb Code   128  sm3.o(.text)
    SM3_Final                                0x10017135   Thumb Code   150  sm3.o(.text)
    SHA256_Init                              0x100171d1   Thumb Code    40  sha-256.o(.text)
    SHA256_Update                            0x10019eed   Thumb Code   130  sha-256.o(.text)
    SHA256_Final                             0x10019f6f   Thumb Code   332  sha-256.o(.text)
    AES_set_encrypt_key                      0x1001a0c9   Thumb Code   684  aes.o(.text)
    _Aes_Run                                 0x1001a375   Thumb Code   282  aes.o(.text)
    AES_Init                                 0x1001a48f   Thumb Code   136  aes.o(.text)
    AES_Run                                  0x1001a517   Thumb Code   392  aes.o(.text)
    SM1_Init                                 0x1001a6a9   Thumb Code   192  sm1.o(.text)
    _SM_Run                                  0x1001a769   Thumb Code    92  sm1.o(.text)
    SM1_Run_ECB                              0x1001a7c5   Thumb Code    86  sm1.o(.text)
    SM1_Run_CBC                              0x1001a81b   Thumb Code   236  sm1.o(.text)
    SM1_Run_CFB                              0x1001a907   Thumb Code   322  sm1.o(.text)
    SM1_Run_OFB                              0x1001aa49   Thumb Code   324  sm1.o(.text)
    SM1_Run                                  0x1001ab8d   Thumb Code   368  sm1.o(.text)
    RefreshCache                             0x1001acfd   Thumb Code     8  algbase.o(.text)
    ChangeFmt                                0x1001ad05   Thumb Code    70  algbase.o(.text)
    AlgLib_GetVersion                        0x1001ad4b   Thumb Code    40  algbase.o(.text)
    RandWait                                 0x1001ad73   Thumb Code    22  algbase.o(.text)
    StartNoise                               0x1001ad89   Thumb Code     2  algbase.o(.text)
    EndNoise                                 0x1001ad8b   Thumb Code     2  algbase.o(.text)
    SM4_T2                                   0x1001ada5   Thumb Code    88  sms4.o(.text)
    SM4_T                                    0x1001adfd   Thumb Code   104  sms4.o(.text)
    SM4_F                                    0x1001ae65   Thumb Code    32  sms4.o(.text)
    SMS4ExternKey                            0x1001ae85   Thumb Code   160  sms4.o(.text)
    SMS4BlockEnc                             0x1001af25   Thumb Code   114  sms4.o(.text)
    SMS4BlockDec                             0x1001af97   Thumb Code   118  sms4.o(.text)
    SMS4_Run_ECB                             0x1001b00d   Thumb Code   160  sms4.o(.text)
    SMS4_Run_CBC                             0x1001b0ad   Thumb Code   276  sms4.o(.text)
    SMS4_Run_CFB                             0x1001b1c1   Thumb Code   322  sms4.o(.text)
    SMS4_Run_OFB                             0x1001b303   Thumb Code   310  sms4.o(.text)
    SMS4_Init                                0x1001b439   Thumb Code    48  sms4.o(.text)
    SMS4_Run                                 0x1001b469   Thumb Code   368  sms4.o(.text)
    SSF33_Run_ECB                            0x1001b5d9   Thumb Code   180  ssf33alg.o(.text)
    SSF33_Run_CBC                            0x1001b68d   Thumb Code   224  ssf33alg.o(.text)
    SSF33_Run_CFB                            0x1001b76d   Thumb Code   322  ssf33alg.o(.text)
    SSF33_Run_OFB                            0x1001b8af   Thumb Code   310  ssf33alg.o(.text)
    SSF33_Init                               0x1001b9e5   Thumb Code    34  ssf33alg.o(.text)
    SSF33_Run                                0x1001ba07   Thumb Code   368  ssf33alg.o(.text)
    NN_memcpy                                0x1001bb79   Thumb Code    48  nn.o(.text)
    NN_memcpy2                               0x1001bba9   Thumb Code    58  nn.o(.text)
    NN_memset                                0x1001bbe3   Thumb Code    20  nn.o(.text)
    NN_GetResult                             0x1001bbf7   Thumb Code    18  nn.o(.text)
    NN_AssignZero                            0x1001bc09   Thumb Code    18  nn.o(.text)
    NN_Assign                                0x1001bc1b   Thumb Code    18  nn.o(.text)
    NN_Decode                                0x1001bc2d   Thumb Code    70  nn.o(.text)
    NN_Encode                                0x1001bc73   Thumb Code    66  nn.o(.text)
    NN_EQ1                                   0x1001bcb5   Thumb Code    40  nn.o(.text)
    NN_Assign2Exp                            0x1001bcdd   Thumb Code    42  nn.o(.text)
    NN_RShift                                0x1001bd07   Thumb Code    60  nn.o(.text)
    NN_Cmp                                   0x1001bd43   Thumb Code    54  nn.o(.text)
    NN_Zero                                  0x1001bd79   Thumb Code    28  nn.o(.text)
    NN_Digits                                0x1001bd95   Thumb Code    38  nn.o(.text)
    NN_Add1                                  0x1001bdbb   Thumb Code    58  nn.o(.text)
    NN_Sub1                                  0x1001bdf5   Thumb Code    58  nn.o(.text)
    NN_Add                                   0x1001be2f   Thumb Code   104  nn.o(.text)
    NN_AddEx                                 0x1001be97   Thumb Code   122  nn.o(.text)
    NN_Sub                                   0x1001bf11   Thumb Code   112  nn.o(.text)
    NN_Mult                                  0x1001bf81   Thumb Code   104  nn.o(.text)
    NN_Mult2                                 0x1001bfe9   Thumb Code   108  nn.o(.text)
    NN_Div                                   0x1001c055   Thumb Code   158  nn.o(.text)
    NN_Mod                                   0x1001c0f3   Thumb Code   128  nn.o(.text)
    NN_ModMult                               0x1001c173   Thumb Code   246  nn.o(.text)
    NN_ModInv                                0x1001c269   Thumb Code   814  nn.o(.text)
    NN_ModExp                                0x1001c597   Thumb Code   324  nn.o(.text)
    NN_ModExpBase2                           0x1001c6db   Thumb Code   800  nn.o(.text)
    NN_ModExpSign                            0x1001c9fb   Thumb Code   314  nn.o(.text)
    NN_Gcd                                   0x1001cb35   Thumb Code   354  nn.o(.text)
    RSA_GenKeyPair0                          0x1001cd03   Thumb Code  1002  r_keygen.o(.text)
    RSA_GenKeyPair                           0x1001d0ed   Thumb Code   186  r_keygen.o(.text)
    RSA_PubKeyOpt                            0x1001d1a9   Thumb Code   360  syrsa.o(.text)
    RSA_PriKeyOpt_NoCRT                      0x1001d311   Thumb Code   512  syrsa.o(.text)
    RSA_PriKeyOptEx                          0x1001d511   Thumb Code   916  syrsa.o(.text)
    RSA_PriKeyOpt                            0x1001d8a5   Thumb Code  1046  syrsa.o(.text)
    RSA_PublicEncrypt                        0x1001dcbb   Thumb Code   172  syrsa.o(.text)
    RSA_PublicDecrypt                        0x1001dd67   Thumb Code   220  syrsa.o(.text)
    RSA_PrivateEncrypt                       0x1001de43   Thumb Code   152  syrsa.o(.text)
    RSA_PrivateDecrypt                       0x1001dedb   Thumb Code   216  syrsa.o(.text)
    RegularMNum                              0x1001dfb9   Thumb Code    24  sm2.o(.text)
    SM3_GetMsgValue                          0x1001dfd1   Thumb Code    40  sm2.o(.text)
    SM3_GetSignIDValue                       0x1001dff9   Thumb Code   284  sm2.o(.text)
    GetKDFValue                              0x1001e115   Thumb Code   134  sm2.o(.text)
    SM2_GenKey                               0x1001e19b   Thumb Code   148  sm2.o(.text)
    SM2_GetHashValue                         0x1001e22f   Thumb Code    80  sm2.o(.text)
    SM2_Sign                                 0x1001e27f   Thumb Code   718  sm2.o(.text)
    SM2_Verify                               0x1001e54d   Thumb Code  1376  sm2.o(.text)
    SM2_KeyExc_Init                          0x1001eaad   Thumb Code    76  sm2.o(.text)
    SM2_KeyExc_Response                      0x1001eaf9   Thumb Code   828  sm2.o(.text)
    SM2_KeyExc_Spons                         0x1001ee35   Thumb Code   840  sm2.o(.text)
    SM2_PubKeyEncrypt                        0x1001f17d   Thumb Code   686  sm2.o(.text)
    SM2_PriKeyDecrypt                        0x1001f42b   Thumb Code   564  sm2.o(.text)
    SM2_Key_Exchange                         0x1001f65f   Thumb Code  1402  sm2.o(.text)
    SM2_PubKeyEncrypt_Old                    0x1001fbd9   Thumb Code   660  sm2.o(.text)
    SM2_PriKeyDecrypt_Old                    0x1001fe6d   Thumb Code   582  sm2.o(.text)
    GetClusterAddr                           0x100200c1   Thumb Code    12  filesystem.o(.text)
    GetBlankCluster                          0x100200cd   Thumb Code    66  filesystem.o(.text)
    FindNextCluster                          0x1002010f   Thumb Code    64  filesystem.o(.text)
    FindStartCluster                         0x1002014f   Thumb Code    90  filesystem.o(.text)
    FS_UpdateFile                            0x100201a9   Thumb Code   620  filesystem.o(.text)
    FS_GetFreeSpace                          0x10020415   Thumb Code   106  filesystem.o(.text)
    FS_CreateFile                            0x1002047f   Thumb Code   520  filesystem.o(.text)
    FS_SelectFileByCluster                   0x10020687   Thumb Code   146  filesystem.o(.text)
    FS_Format                                0x10020719   Thumb Code   402  filesystem.o(.text)
    FS_ReadFile                              0x100208ab   Thumb Code   406  filesystem.o(.text)
    FS_SelectFileByID                        0x10020a41   Thumb Code   128  filesystem.o(.text)
    FS_Init                                  0x10020ac1   Thumb Code   102  filesystem.o(.text)
    FS_Enum                                  0x10020b27   Thumb Code   256  filesystem.o(.text)
    FS_SelectDirOrFileByName2                0x10020c27   Thumb Code   178  filesystem.o(.text)
    FS_SelectDirOrFileByName                 0x10020cd9   Thumb Code   228  filesystem.o(.text)
    FS_DeleteFile                            0x10020dbd   Thumb Code   422  filesystem.o(.text)
    FS_ReadNodeInfo                          0x10020f63   Thumb Code    28  filesystem.o(.text)
    FS_ReadDirNodeInfo                       0x10020f7f   Thumb Code    26  filesystem.o(.text)
    FS_ReadFileNodeInfo                      0x10020f99   Thumb Code    26  filesystem.o(.text)
    FS_WriteDirNodeInfo                      0x10020fb3   Thumb Code    26  filesystem.o(.text)
    FS_WriteFileNodeInfo                     0x10020fcd   Thumb Code    26  filesystem.o(.text)
    FS_CreateDir                             0x10020fe7   Thumb Code    12  filesystem.o(.text)
    FS_EnumDir                               0x10020ff3   Thumb Code    18  filesystem.o(.text)
    FS_EnumFile                              0x10021005   Thumb Code    20  filesystem.o(.text)
    SSF33_Encrypt_ECB                        0x100211b7   Thumb Code   202  ssf33.o(.text)
    SSF33_Decrypt_ECB                        0x10021281   Thumb Code   190  ssf33.o(.text)
    GetData                                  0x1002133f   Thumb Code    88  ssf33.o(.text)
    SSF33_ExternKey                          0x10021397   Thumb Code   250  ssf33.o(.text)
    Prime_CntLsb                             0x10021491   Thumb Code    70  prime.o(.text)
    Prime_MillerRabinTest                    0x100214d7   Thumb Code   218  prime.o(.text)
    GeneratePrime                            0x100215b1   Thumb Code   458  prime.o(.text)
    NN_Random                                0x10021785   Thumb Code    36  bigdigits.o(.text)
    NN_ModAdd                                0x100217a9   Thumb Code    78  bigdigits.o(.text)
    NN_ModSub                                0x100217f7   Thumb Code   116  bigdigits.o(.text)
    NN_And                                   0x1002186b   Thumb Code   112  bigdigits.o(.text)
    InitCurve                                0x100218dd   Thumb Code    82  elliptic-ffp.o(.text)
    Ep_Point_Copy                            0x1002192f   Thumb Code    36  elliptic-ffp.o(.text)
    Ep_Point_Zero                            0x10021953   Thumb Code    28  elliptic-ffp.o(.text)
    Ep_Point_Is_Zero                         0x1002196f   Thumb Code    40  elliptic-ffp.o(.text)
    Ep_Point_Is_Equal                        0x10021997   Thumb Code    48  elliptic-ffp.o(.text)
    Ep_Point_Is_Inverse                      0x100219c7   Thumb Code    66  elliptic-ffp.o(.text)
    Ep_Point_Inv                             0x10021a09   Thumb Code    40  elliptic-ffp.o(.text)
    Ep_Point_Double                          0x10021a31   Thumb Code   314  elliptic-ffp.o(.text)
    Ep_Point_Add                             0x10021b6b   Thumb Code    24  elliptic-ffp.o(.text)
    Ep_Point_Mul_win_s                       0x10021b83   Thumb Code    30  elliptic-ffp.o(.text)
    Ep_Point_Mul_win                         0x10021ba1   Thumb Code    56  elliptic-ffp.o(.text)
    Ep_Is_On_Curve                           0x10021bd9   Thumb Code   206  elliptic-ffp.o(.text)
    R_GenerateBytes                          0x10021cb5   Thumb Code    22  r_random.o(.text)
    ECC_ins_gen                              0x10021ccd   Thumb Code    74  hardecc.o(.text)
    ECC_AfterProcess                         0x10021d17   Thumb Code  1594  hardecc.o(.text)
    ECC_PreProcess                           0x10022351   Thumb Code   208  hardecc.o(.text)
    ECC_PointAdd                             0x10022421   Thumb Code   312  hardecc.o(.text)
    ECC_PointMult                            0x10022559   Thumb Code   362  hardecc.o(.text)
    ECC_PointMult_s                          0x100226c3   Thumb Code   460  hardecc.o(.text)
    __I$use$semihosting                      0x100228a9   Thumb Code     0  use_no_semi.o(.text)
    __use_no_semihosting_swi                 0x100228a9   Thumb Code     2  use_no_semi.o(.text)
    __aeabi_llsl                             0x100228ab   Thumb Code    32  llshl.o(.text)
    _ll_shift_l                              0x100228ab   Thumb Code     0  llshl.o(.text)
    __aeabi_llsr                             0x100228cb   Thumb Code    34  llushr.o(.text)
    _ll_ushift_r                             0x100228cb   Thumb Code     0  llushr.o(.text)
    __c89vsnprintf                           0x100228ed   Thumb Code    48  c89vsnprintf.o(.text)
    __2printf                                0x10022921   Thumb Code    22  __2printf.o(.text)
    _printf_pre_padding                      0x1002293d   Thumb Code    44  _printf_pad.o(.text)
    _printf_post_padding                     0x10022969   Thumb Code    34  _printf_pad.o(.text)
    _printf_str                              0x1002298b   Thumb Code    82  _printf_str.o(.text)
    _printf_int_dec                          0x100229dd   Thumb Code    90  _printf_dec.o(.text)
    _printf_longlong_hex                     0x10022a49   Thumb Code    88  _printf_hex_int_ll_ptr.o(.text)
    _printf_int_hex                          0x10022aa1   Thumb Code    28  _printf_hex_int_ll_ptr.o(.text)
    _printf_ll_hex                           0x10022abd   Thumb Code    10  _printf_hex_int_ll_ptr.o(.text)
    _printf_hex_ptr                          0x10022ac7   Thumb Code    22  _printf_hex_int_ll_ptr.o(.text)
    __printf                                 0x10022ae1   Thumb Code   388  __printf_flags_ss_wp.o(.text)
    memcmp                                   0x10022c69   Thumb Code    90  memcmp.o(.text)
    strcpy                                   0x10022cc5   Thumb Code    70  strcpy.o(.text)
    strlen                                   0x10022d11   Thumb Code    62  strlen.o(.text)
    strcat                                   0x10022d55   Thumb Code    24  strcat.o(.text)
    __aeabi_memcpy                           0x10022d6d   Thumb Code   130  rt_memcpy.o(.text)
    __rt_memcpy                              0x10022d6d   Thumb Code     0  rt_memcpy.o(.text)
    __aeabi_memset                           0x10022def   Thumb Code    18  aeabi_memset.o(.text)
    _memset_w                                0x10022e01   Thumb Code    26  rt_memclr.o(.text)
    _memset                                  0x10022e1b   Thumb Code    30  rt_memclr.o(.text)
    __aeabi_memclr                           0x10022e39   Thumb Code     4  rt_memclr.o(.text)
    __rt_memclr                              0x10022e39   Thumb Code     0  rt_memclr.o(.text)
    __aeabi_memclr4                          0x10022e3d   Thumb Code     0  rt_memclr.o(.text)
    __aeabi_memclr8                          0x10022e3d   Thumb Code     0  rt_memclr.o(.text)
    __rt_memclr_w                            0x10022e3d   Thumb Code     4  rt_memclr.o(.text)
    strcmp                                   0x10022e41   Thumb Code   132  strcmp.o(.text)
    __aeabi_uread4                           0x10022ec9   Thumb Code    34  uread4.o(.text)
    __rt_uread4                              0x10022ec9   Thumb Code     0  uread4.o(.text)
    __aeabi_uwrite4                          0x10022eeb   Thumb Code    16  uwrite4.o(.text)
    __rt_uwrite4                             0x10022eeb   Thumb Code     0  uwrite4.o(.text)
    __aeabi_uidiv                            0x10022efb   Thumb Code     0  aeabi_sdiv.o(.text)
    __aeabi_uidivmod                         0x10022efb   Thumb Code    20  aeabi_sdiv.o(.text)
    __aeabi_idiv                             0x10022f0f   Thumb Code     0  aeabi_sdiv.o(.text)
    __aeabi_idivmod                          0x10022f0f   Thumb Code   326  aeabi_sdiv.o(.text)
    __use_two_region_memory                  0x10023055   Thumb Code     2  heapauxi.o(.text)
    __rt_heap_escrow$2region                 0x10023057   Thumb Code     2  heapauxi.o(.text)
    __rt_heap_expand$2region                 0x10023059   Thumb Code     2  heapauxi.o(.text)
    __aeabi_ddiv                             0x1002305d   Thumb Code     0  ddiv.o(.text)
    _ddiv                                    0x1002305d   Thumb Code  1050  ddiv.o(.text)
    _drdiv                                   0x10023477   Thumb Code    20  ddiv.o(.text)
    __aeabi_d2uiz                            0x10023495   Thumb Code     0  dfixui.o(.text)
    _dfixu                                   0x10023495   Thumb Code    62  dfixui.o(.text)
    __aeabi_i2d_normalise                    0x100234dd   Thumb Code    64  dflti.o(.text)
    __aeabi_i2d                              0x1002351d   Thumb Code    16  dflti.o(.text)
    _dflt                                    0x1002351d   Thumb Code     0  dflti.o(.text)
    __aeabi_ui2d                             0x1002352d   Thumb Code     6  dflti.o(.text)
    _dfltu                                   0x1002352d   Thumb Code     0  dflti.o(.text)
    __aeabi_dmul                             0x10023535   Thumb Code     0  dmul.o(.text)
    _dmul                                    0x10023535   Thumb Code   634  dmul.o(.text)
    _printf_truncate_signed                  0x100237c5   Thumb Code    18  _printf_truncate.o(.text)
    _printf_truncate_unsigned                0x100237d7   Thumb Code    18  _printf_truncate.o(.text)
    _printf_int_common                       0x100237e9   Thumb Code   176  _printf_intcommon.o(.text)
    _printf_charcount                        0x10023899   Thumb Code    40  _printf_charcount.o(.text)
    _printf_char_common                      0x100238cb   Thumb Code    32  _printf_char_common.o(.text)
    _sputc                                   0x100238f1   Thumb Code    10  _sputc.o(.text)
    _snputc                                  0x100238fb   Thumb Code    16  _snputc.o(.text)
    _printf_cs_common                        0x1002390b   Thumb Code    22  _printf_char.o(.text)
    _printf_char                             0x10023921   Thumb Code    16  _printf_char.o(.text)
    _printf_string                           0x10023931   Thumb Code     8  _printf_char.o(.text)
    _printf_char_file                        0x10023939   Thumb Code    34  _printf_char_file.o(.text)
    _printf_wctomb                           0x10023961   Thumb Code   182  _printf_wctomb.o(.text)
    _printf_longlong_dec                     0x10023a1d   Thumb Code    94  _printf_longlong_dec.o(.text)
    _printf_longlong_oct                     0x10023a8d   Thumb Code    68  _printf_oct_int_ll.o(.text)
    _printf_int_oct                          0x10023ad1   Thumb Code    24  _printf_oct_int_ll.o(.text)
    _printf_ll_oct                           0x10023ae9   Thumb Code    10  _printf_oct_int_ll.o(.text)
    __rt_udiv10                              0x10023afd   Thumb Code    40  rtudiv10.o(.text)
    _ll_udiv10                               0x10023b25   Thumb Code   122  lludiv10.o(.text)
    __lib_sel_fp_printf                      0x10023ba1   Thumb Code     2  _printf_fp_dec.o(.text)
    _printf_fp_dec_real                      0x10023d3f   Thumb Code   618  _printf_fp_dec.o(.text)
    _printf_lcs_common                       0x10023fb5   Thumb Code    22  _printf_wchar.o(.text)
    _printf_wchar                            0x10023fcb   Thumb Code    16  _printf_wchar.o(.text)
    _printf_wstring                          0x10023fdb   Thumb Code     8  _printf_wchar.o(.text)
    _wcrtomb                                 0x10023fe3   Thumb Code    68  _wcrtomb.o(.text)
    __user_setup_stackheap                   0x10024027   Thumb Code    62  sys_stackheap_outer.o(.text)
    __rt_ctype_table                         0x10024065   Thumb Code    16  rt_ctype_table.o(.text)
    __rt_locale                              0x10024075   Thumb Code     8  rt_locale_intlibspace.o(.text)
    _printf_fp_infnan                        0x1002407d   Thumb Code   120  _printf_fp_infnan.o(.text)
    _btod_etento                             0x10024105   Thumb Code   200  bigflt0.o(.text)
    _btod_d2e                                0x100241d1   Thumb Code    64  btod.o(.text)
    _btod_emul                               0x100245c7   Thumb Code    24  btod.o(.text)
    _btod_emuld                              0x100245df   Thumb Code    60  btod.o(.text)
    _btod_ediv                               0x1002461b   Thumb Code    22  btod.o(.text)
    _btod_edivd                              0x10024631   Thumb Code    60  btod.o(.text)
    exit                                     0x10024679   Thumb Code    12  exit.o(.text)
    __user_libspace                          0x10024685   Thumb Code     8  libspace.o(.text)
    __user_perproc_libspace                  0x10024685   Thumb Code     0  libspace.o(.text)
    __user_perthread_libspace                0x10024685   Thumb Code     0  libspace.o(.text)
    EFC_WrProtect                            0x1002468d   Thumb Code     6  efc.o(i.EFC_WrProtect)
    SCM_DisableModClk                        0x10024699   Thumb Code    16  spi.o(i.SCM_DisableModClk)
    SCM_EnableModClk                         0x100246ad   Thumb Code    16  spi.o(i.SCM_EnableModClk)
    SCM_KeepModRst                           0x100246c1   Thumb Code    16  spi.o(i.SCM_KeepModRst)
    SCM_ReleaseModRst                        0x100246d5   Thumb Code    16  spi.o(i.SCM_ReleaseModRst)
    SQI_WrProtect                            0x100246e9   Thumb Code     6  sqi.o(i.SQI_WrProtect)
    __ARM_common_ll_muluu                    0x100246f5   Thumb Code    48  sci.o(i.__ARM_common_ll_muluu)
    __ARM_common_switch8                     0x10024725   Thumb Code    28  sqi.o(i.__ARM_common_switch8)
    __ARM_fpclassify                         0x10024741   Thumb Code    38  fpclassify.o(i.__ARM_fpclassify)
    _is_digit                                0x1002476d   Thumb Code    14  __printf_wp.o(i._is_digit)
    _get_lc_numeric                          0x1002477d   Thumb Code    44  lc_numeric_c.o(locale$$code)
    _get_lc_ctype                            0x100247a9   Thumb Code    44  lc_ctype_c.o(locale$$code)
    _printf_fp_dec                           0x100247d5   Thumb Code    16  printf1.o(x$fpl$printf1)
    __I$use$fp                               0x100247e5   Thumb Code     0  usenofp.o(x$fpl$usenofp)
    gsenseArray                              0x100247e4   Data          42  bulkitem.o(.constdata)
    DeviceDescFS                             0x1002480e   Data          18  ctrlitem.o(.constdata)
    ConfigDescFs                             0x10024820   Data          32  ctrlitem.o(.constdata)
    Str0Desc                                 0x10024840   Data           4  ctrlitem.o(.constdata)
    Str1Desc                                 0x10024844   Data          24  ctrlitem.o(.constdata)
    Str2Desc                                 0x1002485c   Data          30  ctrlitem.o(.constdata)
    Str3Desc                                 0x1002487a   Data          22  ctrlitem.o(.constdata)
    StrDescLenGroup                          0x10024890   Data           4  ctrlitem.o(.constdata)
    StandardDeviceRequest                    0x10024894   Data          52  ctrlusb.o(.constdata)
    gPwd                                     0x100248c8   Data          32  command.o(.constdata)
    gDBR                                     0x10024fd4   Data         512  sdmemacc.o(.constdata)
    gFAT                                     0x100251d4   Data         512  sdmemacc.o(.constdata)
    gDIR                                     0x100253d4   Data         512  sdmemacc.o(.constdata)
    SM4_S                                    0x100266c4   Data         256  sms4.o(.constdata)
    Sbox                                     0x10026854   Data         128  ssf33.o(.constdata)
    SK                                       0x100268d4   Data          64  ssf33.o(.constdata)
    SMALL_PRIMES                             0x10026914   Data          64  prime.o(.constdata)
    ECDSA256                                 0x10026994   Data         380  elliptic-ffp.o(.constdata)
    ECDSA192                                 0x10026b10   Data         380  elliptic-ffp.o(.constdata)
    SM2_256                                  0x10026c8c   Data         380  elliptic-ffp.o(.constdata)
    Region$$Table$$Base                      0x100270dc   Number         0  anon$$obj.o(Region$$Table)
    Region$$Table$$Limit                     0x100270fc   Number         0  anon$$obj.o(Region$$Table)
    __ctype                                  0x10027125   Data           0  lc_ctype_c.o(locale$$data)
    _SCM_SetSysClk                           0x20000030   Data           4  romfunc.o(NO_INIT)
    _SCM_LoadHFRoscTrim                      0x20000034   Data           4  romfunc.o(NO_INIT)
    _EFC_Program                             0x20000038   Data           4  romfunc.o(NO_INIT)
    _EFC_IsEraseOK                           0x2000003c   Data           4  romfunc.o(NO_INIT)
    _EFC_Erase                               0x20000040   Data           4  romfunc.o(NO_INIT)
    _EFC_PageProg                            0x20000044   Data           4  romfunc.o(NO_INIT)
    _EFC_ConfigTiming                        0x20000048   Data           4  romfunc.o(NO_INIT)
    _EFC_WriteInfo                           0x2000004c   Data           4  romfunc.o(NO_INIT)
    _EFC_Chip_Erase                          0x20000050   Data           4  romfunc.o(NO_INIT)
    _SQI_PageProg                            0x20000054   Data           4  romfunc.o(NO_INIT)
    _SQI_Init                                0x20000058   Data           4  romfunc.o(NO_INIT)
    _SQI_ReadInfo                            0x2000005c   Data           4  romfunc.o(NO_INIT)
    _SQI_WriteInfo                           0x20000060   Data           4  romfunc.o(NO_INIT)
    SystemFrequency                          0x20000070   Data           4  system_sy03.o(.data)
    __stdout                                 0x20000074   Data           4  retarget.o(.data)
    __stdin                                  0x20000078   Data           4  retarget.o(.data)
    SerInit                                  0x20000080   Data           1  serial.o(.data)
    gbInitSBF                                0x20000082   Data           1  sqi.o(.data)
    gInitSDICompleted                        0x200000a4   Data           1  sdsi.o(.data)
    gFlush                                   0x200000b4   Data           1  sdi.o(.data)
    gStartAutorun                            0x200000b5   Data           1  bulkitem.o(.data)
    gCountAuto                               0x200000b6   Data           1  bulkitem.o(.data)
    gSensePtr                                0x200000b7   Data           1  bulkitem.o(.data)
    g_pDoMySCSICmd                           0x200000b8   Data           4  bulkusb.o(.data)
    g_pWriteLBA                              0x200000bc   Data           4  bulkusb.o(.data)
    g_pReadLBA                               0x200000c0   Data           4  bulkusb.o(.data)
    glDiskCap                                0x200000c4   Data           4  bulkusb.o(.data)
    gUsbMode                                 0x200000c8   Data           1  usbbase.o(.data)
    gUSBFlag                                 0x200000ca   Data           1  usbprotocol.o(.data)
    gIntrOut                                 0x200000cc   Data           2  usbprotocol.o(.data)
    gIntrIn                                  0x200000ce   Data           2  usbprotocol.o(.data)
    gSysClkPar                               0x200000d0   Data           1  usbprotocol.o(.data)
    gCosVersion                              0x200000d4   Data           2  command.o(.data)
    gCurSAStatus                             0x200000d6   Data           1  command.o(.data)
    gCardStatus                              0x200000d7   Data           1  command.o(.data)
    gHashAlgID                               0x200000d8   Data           4  command.o(.data)
    gHashAlgInUse                            0x200000dc   Data           1  command.o(.data)
    AgreementKeyFlag                         0x200000dd   Data           1  command.o(.data)
    gLastSessionKeyID                        0x200000de   Data           2  command.o(.data)
    e                                        0x200000e0   Data           4  command.o(.data)
    gSystemInited                            0x200000e4   Data           1  sdmemacc.o(.data)
    gSDSIBuffAddr                            0x200000e8   Data           4  sdmemacc.o(.data)
    gApduHeader                              0x200000ec   Data           4  sdmemacc.o(.data)
    gRespondSW                               0x200000f0   Data           1  sdmemacc.o(.data)
    gSDICapacity                             0x200000fc   Data           4  sd_systemapp.o(.data)
    gSDISysMode                              0x20000100   Data           1  sd_systemapp.o(.data)
    RsaStartCode                             0x20000138   Data          44  nn.o(.data)
    gCurrentDirectoryCluster                 0x20000164   Data           2  filesystem.o(.data)
    gCurrentFileCluster                      0x20000166   Data           2  filesystem.o(.data)
    gMFCluster                               0x20000168   Data           2  filesystem.o(.data)
    gSdmcPara                                0x200001a8   Data          48  sdi.o(.bss)
    gSetupStatus                             0x200001d8   Data          12  ctrlitem.o(.bss)
    gAPPState                                0x200001e4   Data         320  command.o(.bss)
    gSessionKey                              0x20000324   Data        2400  command.o(.bss)
    gRandData                                0x20000c84   Data          16  command.o(.bss)
    gSm3Context                              0x20000c94   Data          68  command.o(.bss)
    gSHA1Context                             0x20000cd8   Data          92  command.o(.bss)
    gSHA256Context                           0x20000d34   Data         104  command.o(.bss)
    n                                        0x20000d9c   Data         256  command.o(.bss)
    p                                        0x20000e9c   Data         128  command.o(.bss)
    q                                        0x20000f1c   Data         128  command.o(.bss)
    dp                                       0x20000f9c   Data         128  command.o(.bss)
    dq                                       0x2000101c   Data         128  command.o(.bss)
    qinv                                     0x2000109c   Data         128  command.o(.bss)
    gRespDataBuf                             0x2000111c   Data        4096  sdmemacc.o(.bss)
    gApduBody                                0x2000211c   Data          12  sdmemacc.o(.bss)
    gApduResp                                0x20002128   Data          12  sdmemacc.o(.bss)
    SdsiFile                                 0x20002234   Data          28  sd_systemapp.o(.bss)
    __libspace_start                         0x20002250   Data          96  libspace.o(.bss)
    __temporary_stack_top$libspace           0x200022b0   Data           0  libspace.o(.bss)
    Image$$HEAP$$Base                        0x20002800   Number         0  anon$$obj.o(linker$$defined$$symbols)
    Image$$HEAP$$ZI$$Limit                   0x20002800   Number         0  anon$$obj.o(HEAP.bss)
    Image$$STACK$$Base                       0x20002800   Number         0  anon$$obj.o(linker$$defined$$symbols)
    Image$$STACK$$ZI$$Limit                  0x20004000   Number         0  anon$$obj.o(STACK.bss)
    SdsiADMA2DescTbl                         0x20008c00   Data         256  sy03_regs.o(.ARM.__AT_0x20008C00)
    ScmRegs                                  0x40000000   Data          96  sy03_regs.o(.ARM.__AT_0x40000000)
    GpioRegs                                 0x40004000   Data         240  sy03_regs.o(.ARM.__AT_0x40004000)
    T0Regs                                   0x40008000   Data          12  sy03_regs.o(.ARM.__AT_0x40008000)
    Spi0Regs                                 0x40014000   Data          40  sy03_regs.o(.ARM.__AT_0x40014000)
    RngRegs                                  0x40018000   Data          44  sy03_regs.o(.ARM.__AT_0x40018000)
    T1Regs                                   0x40020000   Data          12  sy03_regs.o(.ARM.__AT_0x40020000)
    T2Regs                                   0x40024000   Data          12  sy03_regs.o(.ARM.__AT_0x40024000)
    SsiRegs                                  0x40028000   Data         256  sy03_regs.o(.ARM.__AT_0x40028000)
    Uart0Regs                                0x4002c000   Data          40  sy03_regs.o(.ARM.__AT_0x4002C000)
    I2C0Regs                                 0x40030000   Data          40  sy03_regs.o(.ARM.__AT_0x40030000)
    SwpsRegs                                 0x40034000   Data          44  sy03_regs.o(.ARM.__AT_0x40034000)
    SwpmRegs                                 0x40038000   Data          44  sy03_regs.o(.ARM.__AT_0x40038000)
    Iso7816Regs                              0x4003c000   Data          68  sy03_regs.o(.ARM.__AT_0x4003C000)
    SciRegs                                  0x40040000   Data         136  sy03_regs.o(.ARM.__AT_0x40040000)
    AcmpRegs                                 0x40044000   Data           8  sy03_regs.o(.ARM.__AT_0x40044000)
    VpwmRegs                                 0x40048000   Data          24  sy03_regs.o(.ARM.__AT_0x40048000)
    RtcRegs                                  0x40050000   Data          16  sy03_regs.o(.ARM.__AT_0x40050000)
    EfcRegs                                  0x40054000   Data          52  sy03_regs.o(.ARM.__AT_0x40054000)
    SqiRegs                                  0x40058000   Data          40  sy03_regs.o(.ARM.__AT_0x40058000)
    CrcRegs                                  0x4005c000   Data          16  sy03_regs.o(.ARM.__AT_0x4005C000)
    BvdRegs                                  0x40060000   Data           8  sy03_regs.o(.ARM.__AT_0x40060000)
    Spi1Regs                                 0x4006c000   Data          40  sy03_regs.o(.ARM.__AT_0x4006C000)
    SdsiRegs                                 0x50000000   Data         652  sy03_regs.o(.ARM.__AT_0x50000000)
    UsbRegs                                  0x50010000   Data          52  sy03_regs.o(.ARM.__AT_0x50010000)
    SdiRegs                                  0x50020000   Data          56  sy03_regs.o(.ARM.__AT_0x50020000)



==============================================================================

Memory Map of the image

  Image Entry point : 0x100002dd

  Load Region LOAD_ROM (Base: 0x10000000, Size: 0x00027324, Max: 0x00040000, ABSOLUTE)

    Execution Region EXEC_ROM (Base: 0x10000000, Size: 0x00027228, Max: 0x00040000, ABSOLUTE)

    Base Addr    Size         Type   Attr      Idx    E Section Name        Object

    0x10000000   0x00000100   Data   RO           22    RESET               startup_sy03.o
    0x10000100   0x00000008   Code   RO         2279  * !!!main             c_p.l(__main.o)
    0x10000108   0x0000003c   Code   RO         2538    !!!scatter          c_p.l(__scatter.o)
    0x10000144   0x0000001a   Code   RO         2540    !!handler_copy      c_p.l(__scatter_copy.o)
    0x1000015e   0x00000002   PAD
    0x10000160   0x0000001c   Code   RO         2542    !!handler_zi        c_p.l(__scatter_zi.o)
    0x1000017c   0x00000002   Code   RO         2250    .ARM.Collect$$_printf_percent$$00000000  c_p.l(_printf_percent.o)
    0x1000017e   0x0000000a   Code   RO         2327    .ARM.Collect$$_printf_percent$$00000001  c_p.l(_printf_n.o)
    0x10000188   0x0000000a   Code   RO         2328    .ARM.Collect$$_printf_percent$$00000002  c_p.l(_printf_p.o)
    0x10000192   0x0000000a   Code   RO         2332    .ARM.Collect$$_printf_percent$$00000003  c_p.l(_printf_f.o)
    0x1000019c   0x0000000a   Code   RO         2333    .ARM.Collect$$_printf_percent$$00000004  c_p.l(_printf_e.o)
    0x100001a6   0x0000000a   Code   RO         2334    .ARM.Collect$$_printf_percent$$00000005  c_p.l(_printf_g.o)
    0x100001b0   0x0000000a   Code   RO         2335    .ARM.Collect$$_printf_percent$$00000006  c_p.l(_printf_a.o)
    0x100001ba   0x0000000a   Code   RO         2340    .ARM.Collect$$_printf_percent$$00000007  c_p.l(_printf_ll.o)
    0x100001c4   0x0000000a   Code   RO         2330    .ARM.Collect$$_printf_percent$$00000008  c_p.l(_printf_i.o)
    0x100001ce   0x0000000a   Code   RO         2249    .ARM.Collect$$_printf_percent$$00000009  c_p.l(_printf_d.o)
    0x100001d8   0x0000000a   Code   RO         2331    .ARM.Collect$$_printf_percent$$0000000A  c_p.l(_printf_u.o)
    0x100001e2   0x0000000a   Code   RO         2329    .ARM.Collect$$_printf_percent$$0000000B  c_p.l(_printf_o.o)
    0x100001ec   0x0000000a   Code   RO         2248    .ARM.Collect$$_printf_percent$$0000000C  c_p.l(_printf_x.o)
    0x100001f6   0x0000000a   Code   RO         2337    .ARM.Collect$$_printf_percent$$0000000D  c_p.l(_printf_lli.o)
    0x10000200   0x0000000a   Code   RO         2338    .ARM.Collect$$_printf_percent$$0000000E  c_p.l(_printf_lld.o)
    0x1000020a   0x0000000a   Code   RO         2339    .ARM.Collect$$_printf_percent$$0000000F  c_p.l(_printf_llu.o)
    0x10000214   0x0000000a   Code   RO         2344    .ARM.Collect$$_printf_percent$$00000010  c_p.l(_printf_llo.o)
    0x1000021e   0x0000000a   Code   RO         2345    .ARM.Collect$$_printf_percent$$00000011  c_p.l(_printf_llx.o)
    0x10000228   0x0000000a   Code   RO         2341    .ARM.Collect$$_printf_percent$$00000012  c_p.l(_printf_l.o)
    0x10000232   0x0000000a   Code   RO         2326    .ARM.Collect$$_printf_percent$$00000013  c_p.l(_printf_c.o)
    0x1000023c   0x0000000a   Code   RO         2247    .ARM.Collect$$_printf_percent$$00000014  c_p.l(_printf_s.o)
    0x10000246   0x0000000a   Code   RO         2342    .ARM.Collect$$_printf_percent$$00000015  c_p.l(_printf_lc.o)
    0x10000250   0x0000000a   Code   RO         2343    .ARM.Collect$$_printf_percent$$00000016  c_p.l(_printf_ls.o)
    0x1000025a   0x00000004   Code   RO         2336    .ARM.Collect$$_printf_percent$$00000017  c_p.l(_printf_percent_end.o)
    0x1000025e   0x00000006   Code   RO         2409    .ARM.Collect$$libinit$$00000000  c_p.l(libinit.o)
    0x10000264   0x00000000   Code   RO         2431    .ARM.Collect$$libinit$$00000006  c_p.l(libinit2.o)
    0x10000264   0x00000000   Code   RO         2433    .ARM.Collect$$libinit$$00000008  c_p.l(libinit2.o)
    0x10000264   0x00000000   Code   RO         2435    .ARM.Collect$$libinit$$0000000A  c_p.l(libinit2.o)
    0x10000264   0x00000006   Code   RO         2436    .ARM.Collect$$libinit$$0000000B  c_p.l(libinit2.o)
    0x1000026a   0x00000000   Code   RO         2438    .ARM.Collect$$libinit$$0000000D  c_p.l(libinit2.o)
    0x1000026a   0x0000000c   Code   RO         2439    .ARM.Collect$$libinit$$0000000E  c_p.l(libinit2.o)
    0x10000276   0x00000000   Code   RO         2440    .ARM.Collect$$libinit$$0000000F  c_p.l(libinit2.o)
    0x10000276   0x00000000   Code   RO         2442    .ARM.Collect$$libinit$$00000011  c_p.l(libinit2.o)
    0x10000276   0x0000000a   Code   RO         2443    .ARM.Collect$$libinit$$00000012  c_p.l(libinit2.o)
    0x10000280   0x00000000   Code   RO         2444    .ARM.Collect$$libinit$$00000013  c_p.l(libinit2.o)
    0x10000280   0x00000000   Code   RO         2446    .ARM.Collect$$libinit$$00000015  c_p.l(libinit2.o)
    0x10000280   0x00000000   Code   RO         2448    .ARM.Collect$$libinit$$00000017  c_p.l(libinit2.o)
    0x10000280   0x00000000   Code   RO         2450    .ARM.Collect$$libinit$$00000019  c_p.l(libinit2.o)
    0x10000280   0x00000000   Code   RO         2452    .ARM.Collect$$libinit$$0000001B  c_p.l(libinit2.o)
    0x10000280   0x00000000   Code   RO         2454    .ARM.Collect$$libinit$$0000001D  c_p.l(libinit2.o)
    0x10000280   0x00000000   Code   RO         2456    .ARM.Collect$$libinit$$0000001F  c_p.l(libinit2.o)
    0x10000280   0x00000000   Code   RO         2458    .ARM.Collect$$libinit$$00000021  c_p.l(libinit2.o)
    0x10000280   0x00000000   Code   RO         2462    .ARM.Collect$$libinit$$00000028  c_p.l(libinit2.o)
    0x10000280   0x00000000   Code   RO         2464    .ARM.Collect$$libinit$$0000002A  c_p.l(libinit2.o)
    0x10000280   0x00000000   Code   RO         2466    .ARM.Collect$$libinit$$0000002C  c_p.l(libinit2.o)
    0x10000280   0x00000000   Code   RO         2468    .ARM.Collect$$libinit$$0000002E  c_p.l(libinit2.o)
    0x10000280   0x00000002   Code   RO         2469    .ARM.Collect$$libinit$$0000002F  c_p.l(libinit2.o)
    0x10000282   0x00000002   Code   RO         2493    .ARM.Collect$$libshutdown$$00000000  c_p.l(libshutdown.o)
    0x10000284   0x00000000   Code   RO         2520    .ARM.Collect$$libshutdown$$00000003  c_p.l(libshutdown2.o)
    0x10000284   0x00000000   Code   RO         2523    .ARM.Collect$$libshutdown$$00000006  c_p.l(libshutdown2.o)
    0x10000284   0x00000000   Code   RO         2526    .ARM.Collect$$libshutdown$$00000009  c_p.l(libshutdown2.o)
    0x10000284   0x00000000   Code   RO         2528    .ARM.Collect$$libshutdown$$0000000B  c_p.l(libshutdown2.o)
    0x10000284   0x00000000   Code   RO         2531    .ARM.Collect$$libshutdown$$0000000E  c_p.l(libshutdown2.o)
    0x10000284   0x00000002   Code   RO         2532    .ARM.Collect$$libshutdown$$0000000F  c_p.l(libshutdown2.o)
    0x10000286   0x00000000   Code   RO         2290    .ARM.Collect$$rtentry$$00000000  c_p.l(rtentry.o)
    0x10000286   0x00000000   Code   RO         2352    .ARM.Collect$$rtentry$$00000002  c_p.l(rtentry2.o)
    0x10000286   0x00000006   Code   RO         2364    .ARM.Collect$$rtentry$$00000004  c_p.l(rtentry4.o)
    0x1000028c   0x00000000   Code   RO         2354    .ARM.Collect$$rtentry$$00000009  c_p.l(rtentry2.o)
    0x1000028c   0x00000004   Code   RO         2355    .ARM.Collect$$rtentry$$0000000A  c_p.l(rtentry2.o)
    0x10000290   0x00000000   Code   RO         2357    .ARM.Collect$$rtentry$$0000000C  c_p.l(rtentry2.o)
    0x10000290   0x00000008   Code   RO         2358    .ARM.Collect$$rtentry$$0000000D  c_p.l(rtentry2.o)
    0x10000298   0x00000002   Code   RO         2418    .ARM.Collect$$rtexit$$00000000  c_p.l(rtexit.o)
    0x1000029a   0x00000000   Code   RO         2473    .ARM.Collect$$rtexit$$00000002  c_p.l(rtexit2.o)
    0x1000029a   0x00000004   Code   RO         2474    .ARM.Collect$$rtexit$$00000003  c_p.l(rtexit2.o)
    0x1000029e   0x00000006   Code   RO         2475    .ARM.Collect$$rtexit$$00000004  c_p.l(rtexit2.o)
    0x100002a4   0x00000038   Code   RO         2259    .emb_text           c_p.l(rt_memcpy.o)
    0x100002dc   0x00000058   Code   RO           23  * .text               startup_sy03.o
    0x10000334   0x0000003c   Code   RO           27    .text               system_sy03.o
    0x10000370   0x000004f8   Code   RO          391    .text               efc.o
    0x10000868   0x0000003a   Code   RO          422    .text               retarget.o
    0x100008a2   0x00000002   PAD
    0x100008a4   0x00000460   Code   RO          471    .text               scm.o
    0x10000d04   0x000000d8   Code   RO          489    .text               serial.o
    0x10000ddc   0x00000604   Code   RO          505    .text               sqi.o
    0x100013e0   0x000003c4   Code   RO          533    .text               ssi.o
    0x100017a4   0x0000043c   Code   RO          573    .text               swps.o
    0x10001be0   0x00000680   Code   RO          639    .text               uart.o
    0x10002260   0x000002f0   Code   RO          679    .text               vpwm.o
    0x10002550   0x00000128   Code   RO          708    .text               trng.o
    0x10002678   0x00000424   Code   RO          766    .text               sflash.o
    0x10002a9c   0x00000448   Code   RO          780    .text               xflash.o
    0x10002ee4   0x00000b30   Code   RO          806    .text               sdsi.o
    0x10003a14   0x0000134c   Code   RO          821    .text               sdi.o
    0x10004d60   0x000006b8   Code   RO          840    .text               bulkitem.o
    0x10005418   0x00000114   Code   RO          856    .text               bulkusb.o
    0x1000552c   0x000004bc   Code   RO          874    .text               ctrlitem.o
    0x100059e8   0x00000068   Code   RO          893    .text               ctrlusb.o
    0x10005a50   0x00000b0c   Code   RO          908    .text               usbbase.o
    0x1000655c   0x00000184   Code   RO          934    .text               usbprotocol.o
    0x100066e0   0x00000148   Code   RO          949    .text               main.o
    0x10006828   0x0000b6f0   Code   RO          982    .text               command.o
    0x10011f18   0x000006e8   Code   RO         1002    .text               sdmemacc.o
    0x10012600   0x000000ac   Code   RO         1027    .text               log.o
    0x100126ac   0x00000b44   Code   RO         1048    .text               sd_systemapp.o
    0x100131f0   0x000001c4   Code   RO         1077    .text               commandex.o
    0x100133b4   0x00002230   Code   RO         1241    .text               ff.o
    0x100155e4   0x0000021c   Code   RO         1267    .text               diskio.o
    0x10015800   0x00000214   Code   RO         1302    .text               SY03_RomFunc.lib(romfunc.o)
    0x10015a14   0x0000152e   Code   RO         1335    .text               SY03_CRYPT.lib(sha-1.o)
    0x10016f42   0x00000002   PAD
    0x10016f44   0x0000028c   Code   RO         1356    .text               SY03_CRYPT.lib(sm3.o)
    0x100171d0   0x00002ef8   Code   RO         1421    .text               SY03_CRYPT.lib(sha-256.o)
    0x1001a0c8   0x000005e0   Code   RO         1438    .text               SY03_CRYPT.lib(aes.o)
    0x1001a6a8   0x00000654   Code   RO         1485    .text               SY03_CRYPT.lib(sm1.o)
    0x1001acfc   0x000000a8   Code   RO         1512    .text               SY03_CRYPT.lib(algbase.o)
    0x1001ada4   0x00000834   Code   RO         1544    .text               SY03_CRYPT.lib(sms4.o)
    0x1001b5d8   0x0000059e   Code   RO         1655    .text               SY03_CRYPT.lib(ssf33alg.o)
    0x1001bb76   0x00000002   PAD
    0x1001bb78   0x00001140   Code   RO         1670    .text               SY03_CRYPT.lib(nn.o)
    0x1001ccb8   0x000004ee   Code   RO         1706    .text               SY03_CRYPT.lib(r_keygen.o)
    0x1001d1a6   0x00000002   PAD
    0x1001d1a8   0x00000e10   Code   RO         1720    .text               SY03_CRYPT.lib(syrsa.o)
    0x1001dfb8   0x00002106   Code   RO         1748    .text               SY03_CRYPT.lib(sm2.o)
    0x100200be   0x00000002   PAD
    0x100200c0   0x00000f68   Code   RO         1779    .text               SY06_FwLib.lib(filesystem.o)
    0x10021028   0x00000468   Code   RO         2050    .text               SY03_CRYPT.lib(ssf33.o)
    0x10021490   0x000002f4   Code   RO         2104    .text               SY03_CRYPT.lib(prime.o)
    0x10021784   0x00000156   Code   RO         2120    .text               SY03_CRYPT.lib(bigdigits.o)
    0x100218da   0x00000002   PAD
    0x100218dc   0x000003d8   Code   RO         2134    .text               SY03_CRYPT.lib(elliptic-ffp.o)
    0x10021cb4   0x00000016   Code   RO         2153    .text               SY03_CRYPT.lib(r_random.o)
    0x10021cca   0x00000002   PAD
    0x10021ccc   0x00000bdc   Code   RO         2167    .text               SY03_CRYPT.lib(hardecc.o)
    0x100228a8   0x00000002   Code   RO         2184    .text               c_p.l(use_no_semi.o)
    0x100228aa   0x00000020   Code   RO         2186    .text               c_p.l(llshl.o)
    0x100228ca   0x00000022   Code   RO         2188    .text               c_p.l(llushr.o)
    0x100228ec   0x00000034   Code   RO         2192    .text               c_p.l(c89vsnprintf.o)
    0x10022920   0x0000001c   Code   RO         2194    .text               c_p.l(__2printf.o)
    0x1002293c   0x0000004e   Code   RO         2200    .text               c_p.l(_printf_pad.o)
    0x1002298a   0x00000052   Code   RO         2202    .text               c_p.l(_printf_str.o)
    0x100229dc   0x0000006c   Code   RO         2204    .text               c_p.l(_printf_dec.o)
    0x10022a48   0x00000098   Code   RO         2224    .text               c_p.l(_printf_hex_int_ll_ptr.o)
    0x10022ae0   0x00000188   Code   RO         2244    .text               c_p.l(__printf_flags_ss_wp.o)
    0x10022c68   0x0000005a   Code   RO         2251    .text               c_p.l(memcmp.o)
    0x10022cc2   0x00000002   PAD
    0x10022cc4   0x0000004c   Code   RO         2253    .text               c_p.l(strcpy.o)
    0x10022d10   0x00000044   Code   RO         2255    .text               c_p.l(strlen.o)
    0x10022d54   0x00000018   Code   RO         2257    .text               c_p.l(strcat.o)
    0x10022d6c   0x00000082   Code   RO         2260    .text               c_p.l(rt_memcpy.o)
    0x10022dee   0x00000012   Code   RO         2263    .text               c_p.l(aeabi_memset.o)
    0x10022e00   0x00000040   Code   RO         2265    .text               c_p.l(rt_memclr.o)
    0x10022e40   0x00000088   Code   RO         2267    .text               c_p.l(strcmp.o)
    0x10022ec8   0x00000022   Code   RO         2269    .text               c_p.l(uread4.o)
    0x10022eea   0x00000010   Code   RO         2271    .text               c_p.l(uwrite4.o)
    0x10022efa   0x0000015a   Code   RO         2273    .text               c_p.l(aeabi_sdiv.o)
    0x10023054   0x00000006   Code   RO         2277    .text               c_p.l(heapauxi.o)
    0x1002305a   0x00000002   PAD
    0x1002305c   0x00000438   Code   RO         2281    .text               fz_ps.l(ddiv.o)
    0x10023494   0x00000048   Code   RO         2284    .text               fz_ps.l(dfixui.o)
    0x100234dc   0x00000056   Code   RO         2286    .text               fz_ps.l(dflti.o)
    0x10023532   0x00000002   PAD
    0x10023534   0x00000290   Code   RO         2288    .text               fz_ps.l(dmul.o)
    0x100237c4   0x00000024   Code   RO         2299    .text               c_p.l(_printf_truncate.o)
    0x100237e8   0x000000b0   Code   RO         2301    .text               c_p.l(_printf_intcommon.o)
    0x10023898   0x00000028   Code   RO         2303    .text               c_p.l(_printf_charcount.o)
    0x100238c0   0x00000030   Code   RO         2305    .text               c_p.l(_printf_char_common.o)
    0x100238f0   0x0000000a   Code   RO         2307    .text               c_p.l(_sputc.o)
    0x100238fa   0x00000010   Code   RO         2309    .text               c_p.l(_snputc.o)
    0x1002390a   0x0000002e   Code   RO         2311    .text               c_p.l(_printf_char.o)
    0x10023938   0x00000028   Code   RO         2313    .text               c_p.l(_printf_char_file.o)
    0x10023960   0x000000bc   Code   RO         2315    .text               c_p.l(_printf_wctomb.o)
    0x10023a1c   0x00000070   Code   RO         2318    .text               c_p.l(_printf_longlong_dec.o)
    0x10023a8c   0x00000070   Code   RO         2324    .text               c_p.l(_printf_oct_int_ll.o)
    0x10023afc   0x00000028   Code   RO         2346    .text               c_p.l(rtudiv10.o)
    0x10023b24   0x0000007a   Code   RO         2368    .text               c_p.l(lludiv10.o)
    0x10023b9e   0x00000002   PAD
    0x10023ba0   0x00000414   Code   RO         2370    .text               c_p.l(_printf_fp_dec.o)
    0x10023fb4   0x0000002e   Code   RO         2374    .text               c_p.l(_printf_wchar.o)
    0x10023fe2   0x00000044   Code   RO         2376    .text               c_p.l(_wcrtomb.o)
    0x10024026   0x0000003e   Code   RO         2378    .text               c_p.l(sys_stackheap_outer.o)
    0x10024064   0x00000010   Code   RO         2381    .text               c_p.l(rt_ctype_table.o)
    0x10024074   0x00000008   Code   RO         2386    .text               c_p.l(rt_locale_intlibspace.o)
    0x1002407c   0x00000088   Code   RO         2388    .text               c_p.l(_printf_fp_infnan.o)
    0x10024104   0x000000cc   Code   RO         2390    .text               c_p.l(bigflt0.o)
    0x100241d0   0x000004a8   Code   RO         2393    .text               c_p.l(btod.o)
    0x10024678   0x0000000c   Code   RO         2398    .text               c_p.l(exit.o)
    0x10024684   0x00000008   Code   RO         2414    .text               c_p.l(libspace.o)
    0x1002468c   0x0000000c   Code   RO          400    i.EFC_WrProtect     efc.o
    0x10024698   0x00000014   Code   RO          609    i.SCM_DisableModClk  spi.o
    0x100246ac   0x00000014   Code   RO          614    i.SCM_EnableModClk  spi.o
    0x100246c0   0x00000014   Code   RO          619    i.SCM_KeepModRst    spi.o
    0x100246d4   0x00000014   Code   RO          624    i.SCM_ReleaseModRst  spi.o
    0x100246e8   0x0000000c   Code   RO          517    i.SQI_WrProtect     sqi.o
    0x100246f4   0x00000030   Code   RO          456    i.__ARM_common_ll_muluu  sci.o
    0x10024724   0x0000001c   Code   RO          522    i.__ARM_common_switch8  sqi.o
    0x10024740   0x0000002c   Code   RO         2412    i.__ARM_fpclassify  m_ps.l(fpclassify.o)
    0x1002476c   0x0000000e   Code   RO         2237    i._is_digit         c_p.l(__printf_wp.o)
    0x1002477a   0x00000002   PAD
    0x1002477c   0x0000002c   Code   RO         2396    locale$$code        c_p.l(lc_numeric_c.o)
    0x100247a8   0x0000002c   Code   RO         2423    locale$$code        c_p.l(lc_ctype_c.o)
    0x100247d4   0x00000010   Code   RO         2348    x$fpl$printf1       fz_ps.l(printf1.o)
    0x100247e4   0x00000000   Code   RO         2350    x$fpl$usenofp       fz_ps.l(usenofp.o)
    0x100247e4   0x0000002a   Data   RO          841    .constdata          bulkitem.o
    0x1002480e   0x00000086   Data   RO          876    .constdata          ctrlitem.o
    0x10024894   0x00000034   Data   RO          894    .constdata          ctrlusb.o
    0x100248c8   0x0000070c   Data   RO          984    .constdata          command.o
    0x10024fd4   0x00000617   Data   RO         1004    .constdata          sdmemacc.o
    0x100255eb   0x00000051   Data   RO         1050    .constdata          sd_systemapp.o
    0x1002563c   0x0000000d   Data   RO         1078    .constdata          commandex.o
    0x10025649   0x00000040   Data   RO         1422    .constdata          SY03_CRYPT.lib(sha-256.o)
    0x10025689   0x00000003   PAD
    0x1002568c   0x00001028   Data   RO         1439    .constdata          SY03_CRYPT.lib(aes.o)
    0x100266b4   0x00000010   Data   RO         1486    .constdata          SY03_CRYPT.lib(sm1.o)
    0x100266c4   0x00000190   Data   RO         1545    .constdata          SY03_CRYPT.lib(sms4.o)
    0x10026854   0x000000c0   Data   RO         2051    .constdata          SY03_CRYPT.lib(ssf33.o)
    0x10026914   0x00000080   Data   RO         2105    .constdata          SY03_CRYPT.lib(prime.o)
    0x10026994   0x00000474   Data   RO         2135    .constdata          SY03_CRYPT.lib(elliptic-ffp.o)
    0x10026e08   0x0000017c   Data   RO         2168    .constdata          SY03_CRYPT.lib(hardecc.o)
    0x10026f84   0x00000028   Data   RO         2225    .constdata          c_p.l(_printf_hex_int_ll_ptr.o)
    0x10026fac   0x00000011   Data   RO         2245    .constdata          c_p.l(__printf_flags_ss_wp.o)
    0x10026fbd   0x00000080   Data   RO         2282    .constdata          fz_ps.l(ddiv.o)
    0x1002703d   0x00000003   PAD
    0x10027040   0x00000008   Data   RO         2316    .constdata          c_p.l(_printf_wctomb.o)
    0x10027048   0x00000094   Data   RO         2391    .constdata          c_p.l(bigflt0.o)
    0x100270dc   0x00000020   Data   RO         2534    Region$$Table       anon$$obj.o
    0x100270fc   0x0000001c   Data   RO         2395    locale$$data        c_p.l(lc_numeric_c.o)
    0x10027118   0x00000110   Data   RO         2422    locale$$data        c_p.l(lc_ctype_c.o)


    Execution Region DATA_UNINIT (Base: 0x20000030, Size: 0x00000034, Max: 0x00000040, ABSOLUTE, UNINIT)

    Base Addr    Size         Type   Attr      Idx    E Section Name        Object

    0x20000030   0x00000034   Zero   RW         1303    NO_INIT             SY03_RomFunc.lib(romfunc.o)


    Execution Region DATA (Base: 0x20000070, Size: 0x00002240, Max: 0x00002790, ABSOLUTE)

    Base Addr    Size         Type   Attr      Idx    E Section Name        Object

    0x20000070   0x00000004   Data   RW           28    .data               system_sy03.o
    0x20000074   0x00000008   Data   RW          423    .data               retarget.o
    0x2000007c   0x00000004   Data   RW          472    .data               scm.o
    0x20000080   0x00000001   Data   RW          490    .data               serial.o
    0x20000081   0x00000002   Data   RW          506    .data               sqi.o
    0x20000083   0x00000001   PAD
    0x20000084   0x00000009   Data   RW          534    .data               ssi.o
    0x2000008d   0x00000003   Data   RW          575    .data               swps.o
    0x20000090   0x0000000c   Data   RW          680    .data               vpwm.o
    0x2000009c   0x00000004   Data   RW          767    .data               sflash.o
    0x200000a0   0x00000004   Data   RW          781    .data               xflash.o
    0x200000a4   0x00000010   Data   RW          807    .data               sdsi.o
    0x200000b4   0x00000001   Data   RW          823    .data               sdi.o
    0x200000b5   0x00000003   Data   RW          842    .data               bulkitem.o
    0x200000b8   0x00000010   Data   RW          857    .data               bulkusb.o
    0x200000c8   0x00000001   Data   RW          909    .data               usbbase.o
    0x200000c9   0x00000001   PAD
    0x200000ca   0x00000007   Data   RW          935    .data               usbprotocol.o
    0x200000d1   0x00000003   PAD
    0x200000d4   0x00000010   Data   RW          985    .data               command.o
    0x200000e4   0x0000000d   Data   RW         1005    .data               sdmemacc.o
    0x200000f1   0x00000003   PAD
    0x200000f4   0x00000038   Data   RW         1051    .data               sd_systemapp.o
    0x2000012c   0x00000006   Data   RW         1242    .data               ff.o
    0x20000132   0x00000001   Data   RW         1513    .data               SY03_CRYPT.lib(algbase.o)
    0x20000133   0x00000001   PAD
    0x20000134   0x00000030   Data   RW         1671    .data               SY03_CRYPT.lib(nn.o)
    0x20000164   0x00000006   Data   RW         1780    .data               SY06_FwLib.lib(filesystem.o)
    0x2000016a   0x00000002   PAD
    0x2000016c   0x00000020   Zero   RW          574    .bss                swps.o
    0x2000018c   0x00000018   Zero   RW          640    .bss                uart.o
    0x200001a4   0x00000004   PAD
    0x200001a8   0x00000030   Zero   RW          822    .bss                sdi.o
    0x200001d8   0x0000000c   Zero   RW          875    .bss                ctrlitem.o
    0x200001e4   0x00000f38   Zero   RW          983    .bss                command.o
    0x2000111c   0x00001018   Zero   RW         1003    .bss                sdmemacc.o
    0x20002134   0x00000100   Zero   RW         1028    .bss                log.o
    0x20002234   0x0000001c   Zero   RW         1049    .bss                sd_systemapp.o
    0x20002250   0x00000060   Zero   RW         2415    .bss                c_p.l(libspace.o)


    Execution Region STACK (Base: 0x20002800, Size: 0x00001800, Max: 0x00001800, ABSOLUTE, UNINIT)

    Base Addr    Size         Type   Attr      Idx    E Section Name        Object

    0x20002800   0x00000000   Data   RW         2536    linker$$defined$$symbols  anon$$obj.o
    0x20002800   0x00001800   Zero   RW            1    STACK.bss           anon$$obj.o


    Execution Region HEAP_TOP (Base: 0x20002800, Size: 0x00000000, Max: 0x00000000, ABSOLUTE, UNINIT)

    Base Addr    Size         Type   Attr      Idx    E Section Name        Object

    0x20002800   0x00000000   Zero   RW           21    HEAP_TOP            startup_sy03.o


    Execution Region HEAP (Base: 0x20002800, Size: 0x00000000, Max: 0x00000000, ABSOLUTE, UNINIT)

    Base Addr    Size         Type   Attr      Idx    E Section Name        Object

    0x20002800   0x00000000   Data   RW         2537    linker$$defined$$symbols  anon$$obj.o
    0x20002800   0x00000000   Zero   RW            2    HEAP.bss            anon$$obj.o


    Execution Region HEAP_BOTTOM (Base: 0x20002800, Size: 0x00000000, Max: 0x00000000, ABSOLUTE, UNINIT)

    Base Addr    Size         Type   Attr      Idx    E Section Name        Object

    0x20002800   0x00000000   Zero   RW           20    HEAP_BOTTOM         startup_sy03.o


    Execution Region STACK_TOP (Base: 0x20004000, Size: 0x00000000, Max: 0x00000000, ABSOLUTE, UNINIT)

    Base Addr    Size         Type   Attr      Idx    E Section Name        Object

    0x20004000   0x00000000   Zero   RW           19    STACK_TOP           startup_sy03.o



  Load Region LR$$.ARM.__AT_0x20008C00 (Base: 0x20008c00, Size: 0x00000000, Max: 0x00000100, ABSOLUTE)

    Execution Region ER$$.ARM.__AT_0x20008C00 (Base: 0x20008c00, Size: 0x00000100, Max: 0x00000100, ABSOLUTE, UNINIT)

    Base Addr    Size         Type   Attr      Idx    E Section Name        Object

    0x20008c00   0x00000100   Zero   RW          297    .ARM.__AT_0x20008C00  sy03_regs.o



  Load Region LR$$.ARM.__AT_0x40000000 (Base: 0x40000000, Size: 0x00000000, Max: 0x00000060, ABSOLUTE)

    Execution Region ER$$.ARM.__AT_0x40000000 (Base: 0x40000000, Size: 0x00000060, Max: 0x00000060, ABSOLUTE, UNINIT)

    Base Addr    Size         Type   Attr      Idx    E Section Name        Object

    0x40000000   0x00000060   Zero   RW          298    .ARM.__AT_0x40000000  sy03_regs.o



  Load Region LR$$.ARM.__AT_0x40004000 (Base: 0x40004000, Size: 0x00000000, Max: 0x000000f0, ABSOLUTE)

    Execution Region ER$$.ARM.__AT_0x40004000 (Base: 0x40004000, Size: 0x000000f0, Max: 0x000000f0, ABSOLUTE, UNINIT)

    Base Addr    Size         Type   Attr      Idx    E Section Name        Object

    0x40004000   0x000000f0   Zero   RW          299    .ARM.__AT_0x40004000  sy03_regs.o



  Load Region LR$$.ARM.__AT_0x40008000 (Base: 0x40008000, Size: 0x00000000, Max: 0x0000000c, ABSOLUTE)

    Execution Region ER$$.ARM.__AT_0x40008000 (Base: 0x40008000, Size: 0x0000000c, Max: 0x0000000c, ABSOLUTE, UNINIT)

    Base Addr    Size         Type   Attr      Idx    E Section Name        Object

    0x40008000   0x0000000c   Zero   RW          300    .ARM.__AT_0x40008000  sy03_regs.o



  Load Region LR$$.ARM.__AT_0x40014000 (Base: 0x40014000, Size: 0x00000000, Max: 0x00000028, ABSOLUTE)

    Execution Region ER$$.ARM.__AT_0x40014000 (Base: 0x40014000, Size: 0x00000028, Max: 0x00000028, ABSOLUTE, UNINIT)

    Base Addr    Size         Type   Attr      Idx    E Section Name        Object

    0x40014000   0x00000028   Zero   RW          301    .ARM.__AT_0x40014000  sy03_regs.o



  Load Region LR$$.ARM.__AT_0x40018000 (Base: 0x40018000, Size: 0x00000000, Max: 0x0000002c, ABSOLUTE)

    Execution Region ER$$.ARM.__AT_0x40018000 (Base: 0x40018000, Size: 0x0000002c, Max: 0x0000002c, ABSOLUTE, UNINIT)

    Base Addr    Size         Type   Attr      Idx    E Section Name        Object

    0x40018000   0x0000002c   Zero   RW          302    .ARM.__AT_0x40018000  sy03_regs.o



  Load Region LR$$.ARM.__AT_0x40020000 (Base: 0x40020000, Size: 0x00000000, Max: 0x0000000c, ABSOLUTE)

    Execution Region ER$$.ARM.__AT_0x40020000 (Base: 0x40020000, Size: 0x0000000c, Max: 0x0000000c, ABSOLUTE, UNINIT)

    Base Addr    Size         Type   Attr      Idx    E Section Name        Object

    0x40020000   0x0000000c   Zero   RW          303    .ARM.__AT_0x40020000  sy03_regs.o



  Load Region LR$$.ARM.__AT_0x40024000 (Base: 0x40024000, Size: 0x00000000, Max: 0x0000000c, ABSOLUTE)

    Execution Region ER$$.ARM.__AT_0x40024000 (Base: 0x40024000, Size: 0x0000000c, Max: 0x0000000c, ABSOLUTE, UNINIT)

    Base Addr    Size         Type   Attr      Idx    E Section Name        Object

    0x40024000   0x0000000c   Zero   RW          304    .ARM.__AT_0x40024000  sy03_regs.o



  Load Region LR$$.ARM.__AT_0x40028000 (Base: 0x40028000, Size: 0x00000000, Max: 0x00000100, ABSOLUTE)

    Execution Region ER$$.ARM.__AT_0x40028000 (Base: 0x40028000, Size: 0x00000100, Max: 0x00000100, ABSOLUTE, UNINIT)

    Base Addr    Size         Type   Attr      Idx    E Section Name        Object

    0x40028000   0x00000100   Zero   RW          305    .ARM.__AT_0x40028000  sy03_regs.o



  Load Region LR$$.ARM.__AT_0x4002C000 (Base: 0x4002c000, Size: 0x00000000, Max: 0x00000028, ABSOLUTE)

    Execution Region ER$$.ARM.__AT_0x4002C000 (Base: 0x4002c000, Size: 0x00000028, Max: 0x00000028, ABSOLUTE, UNINIT)

    Base Addr    Size         Type   Attr      Idx    E Section Name        Object

    0x4002c000   0x00000028   Zero   RW          306    .ARM.__AT_0x4002C000  sy03_regs.o



  Load Region LR$$.ARM.__AT_0x40030000 (Base: 0x40030000, Size: 0x00000000, Max: 0x00000028, ABSOLUTE)

    Execution Region ER$$.ARM.__AT_0x40030000 (Base: 0x40030000, Size: 0x00000028, Max: 0x00000028, ABSOLUTE, UNINIT)

    Base Addr    Size         Type   Attr      Idx    E Section Name        Object

    0x40030000   0x00000028   Zero   RW          307    .ARM.__AT_0x40030000  sy03_regs.o



  Load Region LR$$.ARM.__AT_0x40034000 (Base: 0x40034000, Size: 0x00000000, Max: 0x0000002c, ABSOLUTE)

    Execution Region ER$$.ARM.__AT_0x40034000 (Base: 0x40034000, Size: 0x0000002c, Max: 0x0000002c, ABSOLUTE, UNINIT)

    Base Addr    Size         Type   Attr      Idx    E Section Name        Object

    0x40034000   0x0000002c   Zero   RW          308    .ARM.__AT_0x40034000  sy03_regs.o



  Load Region LR$$.ARM.__AT_0x40038000 (Base: 0x40038000, Size: 0x00000000, Max: 0x0000002c, ABSOLUTE)

    Execution Region ER$$.ARM.__AT_0x40038000 (Base: 0x40038000, Size: 0x0000002c, Max: 0x0000002c, ABSOLUTE, UNINIT)

    Base Addr    Size         Type   Attr      Idx    E Section Name        Object

    0x40038000   0x0000002c   Zero   RW          309    .ARM.__AT_0x40038000  sy03_regs.o



  Load Region LR$$.ARM.__AT_0x4003C000 (Base: 0x4003c000, Size: 0x00000000, Max: 0x00000044, ABSOLUTE)

    Execution Region ER$$.ARM.__AT_0x4003C000 (Base: 0x4003c000, Size: 0x00000044, Max: 0x00000044, ABSOLUTE, UNINIT)

    Base Addr    Size         Type   Attr      Idx    E Section Name        Object

    0x4003c000   0x00000044   Zero   RW          310    .ARM.__AT_0x4003C000  sy03_regs.o



  Load Region LR$$.ARM.__AT_0x40040000 (Base: 0x40040000, Size: 0x00000000, Max: 0x00000088, ABSOLUTE)

    Execution Region ER$$.ARM.__AT_0x40040000 (Base: 0x40040000, Size: 0x00000088, Max: 0x00000088, ABSOLUTE, UNINIT)

    Base Addr    Size         Type   Attr      Idx    E Section Name        Object

    0x40040000   0x00000088   Zero   RW          311    .ARM.__AT_0x40040000  sy03_regs.o



  Load Region LR$$.ARM.__AT_0x40044000 (Base: 0x40044000, Size: 0x00000000, Max: 0x00000008, ABSOLUTE)

    Execution Region ER$$.ARM.__AT_0x40044000 (Base: 0x40044000, Size: 0x00000008, Max: 0x00000008, ABSOLUTE, UNINIT)

    Base Addr    Size         Type   Attr      Idx    E Section Name        Object

    0x40044000   0x00000008   Zero   RW          312    .ARM.__AT_0x40044000  sy03_regs.o



  Load Region LR$$.ARM.__AT_0x40048000 (Base: 0x40048000, Size: 0x00000000, Max: 0x00000018, ABSOLUTE)

    Execution Region ER$$.ARM.__AT_0x40048000 (Base: 0x40048000, Size: 0x00000018, Max: 0x00000018, ABSOLUTE, UNINIT)

    Base Addr    Size         Type   Attr      Idx    E Section Name        Object

    0x40048000   0x00000018   Zero   RW          313    .ARM.__AT_0x40048000  sy03_regs.o



  Load Region LR$$.ARM.__AT_0x40050000 (Base: 0x40050000, Size: 0x00000000, Max: 0x00000010, ABSOLUTE)

    Execution Region ER$$.ARM.__AT_0x40050000 (Base: 0x40050000, Size: 0x00000010, Max: 0x00000010, ABSOLUTE, UNINIT)

    Base Addr    Size         Type   Attr      Idx    E Section Name        Object

    0x40050000   0x00000010   Zero   RW          314    .ARM.__AT_0x40050000  sy03_regs.o



  Load Region LR$$.ARM.__AT_0x40054000 (Base: 0x40054000, Size: 0x00000000, Max: 0x00000034, ABSOLUTE)

    Execution Region ER$$.ARM.__AT_0x40054000 (Base: 0x40054000, Size: 0x00000034, Max: 0x00000034, ABSOLUTE, UNINIT)

    Base Addr    Size         Type   Attr      Idx    E Section Name        Object

    0x40054000   0x00000034   Zero   RW          315    .ARM.__AT_0x40054000  sy03_regs.o



  Load Region LR$$.ARM.__AT_0x40058000 (Base: 0x40058000, Size: 0x00000000, Max: 0x00000028, ABSOLUTE)

    Execution Region ER$$.ARM.__AT_0x40058000 (Base: 0x40058000, Size: 0x00000028, Max: 0x00000028, ABSOLUTE, UNINIT)

    Base Addr    Size         Type   Attr      Idx    E Section Name        Object

    0x40058000   0x00000028   Zero   RW          316    .ARM.__AT_0x40058000  sy03_regs.o



  Load Region LR$$.ARM.__AT_0x4005C000 (Base: 0x4005c000, Size: 0x00000000, Max: 0x00000010, ABSOLUTE)

    Execution Region ER$$.ARM.__AT_0x4005C000 (Base: 0x4005c000, Size: 0x00000010, Max: 0x00000010, ABSOLUTE, UNINIT)

    Base Addr    Size         Type   Attr      Idx    E Section Name        Object

    0x4005c000   0x00000010   Zero   RW          317    .ARM.__AT_0x4005C000  sy03_regs.o



  Load Region LR$$.ARM.__AT_0x40060000 (Base: 0x40060000, Size: 0x00000000, Max: 0x00000008, ABSOLUTE)

    Execution Region ER$$.ARM.__AT_0x40060000 (Base: 0x40060000, Size: 0x00000008, Max: 0x00000008, ABSOLUTE, UNINIT)

    Base Addr    Size         Type   Attr      Idx    E Section Name        Object

    0x40060000   0x00000008   Zero   RW          318    .ARM.__AT_0x40060000  sy03_regs.o



  Load Region LR$$.ARM.__AT_0x4006C000 (Base: 0x4006c000, Size: 0x00000000, Max: 0x00000028, ABSOLUTE)

    Execution Region ER$$.ARM.__AT_0x4006C000 (Base: 0x4006c000, Size: 0x00000028, Max: 0x00000028, ABSOLUTE, UNINIT)

    Base Addr    Size         Type   Attr      Idx    E Section Name        Object

    0x4006c000   0x00000028   Zero   RW          319    .ARM.__AT_0x4006C000  sy03_regs.o



  Load Region LR$$.ARM.__AT_0x50000000 (Base: 0x50000000, Size: 0x00000000, Max: 0x0000028c, ABSOLUTE)

    Execution Region ER$$.ARM.__AT_0x50000000 (Base: 0x50000000, Size: 0x0000028c, Max: 0x0000028c, ABSOLUTE, UNINIT)

    Base Addr    Size         Type   Attr      Idx    E Section Name        Object

    0x50000000   0x0000028c   Zero   RW          320    .ARM.__AT_0x50000000  sy03_regs.o



  Load Region LR$$.ARM.__AT_0x50010000 (Base: 0x50010000, Size: 0x00000000, Max: 0x00000034, ABSOLUTE)

    Execution Region ER$$.ARM.__AT_0x50010000 (Base: 0x50010000, Size: 0x00000034, Max: 0x00000034, ABSOLUTE, UNINIT)

    Base Addr    Size         Type   Attr      Idx    E Section Name        Object

    0x50010000   0x00000034   Zero   RW          321    .ARM.__AT_0x50010000  sy03_regs.o



  Load Region LR$$.ARM.__AT_0x50020000 (Base: 0x50020000, Size: 0x00000000, Max: 0x00000038, ABSOLUTE)

    Execution Region ER$$.ARM.__AT_0x50020000 (Base: 0x50020000, Size: 0x00000038, Max: 0x00000038, ABSOLUTE, UNINIT)

    Base Addr    Size         Type   Attr      Idx    E Section Name        Object

    0x50020000   0x00000038   Zero   RW          322    .ARM.__AT_0x50020000  sy03_regs.o


==============================================================================

Image component sizes


      Code (inc. data)   RO Data    RW Data    ZI Data      Debug   Object Name

      1720        220         42          3          0       6856   bulkitem.o
       276         20          0         16          0       2894   bulkusb.o
     46832       7668       1804         16       3896      62537   command.o
       452         78         13          0          0       2105   commandex.o
         0          0          0          0          0       4216   core_cm0.o
      1212         44        134          0         12       4820   ctrlitem.o
       104          8         52          0          0        998   ctrlusb.o
       540         96          0          0          0       4631   diskio.o
      1284         90          0          0          0      12363   efc.o
      8752        130          0          6          0      28171   ff.o
       172         48          0          0        256       1950   log.o
       328        196          0          0          0      10673   main.o
        58          0          0          8          0       2788   retarget.o
        48          0          0          0          0        595   sci.o
      1120        112          0          4          0       7593   scm.o
      2884        560         81         56         28       9394   sd_systemapp.o
      4940        104          0          1         48      16413   sdi.o
      1768        302       1559         13       4120       3505   sdmemacc.o
      2864        154          0         16          0       3380   sdsi.o
       216         26          0          1          0       1114   serial.o
      1060         26          0          4          0       4790   sflash.o
        80         16          0          0          0       1604   spi.o
      1580        122          0          2          0       7716   sqi.o
       964         32          0          9          0       6420   ssi.o
        88         38        256          0          0        592   startup_sy03.o
         0          0          0          0          0        253   swpm.o
      1084         48          0          3         32       2920   swps.o
         0          0          0          0       2304      42403   sy03_regs.o
        60         12          0          4          0      36208   system_sy03.o
       296         12          0          0          0       1865   trng.o
      1664         42          0          0         24       4215   uart.o
      2828         84          0          1          0       8106   usbbase.o
       388         28          0          7          0       1340   usbprotocol.o
       752         26          0         12          0       5539   vpwm.o
      1096          8          0          4          0       5173   xflash.o

    ----------------------------------------------------------------------
     87512      10350       3973        194      16868     316140   Object Totals
         0          0         32          0       6144          0   (incl. Generated)
         2          0          0          8          4          0   (incl. Padding)

    ----------------------------------------------------------------------

      Code (inc. data)   RO Data    RW Data    ZI Data      Debug   Library Member Name

      1504         48       4136          0          0       4316   aes.o
       168         24          0          1          0       1916   algbase.o
       342          0          0          0          0       2335   bigdigits.o
       984         14       1140          0          0       5664   elliptic-ffp.o
      3036         92        380          0          0       6877   hardecc.o
      4416        130          0         48          0      18314   nn.o
       756         10        128          0          0       3018   prime.o
      1262          0          0          0          0       3097   r_keygen.o
        22          0          0          0          0        890   r_random.o
      5422         44          0          0          0       5165   sha-1.o
     12024        294         64          0          0       5041   sha-256.o
      1620         12         16          0          0       4943   sm1.o
      8454          0          0          0          0      19243   sm2.o
       652          6          0          0          0       5068   sm3.o
      2100         14        400          0          0      11368   sms4.o
      1128         18        192          0          0       3464   ssf33.o
      1438          0          0          0          0       4535   ssf33alg.o
      3600          6          0          0          0       8276   syrsa.o
       532         86          0          0         52       6454   romfunc.o
      3944        146          0          6          0      21809   filesystem.o
        28          6          0          0          0         84   __2printf.o
         8          0          0          0          0         68   __main.o
       392          4         17          0          0         76   __printf_flags_ss_wp.o
        14          0          0          0          0         60   __printf_wp.o
        60          8          0          0          0          0   __scatter.o
        26          0          0          0          0          0   __scatter_copy.o
        28          0          0          0          0          0   __scatter_zi.o
        10          0          0          0          0          0   _printf_a.o
        10          0          0          0          0          0   _printf_c.o
        46          0          0          0          0        100   _printf_char.o
        48          6          0          0          0         88   _printf_char_common.o
        40          6          0          0          0         72   _printf_char_file.o
        40          0          0          0          0         60   _printf_charcount.o
        10          0          0          0          0          0   _printf_d.o
       108         18          0          0          0         76   _printf_dec.o
        10          0          0          0          0          0   _printf_e.o
        10          0          0          0          0          0   _printf_f.o
      1044         12          0          0          0        176   _printf_fp_dec.o
       136         16          0          0          0         76   _printf_fp_infnan.o
        10          0          0          0          0          0   _printf_g.o
       152          4         40          0          0        148   _printf_hex_int_ll_ptr.o
        10          0          0          0          0          0   _printf_i.o
       176          0          0          0          0         84   _printf_intcommon.o
        10          0          0          0          0          0   _printf_l.o
        10          0          0          0          0          0   _printf_lc.o
        10          0          0          0          0          0   _printf_ll.o
        10          0          0          0          0          0   _printf_lld.o
        10          0          0          0          0          0   _printf_lli.o
        10          0          0          0          0          0   _printf_llo.o
        10          0          0          0          0          0   _printf_llu.o
        10          0          0          0          0          0   _printf_llx.o
       112         18          0          0          0         76   _printf_longlong_dec.o
        10          0          0          0          0          0   _printf_ls.o
        10          0          0          0          0          0   _printf_n.o
        10          0          0          0          0          0   _printf_o.o
       112         10          0          0          0        112   _printf_oct_int_ll.o
        10          0          0          0          0          0   _printf_p.o
        78          0          0          0          0        100   _printf_pad.o
         2          0          0          0          0          0   _printf_percent.o
         4          0          0          0          0          0   _printf_percent_end.o
        10          0          0          0          0          0   _printf_s.o
        82          0          0          0          0         72   _printf_str.o
        36          0          0          0          0         76   _printf_truncate.o
        10          0          0          0          0          0   _printf_u.o
        46          0          0          0          0        100   _printf_wchar.o
       188          6          8          0          0         80   _printf_wctomb.o
        10          0          0          0          0          0   _printf_x.o
        16          0          0          0          0         60   _snputc.o
        10          0          0          0          0         60   _sputc.o
        68          0          0          0          0         72   _wcrtomb.o
        18          0          0          0          0         68   aeabi_memset.o
       346          0          0          0          0         92   aeabi_sdiv.o
       204          4        148          0          0         80   bigflt0.o
      1192         12          0          0          0        240   btod.o
        52          4          0          0          0         72   c89vsnprintf.o
        12          0          0          0          0         64   exit.o
         6          0          0          0          0        136   heapauxi.o
        44         10        272          0          0         76   lc_ctype_c.o
        44         10         28          0          0         76   lc_numeric_c.o
         6          0          0          0          0          0   libinit.o
        30          0          0          0          0          0   libinit2.o
         2          0          0          0          0          0   libshutdown.o
         2          0          0          0          0          0   libshutdown2.o
         8          4          0          0         96         68   libspace.o
        32          0          0          0          0         68   llshl.o
       122          0          0          0          0         72   lludiv10.o
        34          0          0          0          0         68   llushr.o
        90          0          0          0          0         68   memcmp.o
        16          4          0          0          0         76   rt_ctype_table.o
         8          4          0          0          0         68   rt_locale_intlibspace.o
        64          0          0          0          0        108   rt_memclr.o
       186          0          0          0          0        144   rt_memcpy.o
         0          0          0          0          0          0   rtentry.o
        12          0          0          0          0          0   rtentry2.o
         6          0          0          0          0          0   rtentry4.o
         2          0          0          0          0          0   rtexit.o
        10          0          0          0          0          0   rtexit2.o
        40          0          0          0          0         60   rtudiv10.o
        24          0          0          0          0         60   strcat.o
       136          4          0          0          0         72   strcmp.o
        76          6          0          0          0         72   strcpy.o
        68          6          0          0          0         72   strlen.o
        62          0          0          0          0         80   sys_stackheap_outer.o
        34          0          0          0          0         60   uread4.o
         2          0          0          0          0         68   use_no_semi.o
        16          0          0          0          0         60   uwrite4.o
      1080         30        128          0          0        108   ddiv.o
        72         10          0          0          0         68   dfixui.o
        86          0          0          0          0         92   dflti.o
       656         22          0          0          0         84   dmul.o
        16          4          0          0          0         76   printf1.o
         0          0          0          0          0          0   usenofp.o
        44          6          0          0          0         60   fpclassify.o

    ----------------------------------------------------------------------
     61708       1198       7103         58        148     146505   Library Totals
        24          0          6          3          0          0   (incl. Padding)

    ----------------------------------------------------------------------

      Code (inc. data)   RO Data    RW Data    ZI Data      Debug   Library Name

     48928        712       6456         49          0     113530   SY03_CRYPT.lib
       532         86          0          0         52       6454   SY03_RomFunc.lib
      3944        146          0          6          0      21809   SY06_FwLib.lib
      6326        182        513          0         96       4224   c_p.l
      1910         66        128          0          0        428   fz_ps.l
        44          6          0          0          0         60   m_ps.l

    ----------------------------------------------------------------------
     61708       1198       7103         58        148     146505   Library Totals

    ----------------------------------------------------------------------

==============================================================================


      Code (inc. data)   RO Data    RW Data    ZI Data      Debug   

    149220      11548      11076        252      17016     456397   Grand Totals
    149220      11548      11076        252      17016     456397   ELF Image Totals
    149220      11548      11076        252          0          0   ROM Totals

==============================================================================

    Total RO  Size (Code + RO Data)               160296 ( 156.54kB)
    Total RW  Size (RW Data + ZI Data)             17268 (  16.86kB)
    Total ROM Size (Code + RO Data + RW Data)     160548 ( 156.79kB)

==============================================================================

